Archive member included to satisfy reference by file (symbol)

c:/ac6/systemworkbench/plugins/fr.ac6.mcu.externaltools.arm-none.win32_1.17.0.201812190825/tools/compiler/bin/../lib/gcc/arm-none-eabi/7.3.1/thumb/v7e-m/fpv4-sp/hard\libgcc.a(_arm_addsubdf3.o)
                              Application\AppUMRR\src\app_umrr_task.o (__aeabi_dsub)
c:/ac6/systemworkbench/plugins/fr.ac6.mcu.externaltools.arm-none.win32_1.17.0.201812190825/tools/compiler/bin/../lib/gcc/arm-none-eabi/7.3.1/thumb/v7e-m/fpv4-sp/hard\libgcc.a(_arm_muldivdf3.o)
                              Application\AppUMRR\src\app_umrr_task.o (__aeabi_dmul)
c:/ac6/systemworkbench/plugins/fr.ac6.mcu.externaltools.arm-none.win32_1.17.0.201812190825/tools/compiler/bin/../lib/gcc/arm-none-eabi/7.3.1/thumb/v7e-m/fpv4-sp/hard\libgcc.a(_arm_fixdfsi.o)
                              Application\AppUMRR\src\app_umrr_task.o (__aeabi_d2iz)
c:/ac6/systemworkbench/plugins/fr.ac6.mcu.externaltools.arm-none.win32_1.17.0.201812190825/tools/compiler/bin/../lib/gcc/arm-none-eabi/7.3.1/thumb/v7e-m/fpv4-sp/hard\libgcc.a(_arm_fixunsdfsi.o)
                              Application\Main\Src\main.o (__aeabi_d2uiz)
c:/ac6/systemworkbench/plugins/fr.ac6.mcu.externaltools.arm-none.win32_1.17.0.201812190825/tools/compiler/bin/../lib/gcc/arm-none-eabi/7.3.1/thumb/v7e-m/fpv4-sp/hard\libgcc.a(_aeabi_ldivmod.o)
                              STM32L4-Lib\Drivers\STM32L4xx_HAL_Driver\Src\stm32l4xx_ll_lpuart.o (__aeabi_ldivmod)
c:/ac6/systemworkbench/plugins/fr.ac6.mcu.externaltools.arm-none.win32_1.17.0.201812190825/tools/compiler/bin/../lib/gcc/arm-none-eabi/7.3.1/thumb/v7e-m/fpv4-sp/hard\libgcc.a(_aeabi_uldivmod.o)
                              STM32L4-Lib\Drivers\STM32L4xx_HAL_Driver\Src\stm32l4xx_ll_lpuart.o (__aeabi_uldivmod)
c:/ac6/systemworkbench/plugins/fr.ac6.mcu.externaltools.arm-none.win32_1.17.0.201812190825/tools/compiler/bin/../lib/gcc/arm-none-eabi/7.3.1/thumb/v7e-m/fpv4-sp/hard\libgcc.a(_udivmoddi4.o)
                              c:/ac6/systemworkbench/plugins/fr.ac6.mcu.externaltools.arm-none.win32_1.17.0.201812190825/tools/compiler/bin/../lib/gcc/arm-none-eabi/7.3.1/thumb/v7e-m/fpv4-sp/hard\libgcc.a(_aeabi_ldivmod.o) (__udivmoddi4)
c:/ac6/systemworkbench/plugins/fr.ac6.mcu.externaltools.arm-none.win32_1.17.0.201812190825/tools/compiler/bin/../lib/gcc/arm-none-eabi/7.3.1/thumb/v7e-m/fpv4-sp/hard\libgcc.a(_dvmd_tls.o)
                              c:/ac6/systemworkbench/plugins/fr.ac6.mcu.externaltools.arm-none.win32_1.17.0.201812190825/tools/compiler/bin/../lib/gcc/arm-none-eabi/7.3.1/thumb/v7e-m/fpv4-sp/hard\libgcc.a(_aeabi_ldivmod.o) (__aeabi_ldiv0)
c:/ac6/systemworkbench/plugins/fr.ac6.mcu.externaltools.arm-none.win32_1.17.0.201812190825/tools/compiler/bin/../lib/gcc/arm-none-eabi/7.3.1/../../../../arm-none-eabi/lib/thumb/v7e-m/fpv4-sp/hard\libc.a(lib_a-atoi.o)
                              Middlewares\Third_Party\GPS\src\gps.o (atoi)
c:/ac6/systemworkbench/plugins/fr.ac6.mcu.externaltools.arm-none.win32_1.17.0.201812190825/tools/compiler/bin/../lib/gcc/arm-none-eabi/7.3.1/../../../../arm-none-eabi/lib/thumb/v7e-m/fpv4-sp/hard\libc.a(lib_a-exit.o)
                              c:/ac6/systemworkbench/plugins/fr.ac6.mcu.externaltools.arm-none.win32_1.17.0.201812190825/tools/compiler/bin/../lib/gcc/arm-none-eabi/7.3.1/../../../../arm-none-eabi/lib/thumb/v7e-m/fpv4-sp/hard/crt0.o (exit)
c:/ac6/systemworkbench/plugins/fr.ac6.mcu.externaltools.arm-none.win32_1.17.0.201812190825/tools/compiler/bin/../lib/gcc/arm-none-eabi/7.3.1/../../../../arm-none-eabi/lib/thumb/v7e-m/fpv4-sp/hard\libc.a(lib_a-impure.o)
                              c:/ac6/systemworkbench/plugins/fr.ac6.mcu.externaltools.arm-none.win32_1.17.0.201812190825/tools/compiler/bin/../lib/gcc/arm-none-eabi/7.3.1/../../../../arm-none-eabi/lib/thumb/v7e-m/fpv4-sp/hard\libc.a(lib_a-exit.o) (_global_impure_ptr)
c:/ac6/systemworkbench/plugins/fr.ac6.mcu.externaltools.arm-none.win32_1.17.0.201812190825/tools/compiler/bin/../lib/gcc/arm-none-eabi/7.3.1/../../../../arm-none-eabi/lib/thumb/v7e-m/fpv4-sp/hard\libc.a(lib_a-init.o)
                              c:/ac6/systemworkbench/plugins/fr.ac6.mcu.externaltools.arm-none.win32_1.17.0.201812190825/tools/compiler/bin/../lib/gcc/arm-none-eabi/7.3.1/../../../../arm-none-eabi/lib/thumb/v7e-m/fpv4-sp/hard/crt0.o (__libc_init_array)
c:/ac6/systemworkbench/plugins/fr.ac6.mcu.externaltools.arm-none.win32_1.17.0.201812190825/tools/compiler/bin/../lib/gcc/arm-none-eabi/7.3.1/../../../../arm-none-eabi/lib/thumb/v7e-m/fpv4-sp/hard\libc.a(lib_a-memcmp.o)
                              Middlewares\Third_Party\GPS\src\gps.o (memcmp)
c:/ac6/systemworkbench/plugins/fr.ac6.mcu.externaltools.arm-none.win32_1.17.0.201812190825/tools/compiler/bin/../lib/gcc/arm-none-eabi/7.3.1/../../../../arm-none-eabi/lib/thumb/v7e-m/fpv4-sp/hard\libc.a(lib_a-memcpy.o)
                              Application\AppOBD2\src\app_obd2_task.o (memcpy)
[...]
Memory Configuration

Name             Origin             Length             Attributes
FLASH            0x08000000         0x00100000         xr
RAM              0x20000000         0x00018000         xrw
SRAM2            0x10000000         0x00008000         xrw
*default*        0x00000000         0xffffffff

Linker script and memory map

LOAD c:/ac6/systemworkbench/plugins/fr.ac6.mcu.externaltools.arm-none.win32_1.17.0.201812190825/tools/compiler/bin/../lib/gcc/arm-none-eabi/7.3.1/thumb/v7e-m/fpv4-sp/hard/crti.o
LOAD c:/ac6/systemworkbench/plugins/fr.ac6.mcu.externaltools.arm-none.win32_1.17.0.201812190825/tools/compiler/bin/../lib/gcc/arm-none-eabi/7.3.1/thumb/v7e-m/fpv4-sp/hard/crtbegin.o
LOAD c:/ac6/systemworkbench/plugins/fr.ac6.mcu.externaltools.arm-none.win32_1.17.0.201812190825/tools/compiler/bin/../lib/gcc/arm-none-eabi/7.3.1/../../../../arm-none-eabi/lib/thumb/v7e-m/fpv4-sp/hard/crt0.o
LOAD c:/ac6/systemworkbench/plugins/fr.ac6.mcu.externaltools.arm-none.win32_1.17.0.201812190825/tools/compiler/bin/../lib/gcc/arm-none-eabi/7.3.1/../../../../arm-none-eabi/lib/thumb/v7e-m/fpv4-sp/hard\libm.a
LOAD Application\AppBuzzer\src\app_buzzer_task.o
LOAD Application\AppDIO\src\app_dio_task.o
LOAD Application\AppFuel\src\app_fuel_task.o
LOAD Application\AppOBD2\src\app_obd2_task.o
LOAD Application\AppPM\src\app_pm_task.o
LOAD Application\AppRFID\src\app_rfid_task.o
LOAD Application\AppSDCard\src\app_sdcard_task.o
LOAD Application\AppTimeBase\src\app_tmbase_task.o
LOAD Application\AppTranstack\src\app_trns-callback.o
LOAD Application\AppTranstack\src\app_trns-task.o
LOAD Application\AppTranstack\src\app_trns-transceiver.o
LOAD Application\AppUMRR\src\app_umrr_task.o
LOAD Application\BSP\src\transcode_bsp.o
LOAD Application\Main\Src\debug_print.o
LOAD Application\Main\Src\main.o
LOAD Application\Main\Src\stm32l4xx_it.o
LOAD Application\Main\Src\system_stm32l4xx.o
LOAD Driver\ADC\src\adc.o
LOAD Driver\Camera\LS-Y201\drv-ls-y201.o
LOAD Driver\Peripheral\src\drv-can1.o
LOAD Driver\Peripheral\src\drv-spi1.o
LOAD Driver\Peripheral\src\drv-uart1.o
LOAD Driver\Peripheral\src\drv-uart2.o
LOAD Driver\Peripheral\src\drv-uart3.o
LOAD Driver\Peripheral\src\drv-uart4.o
LOAD Driver\Peripheral\src\drv-uart5.o
LOAD Driver\Service\src\service_peripheral.o
LOAD Driver\tm_stm32f4_swo\tm_stm32f4_swo.o
LOAD Middlewares\Third_Party\ACSipLoRaWan\src\acsip-lorawan-lib.o
LOAD Middlewares\Third_Party\FatFs\ff12b\src\ff.o
LOAD Middlewares\Third_Party\FatFs\mmc_32L4.o
LOAD Middlewares\Third_Party\FreeRTOS\croutine.o
LOAD Middlewares\Third_Party\FreeRTOS\event_groups.o
LOAD Middlewares\Third_Party\FreeRTOS\list.o
LOAD Middlewares\Third_Party\FreeRTOS\portable\Common\mpu_wrappers.o
LOAD Middlewares\Third_Party\FreeRTOS\portable\GCC\ARM_CM4F\port.o
LOAD Middlewares\Third_Party\FreeRTOS\portable\MemMang\heap_1.o
LOAD Middlewares\Third_Party\FreeRTOS\queue.o
LOAD Middlewares\Third_Party\FreeRTOS\tasks.o
LOAD Middlewares\Third_Party\FreeRTOS\timers.o
LOAD Middlewares\Third_Party\GPS\src\gps.o
LOAD Middlewares\Third_Party\OBD2\src\obd2-lib.o
LOAD Middlewares\Third_Party\Transtack\lib\bstack\b-mac.o
LOAD Middlewares\Third_Party\Transtack\lib\crc\crc.o
LOAD Middlewares\Third_Party\Transtack\lib\moving_avg\moving-avg.o
LOAD Middlewares\Third_Party\Transtack\lib\transtack\trns-llc.o
LOAD Middlewares\Third_Party\Transtack\lib\transtack\trns-mac.o
LOAD STM32L4-Lib\Drivers\CMSIS\Device\ST\STM32L4xx\Source\Templates\gcc\startup_stm32l476xx.o
LOAD STM32L4-Lib\Drivers\STM32L4xx_HAL_Driver\Src\stm32l4xx_ll_adc.o
LOAD STM32L4-Lib\Drivers\STM32L4xx_HAL_Driver\Src\stm32l4xx_ll_comp.o
LOAD STM32L4-Lib\Drivers\STM32L4xx_HAL_Driver\Src\stm32l4xx_ll_crc.o
LOAD STM32L4-Lib\Drivers\STM32L4xx_HAL_Driver\Src\stm32l4xx_ll_crs.o
LOAD STM32L4-Lib\Drivers\STM32L4xx_HAL_Driver\Src\stm32l4xx_ll_dac.o
LOAD STM32L4-Lib\Drivers\STM32L4xx_HAL_Driver\Src\stm32l4xx_ll_dma.o
LOAD STM32L4-Lib\Drivers\STM32L4xx_HAL_Driver\Src\stm32l4xx_ll_exti.o
LOAD STM32L4-Lib\Drivers\STM32L4xx_HAL_Driver\Src\stm32l4xx_ll_gpio.o
LOAD STM32L4-Lib\Drivers\STM32L4xx_HAL_Driver\Src\stm32l4xx_ll_i2c.o
LOAD STM32L4-Lib\Drivers\STM32L4xx_HAL_Driver\Src\stm32l4xx_ll_lptim.o
LOAD STM32L4-Lib\Drivers\STM32L4xx_HAL_Driver\Src\stm32l4xx_ll_lpuart.o
LOAD STM32L4-Lib\Drivers\STM32L4xx_HAL_Driver\Src\stm32l4xx_ll_opamp.o
LOAD STM32L4-Lib\Drivers\STM32L4xx_HAL_Driver\Src\stm32l4xx_ll_pwr.o
LOAD STM32L4-Lib\Drivers\STM32L4xx_HAL_Driver\Src\stm32l4xx_ll_rcc.o
LOAD STM32L4-Lib\Drivers\STM32L4xx_HAL_Driver\Src\stm32l4xx_ll_rng.o
LOAD STM32L4-Lib\Drivers\STM32L4xx_HAL_Driver\Src\stm32l4xx_ll_rtc.o
LOAD STM32L4-Lib\Drivers\STM32L4xx_HAL_Driver\Src\stm32l4xx_ll_sdmmc.o
LOAD STM32L4-Lib\Drivers\STM32L4xx_HAL_Driver\Src\stm32l4xx_ll_spi.o
LOAD STM32L4-Lib\Drivers\STM32L4xx_HAL_Driver\Src\stm32l4xx_ll_swpmi.o
LOAD STM32L4-Lib\Drivers\STM32L4xx_HAL_Driver\Src\stm32l4xx_ll_tim.o
LOAD STM32L4-Lib\Drivers\STM32L4xx_HAL_Driver\Src\stm32l4xx_ll_usart.o
LOAD STM32L4-Lib\Drivers\STM32L4xx_HAL_Driver\Src\stm32l4xx_ll_usb.o
LOAD STM32L4-Lib\Drivers\STM32L4xx_HAL_Driver\Src\stm32l4xx_ll_utils.o
START GROUP
LOAD c:/ac6/systemworkbench/plugins/fr.ac6.mcu.externaltools.arm-none.win32_1.17.0.201812190825/tools/compiler/bin/../lib/gcc/arm-none-eabi/7.3.1/thumb/v7e-m/fpv4-sp/hard\libgcc.a
LOAD c:/ac6/systemworkbench/plugins/fr.ac6.mcu.externaltools.arm-none.win32_1.17.0.201812190825/tools/compiler/bin/../lib/gcc/arm-none-eabi/7.3.1/../../../../arm-none-eabi/lib/thumb/v7e-m/fpv4-sp/hard\libc.a
END GROUP
START GROUP
LOAD c:/ac6/systemworkbench/plugins/fr.ac6.mcu.externaltools.arm-none.win32_1.17.0.201812190825/tools/compiler/bin/../lib/gcc/arm-none-eabi/7.3.1/thumb/v7e-m/fpv4-sp/hard\libgcc.a
LOAD c:/ac6/systemworkbench/plugins/fr.ac6.mcu.externaltools.arm-none.win32_1.17.0.201812190825/tools/compiler/bin/../lib/gcc/arm-none-eabi/7.3.1/../../../../arm-none-eabi/lib/thumb/v7e-m/fpv4-sp/hard\libc.a
LOAD c:/ac6/systemworkbench/plugins/fr.ac6.mcu.externaltools.arm-none.win32_1.17.0.201812190825/tools/compiler/bin/../lib/gcc/arm-none-eabi/7.3.1/../../../../arm-none-eabi/lib/thumb/v7e-m/fpv4-sp/hard\libnosys.a
END GROUP
LOAD c:/ac6/systemworkbench/plugins/fr.ac6.mcu.externaltools.arm-none.win32_1.17.0.201812190825/tools/compiler/bin/../lib/gcc/arm-none-eabi/7.3.1/thumb/v7e-m/fpv4-sp/hard/crtend.o
LOAD c:/ac6/systemworkbench/plugins/fr.ac6.mcu.externaltools.arm-none.win32_1.17.0.201812190825/tools/compiler/bin/../lib/gcc/arm-none-eabi/7.3.1/thumb/v7e-m/fpv4-sp/hard/crtn.o
                0x20018000                _estack = 0x20018000
                0x00000200                _Min_Heap_Size = 0x200
                0x00000400                _Min_Stack_Size = 0x400

.isr_vector     0x08000000      0x188
                0x08000000                . = ALIGN (0x8)
 *(.isr_vector)
 .isr_vector    0x08000000      0x188 STM32L4-Lib\Drivers\CMSIS\Device\ST\STM32L4xx\Source\Templates\gcc\startup_stm32l476xx.o
                0x08000000                g_pfnVectors
                0x08000188                . = ALIGN (0x8)

.text           0x080001c0     0xa718
                0x080001c0                . = ALIGN (0x8)
 *(.text)
 .text          0x080001c0       0x40 c:/ac6/systemworkbench/plugins/fr.ac6.mcu.externaltools.arm-none.win32_1.17.0.201812190825/tools/compiler/bin/../lib/gcc/arm-none-eabi/7.3.1/thumb/v7e-m/fpv4-sp/hard/crtbegin.o
 .text          0x08000200      0x378 c:/ac6/systemworkbench/plugins/fr.ac6.mcu.externaltools.arm-none.win32_1.17.0.201812190825/tools/compiler/bin/../lib/gcc/arm-none-eabi/7.3.1/thumb/v7e-m/fpv4-sp/hard\libgcc.a(_arm_addsubdf3.o)
                0x08000200                __aeabi_drsub
                0x08000208                __aeabi_dsub
                0x08000208                __subdf3
                0x0800020c                __aeabi_dadd
                0x0800020c                __adddf3
                0x08000484                __floatunsidf
                0x08000484                __aeabi_ui2d
                0x080004a4                __floatsidf
                0x080004a4                __aeabi_i2d
                0x080004c8                __aeabi_f2d
                0x080004c8                __extendsfdf2
                0x0800050c                __floatundidf
                0x0800050c                __aeabi_ul2d
                0x0800051c                __floatdidf
                0x0800051c                __aeabi_l2d
 .text          0x08000578      0x424 c:/ac6/systemworkbench/plugins/fr.ac6.mcu.externaltools.arm-none.win32_1.17.0.201812190825/tools/compiler/bin/../lib/gcc/arm-none-eabi/7.3.1/thumb/v7e-m/fpv4-sp/hard\libgcc.a(_arm_muldivdf3.o)
                0x08000578                __aeabi_dmul
                0x08000578                __muldf3
                0x080007cc                __divdf3
                0x080007cc                __aeabi_ddiv
 .text          0x0800099c       0x50 c:/ac6/systemworkbench/plugins/fr.ac6.mcu.externaltools.arm-none.win32_1.17.0.201812190825/tools/compiler/bin/../lib/gcc/arm-none-eabi/7.3.1/thumb/v7e-m/fpv4-sp/hard\libgcc.a(_arm_fixdfsi.o)
                0x0800099c                __aeabi_d2iz
                0x0800099c                __fixdfsi
 .text          0x080009ec       0x40 c:/ac6/systemworkbench/plugins/fr.ac6.mcu.externaltools.arm-none.win32_1.17.0.201812190825/tools/compiler/bin/../lib/gcc/arm-none-eabi/7.3.1/thumb/v7e-m/fpv4-sp/hard\libgcc.a(_arm_fixunsdfsi.o)
                0x080009ec                __aeabi_d2uiz
                0x080009ec                __fixunsdfsi
 .text          0x08000a2c       0x30 c:/ac6/systemworkbench/plugins/fr.ac6.mcu.externaltools.arm-none.win32_1.17.0.201812190825/tools/compiler/bin/../lib/gcc/arm-none-eabi/7.3.1/thumb/v7e-m/fpv4-sp/hard\libgcc.a(_aeabi_uldivmod.o)
                0x08000a2c                __aeabi_uldivmod
 .text          0x08000a5c      0x2cc c:/ac6/systemworkbench/plugins/fr.ac6.mcu.externaltools.arm-none.win32_1.17.0.201812190825/tools/compiler/bin/../lib/gcc/arm-none-eabi/7.3.1/thumb/v7e-m/fpv4-sp/hard\libgcc.a(_udivmoddi4.o)
                0x08000a5c                __udivmoddi4
 .text          0x08000d28        0x4 c:/ac6/systemworkbench/plugins/fr.ac6.mcu.externaltools.arm-none.win32_1.17.0.201812190825/tools/compiler/bin/../lib/gcc/arm-none-eabi/7.3.1/thumb/v7e-m/fpv4-sp/hard\libgcc.a(_dvmd_tls.o)
                0x08000d28                __aeabi_idiv0
                0x08000d28                __aeabi_ldiv0
 .text          0x08000d2c      0x134 c:/ac6/systemworkbench/plugins/fr.ac6.mcu.externaltools.arm-none.win32_1.17.0.201812190825/tools/compiler/bin/../lib/gcc/arm-none-eabi/7.3.1/../../../../arm-none-eabi/lib/thumb/v7e-m/fpv4-sp/hard\libc.a(lib_a-memcpy.o)
                0x08000d2c                memcpy
 *fill*         0x08000e60       0x20 
 .text          0x08000e80       0xdc c:/ac6/systemworkbench/plugins/fr.ac6.mcu.externaltools.arm-none.win32_1.17.0.201812190825/tools/compiler/bin/../lib/gcc/arm-none-eabi/7.3.1/../../../../arm-none-eabi/lib/thumb/v7e-m/fpv4-sp/hard\libc.a(lib_a-strlen.o)
                0x08000e80                strlen
 *fill*         0x08000f5c        0x4 
 .text          0x08000f60       0xa0 c:/ac6/systemworkbench/plugins/fr.ac6.mcu.externaltools.arm-none.win32_1.17.0.201812190825/tools/compiler/bin/../lib/gcc/arm-none-eabi/7.3.1/../../../../arm-none-eabi/lib/thumb/v7e-m/fpv4-sp/hard\libc.a(lib_a-memchr.o)
                0x08000f60                memchr
 .text          0x08001000      0x110 c:/ac6/systemworkbench/plugins/fr.ac6.mcu.externaltools.arm-none.win32_1.17.0.201812190825/tools/compiler/bin/../lib/gcc/arm-none-eabi/7.3.1/thumb/v7e-m/fpv4-sp/hard\libgcc.a(_arm_cmpdf2.o)
                0x08001000                __gtdf2
                0x08001000                __gedf2
                0x08001008                __ltdf2
                0x08001008                __ledf2
                0x08001010                __nedf2
                0x08001010                __eqdf2
                0x08001010                __cmpdf2
                0x0800108c                __aeabi_cdrcmple
                0x0800109c                __aeabi_cdcmpeq
                0x0800109c                __aeabi_cdcmple
                0x080010ac                __aeabi_dcmpeq
                0x080010c0                __aeabi_dcmplt
                0x080010d4                __aeabi_dcmple
                0x080010e8                __aeabi_dcmpge
                0x080010fc                __aeabi_dcmpgt
 .text          0x08001110       0x2c c:/ac6/systemworkbench/plugins/fr.ac6.mcu.externaltools.arm-none.win32_1.17.0.201812190825/tools/compiler/bin/../lib/gcc/arm-none-eabi/7.3.1/thumb/v7e-m/fpv4-sp/hard\libgcc.a(_arm_unorddf2.o)
                0x08001110                __unorddf2
                0x08001110                __aeabi_dcmpun
 *(.text*)
 .text.fuel_trigger_cbk
                0x0800113c       0x10 Application\AppFuel\src\app_fuel_task.o
                0x0800113c                fuel_trigger_cbk
 .text.os_tmbase_task
                0x0800114c       0x1c Application\AppTimeBase\src\app_tmbase_task.o
 .text.os_tmbase_task_create
                0x08001168       0x28 Application\AppTimeBase\src\app_tmbase_task.o
                0x08001168                os_tmbase_task_create
 .text.LL_AHB2_GRP1_EnableClock
                0x08001190       0x1c Application\BSP\src\transcode_bsp.o
 .text.SystemClock_Config
                0x080011ac       0xe4 Application\BSP\src\transcode_bsp.o
                0x080011ac                SystemClock_Config
 .text.blink_led
                0x08001290       0x18 Application\BSP\src\transcode_bsp.o
                0x08001290                blink_led
 .text.init_led
                0x080012a8       0x72 Application\BSP\src\transcode_bsp.o
                0x080012a8                init_led
 *fill*         0x0800131a        0x2 
 .text.log_format
                0x0800131c       0x78 Application\Main\Src\debug_print.o
                0x0800131c                log_format
 .text.startup.main
                0x08001394      0x194 Application\Main\Src\main.o
                0x08001394                main
 .text.sip_testing
                0x08001528       0x24 Application\Main\Src\main.o
                0x08001528                sip_testing
 .text.rf_testing
                0x0800154c       0x1c Application\Main\Src\main.o
                0x0800154c                rf_testing
 .text.osTestTask
                0x08001568      0x140 Application\Main\Src\main.o
 .text.vApplicationTickHook
                0x080016a8        0x2 Application\Main\Src\main.o
                0x080016a8                vApplicationTickHook
 .text.vApplicationMallocFailedHook
                0x080016aa       0x1c Application\Main\Src\main.o
                0x080016aa                vApplicationMallocFailedHook
 .text.vApplicationStackOverflowHook
                0x080016c6       0x1c Application\Main\Src\main.o
                0x080016c6                vApplicationStackOverflowHook
 .text.NMI_Handler
                0x080016e2        0x2 Application\Main\Src\stm32l4xx_it.o
                0x080016e2                NMI_Handler
 .text.HardFault_Handler
                0x080016e4        0xa Application\Main\Src\stm32l4xx_it.o
                0x080016e4                HardFault_Handler
 .text.MemManage_Handler
                0x080016ee        0x6 Application\Main\Src\stm32l4xx_it.o
                0x080016ee                MemManage_Handler
 .text.BusFault_Handler
                0x080016f4        0x6 Application\Main\Src\stm32l4xx_it.o
                0x080016f4                BusFault_Handler
 .text.UsageFault_Handler
                0x080016fa        0x2 Application\Main\Src\stm32l4xx_it.o
                0x080016fa                UsageFault_Handler
 .text.DebugMon_Handler
                0x080016fc        0x2 Application\Main\Src\stm32l4xx_it.o
                0x080016fc                DebugMon_Handler
 .text.DMA1_Channel7_IRQHandler
                0x080016fe        0x2 Application\Main\Src\stm32l4xx_it.o
                0x080016fe                DMA1_Channel7_IRQHandler
 .text.DMA1_Channel6_IRQHandler
                0x08001700        0x2 Application\Main\Src\stm32l4xx_it.o
                0x08001700                DMA1_Channel6_IRQHandler
 .text.USART1_IRQHandler
                0x08001702        0x4 Application\Main\Src\stm32l4xx_it.o
                0x08001702                USART1_IRQHandler
 .text.USART2_IRQHandler
                0x08001706        0x4 Application\Main\Src\stm32l4xx_it.o
                0x08001706                USART2_IRQHandler
 .text.USART3_IRQHandler
                0x0800170a        0x4 Application\Main\Src\stm32l4xx_it.o
                0x0800170a                USART3_IRQHandler
 .text.UART4_IRQHandler
                0x0800170e        0x4 Application\Main\Src\stm32l4xx_it.o
                0x0800170e                UART4_IRQHandler
 .text.UART5_IRQHandler
                0x08001712        0x4 Application\Main\Src\stm32l4xx_it.o
                0x08001712                UART5_IRQHandler
 .text.SPI1_IRQHandler
                0x08001716        0x4 Application\Main\Src\stm32l4xx_it.o
                0x08001716                SPI1_IRQHandler
 .text.CAN1_TX_IRQHandler
                0x0800171a        0x4 Application\Main\Src\stm32l4xx_it.o
                0x0800171a                CAN1_TX_IRQHandler
 .text.CAN1_RX0_IRQHandler
                0x0800171e        0x4 Application\Main\Src\stm32l4xx_it.o
                0x0800171e                CAN1_RX0_IRQHandler
 *fill*         0x08001722        0x2 
 .text.ADC3_IRQHandler
                0x08001724       0x1c Application\Main\Src\stm32l4xx_it.o
                0x08001724                ADC3_IRQHandler
 .text.ADC1_2_IRQHandler
                0x08001740       0x14 Application\Main\Src\stm32l4xx_it.o
                0x08001740                ADC1_2_IRQHandler
 .text.EXTI15_10_IRQHandler
                0x08001754       0x18 Application\Main\Src\stm32l4xx_it.o
                0x08001754                EXTI15_10_IRQHandler
 .text.TIM1_UP_TIM16_IRQHandler
                0x0800176c       0x50 Application\Main\Src\stm32l4xx_it.o
                0x0800176c                TIM1_UP_TIM16_IRQHandler
 .text.SystemInit
                0x080017bc       0x48 Application\Main\Src\system_stm32l4xx.o
                0x080017bc                SystemInit
 .text.LL_GPIO_SetPinMode.constprop.7
                0x08001804       0x34 Driver\ADC\src\adc.o
 .text.Configure_ADC
                0x08001838      0x128 Driver\ADC\src\adc.o
                0x08001838                Configure_ADC
 .text.Activate_ADC
                0x08001960       0x98 Driver\ADC\src\adc.o
                0x08001960                Activate_ADC
 .text.xInit_adc
                0x080019f8       0x2c Driver\ADC\src\adc.o
                0x080019f8                xInit_adc
 .text.write_ff0_can1
                0x08001a24       0x84 Driver\Peripheral\src\drv-can1.o
                0x08001a24                write_ff0_can1
 .text.OS_CAN1_TX_ISR_HANDLER
                0x08001aa8       0x5c Driver\Peripheral\src\drv-can1.o
                0x08001aa8                OS_CAN1_TX_ISR_HANDLER
 .text.read_ff0_can1
                0x08001b04       0x88 Driver\Peripheral\src\drv-can1.o
                0x08001b04                read_ff0_can1
 .text.OS_CAN1_RX0_ISR_HANDLER
                0x08001b8c       0x48 Driver\Peripheral\src\drv-can1.o
                0x08001b8c                OS_CAN1_RX0_ISR_HANDLER
 .text.vSPI1_ISR_HANDLER
                0x08001bd4       0x84 Driver\Peripheral\src\drv-spi1.o
                0x08001bd4                vSPI1_ISR_HANDLER
 .text.os_init_uart1
                0x08001c58      0x248 Driver\Peripheral\src\drv-uart1.o
                0x08001c58                os_init_uart1
 .text.OS_UART1_ISR_HANDLER
                0x08001ea0       0x90 Driver\Peripheral\src\drv-uart1.o
                0x08001ea0                OS_UART1_ISR_HANDLER
 .text.os_init_uart2
                0x08001f30      0x248 Driver\Peripheral\src\drv-uart2.o
                0x08001f30                os_init_uart2
 .text.os_getc_uart2
                0x08002178       0x1c Driver\Peripheral\src\drv-uart2.o
                0x08002178                os_getc_uart2
 .text.os_putc_uart2
                0x08002194       0x34 Driver\Peripheral\src\drv-uart2.o
                0x08002194                os_putc_uart2
 .text.os_puts_uart2
                0x080021c8       0x14 Driver\Peripheral\src\drv-uart2.o
                0x080021c8                os_puts_uart2
 .text.os_write_uart2
                0x080021dc       0x20 Driver\Peripheral\src\drv-uart2.o
                0x080021dc                os_write_uart2
 .text.os_read_uart2
                0x080021fc       0x24 Driver\Peripheral\src\drv-uart2.o
                0x080021fc                os_read_uart2
 .text.OS_UART2_ISR_HANDLER
                0x08002220       0x90 Driver\Peripheral\src\drv-uart2.o
                0x08002220                OS_UART2_ISR_HANDLER
 .text.os_init_uart3
                0x080022b0      0x250 Driver\Peripheral\src\drv-uart3.o
                0x080022b0                os_init_uart3
 .text.os_getc_uart3
                0x08002500       0x1c Driver\Peripheral\src\drv-uart3.o
                0x08002500                os_getc_uart3
 .text.os_putc_uart3
                0x0800251c       0x34 Driver\Peripheral\src\drv-uart3.o
                0x0800251c                os_putc_uart3
 .text.os_puts_uart3
                0x08002550       0x14 Driver\Peripheral\src\drv-uart3.o
                0x08002550                os_puts_uart3
 .text.os_write_uart3
                0x08002564       0x20 Driver\Peripheral\src\drv-uart3.o
                0x08002564                os_write_uart3
 .text.os_read_uart3
                0x08002584       0x24 Driver\Peripheral\src\drv-uart3.o
                0x08002584                os_read_uart3
 .text.OS_UART3_ISR_HANDLER
                0x080025a8       0x94 Driver\Peripheral\src\drv-uart3.o
                0x080025a8                OS_UART3_ISR_HANDLER
 .text.LL_GPIO_SetAFPin_8_15.constprop.4
                0x0800263c       0x30 Driver\Peripheral\src\drv-uart4.o
 .text.LL_GPIO_SetPinSpeed.constprop.6
                0x0800266c       0x2c Driver\Peripheral\src\drv-uart4.o
 .text.LL_GPIO_SetPinMode.constprop.7
                0x08002698       0x2e Driver\Peripheral\src\drv-uart4.o
 *fill*         0x080026c6        0x2 
 .text.os_init_uart4
                0x080026c8      0x200 Driver\Peripheral\src\drv-uart4.o
                0x080026c8                os_init_uart4
 .text.OS_UART4_ISR_HANDLER
                0x080028c8       0x90 Driver\Peripheral\src\drv-uart4.o
                0x080028c8                OS_UART4_ISR_HANDLER
 .text.os_init_uart5
                0x08002958      0x274 Driver\Peripheral\src\drv-uart5.o
                0x08002958                os_init_uart5
 .text.OS_UART5_ISR_HANDLER
                0x08002bcc       0x90 Driver\Peripheral\src\drv-uart5.o
                0x08002bcc                OS_UART5_ISR_HANDLER
 .text.read_ack_uart2_blocked
                0x08002c5c       0xb8 Middlewares\Third_Party\ACSipLoRaWan\src\acsip-lorawan-lib.o
                0x08002c5c                read_ack_uart2_blocked
 .text.transfer_acsip
                0x08002d14      0x110 Middlewares\Third_Party\ACSipLoRaWan\src\acsip-lorawan-lib.o
                0x08002d14                transfer_acsip
 .text.get_acsip
                0x08002e24       0x38 Middlewares\Third_Party\ACSipLoRaWan\src\acsip-lorawan-lib.o
                0x08002e24                get_acsip
 .text.sip_factory_reset_acsip
                0x08002e5c       0x20 Middlewares\Third_Party\ACSipLoRaWan\src\acsip-lorawan-lib.o
                0x08002e5c                sip_factory_reset_acsip
 .text.sip_reset_acsip
                0x08002e7c       0x20 Middlewares\Third_Party\ACSipLoRaWan\src\acsip-lorawan-lib.o
                0x08002e7c                sip_reset_acsip
 .text.sip_set_echo_acsip
                0x08002e9c       0x44 Middlewares\Third_Party\ACSipLoRaWan\src\acsip-lorawan-lib.o
                0x08002e9c                sip_set_echo_acsip
 .text.rf_lora_tx_stop_acsip
                0x08002ee0       0x24 Middlewares\Third_Party\ACSipLoRaWan\src\acsip-lorawan-lib.o
                0x08002ee0                rf_lora_tx_stop_acsip
 .text.disk_timerproc
                0x08002f04       0x38 Middlewares\Third_Party\FatFs\mmc_32L4.o
                0x08002f04                disk_timerproc
 .text.vListInitialise
                0x08002f3c       0x16 Middlewares\Third_Party\FreeRTOS\list.o
                0x08002f3c                vListInitialise
 .text.vListInitialiseItem
                0x08002f52        0x6 Middlewares\Third_Party\FreeRTOS\list.o
                0x08002f52                vListInitialiseItem
 .text.vListInsertEnd
                0x08002f58       0x18 Middlewares\Third_Party\FreeRTOS\list.o
                0x08002f58                vListInsertEnd
 .text.vListInsert
                0x08002f70       0x2e Middlewares\Third_Party\FreeRTOS\list.o
                0x08002f70                vListInsert
 .text.uxListRemove
                0x08002f9e       0x20 Middlewares\Third_Party\FreeRTOS\list.o
                0x08002f9e                uxListRemove
 *fill*         0x08002fbe        0x2 
 .text.prvTaskExitError
                0x08002fc0       0x30 Middlewares\Third_Party\FreeRTOS\portable\GCC\ARM_CM4F\port.o
 .text.prvPortStartFirstTask
                0x08002ff0       0x20 Middlewares\Third_Party\FreeRTOS\portable\GCC\ARM_CM4F\port.o
 .text.vPortEnableVFP
                0x08003010       0x14 Middlewares\Third_Party\FreeRTOS\portable\GCC\ARM_CM4F\port.o
 .text.pxPortInitialiseStack
                0x08003024       0x2c Middlewares\Third_Party\FreeRTOS\portable\GCC\ARM_CM4F\port.o
                0x08003024                pxPortInitialiseStack
 .text.SVC_Handler
                0x08003050       0x24 Middlewares\Third_Party\FreeRTOS\portable\GCC\ARM_CM4F\port.o
                0x08003050                SVC_Handler
 .text.vPortEnterCritical
                0x08003074       0x44 Middlewares\Third_Party\FreeRTOS\portable\GCC\ARM_CM4F\port.o
                0x08003074                vPortEnterCritical
 .text.vPortExitCritical
                0x080030b8       0x28 Middlewares\Third_Party\FreeRTOS\portable\GCC\ARM_CM4F\port.o
                0x080030b8                vPortExitCritical
 .text.PendSV_Handler
                0x080030e0       0x64 Middlewares\Third_Party\FreeRTOS\portable\GCC\ARM_CM4F\port.o
                0x080030e0                PendSV_Handler
 .text.SysTick_Handler
                0x08003144       0x2c Middlewares\Third_Party\FreeRTOS\portable\GCC\ARM_CM4F\port.o
                0x08003144                SysTick_Handler
 .text.vPortSetupTimerInterrupt
                0x08003170       0x18 Middlewares\Third_Party\FreeRTOS\portable\GCC\ARM_CM4F\port.o
                0x08003170                vPortSetupTimerInterrupt
 .text.xPortStartScheduler
                0x08003188       0xe4 Middlewares\Third_Party\FreeRTOS\portable\GCC\ARM_CM4F\port.o
                0x08003188                xPortStartScheduler
 .text.vPortValidateInterruptPriority
                0x0800326c       0x54 Middlewares\Third_Party\FreeRTOS\portable\GCC\ARM_CM4F\port.o
                0x0800326c                vPortValidateInterruptPriority
 .text.pvPortMalloc
                0x080032c0       0x58 Middlewares\Third_Party\FreeRTOS\portable\MemMang\heap_1.o
                0x080032c0                pvPortMalloc
 .text.vPortFree
                0x08003318       0x16 Middlewares\Third_Party\FreeRTOS\portable\MemMang\heap_1.o
                0x08003318                vPortFree
 .text.prvCopyDataToQueue
                0x0800332e       0x66 Middlewares\Third_Party\FreeRTOS\queue.o
 .text.prvCopyDataFromQueue
                0x08003394       0x2a Middlewares\Third_Party\FreeRTOS\queue.o
 .text.prvUnlockQueue
                0x080033be       0x70 Middlewares\Third_Party\FreeRTOS\queue.o
 *fill*         0x0800342e        0x2 
 .text.xQueueGenericReset
                0x08003430       0x80 Middlewares\Third_Party\FreeRTOS\queue.o
                0x08003430                xQueueGenericReset
 .text.xQueueGenericCreate
                0x080034b0       0x48 Middlewares\Third_Party\FreeRTOS\queue.o
                0x080034b0                xQueueGenericCreate
 .text.xQueueGenericSend
                0x080034f8      0x164 Middlewares\Third_Party\FreeRTOS\queue.o
                0x080034f8                xQueueGenericSend
 .text.xQueueGenericSendFromISR
                0x0800365c       0xc2 Middlewares\Third_Party\FreeRTOS\queue.o
                0x0800365c                xQueueGenericSendFromISR
 .text.xQueueGiveFromISR
                0x0800371e       0xa8 Middlewares\Third_Party\FreeRTOS\queue.o
                0x0800371e                xQueueGiveFromISR
 *fill*         0x080037c6        0x2 
 .text.xQueueGenericReceive
                0x080037c8      0x180 Middlewares\Third_Party\FreeRTOS\queue.o
                0x080037c8                xQueueGenericReceive
 .text.xQueueReceiveFromISR
                0x08003948       0x9e Middlewares\Third_Party\FreeRTOS\queue.o
                0x08003948                xQueueReceiveFromISR
 *fill*         0x080039e6        0x2 
 .text.vQueueAddToRegistry
                0x080039e8       0x24 Middlewares\Third_Party\FreeRTOS\queue.o
                0x080039e8                vQueueAddToRegistry
 .text.vQueueWaitForMessageRestricted
                0x08003a0c       0x46 Middlewares\Third_Party\FreeRTOS\queue.o
                0x08003a0c                vQueueWaitForMessageRestricted
 .text.prvTaskIsTaskSuspended.part.0
                0x08003a52       0x12 Middlewares\Third_Party\FreeRTOS\tasks.o
 .text.prvResetNextTaskUnblockTime
                0x08003a64       0x20 Middlewares\Third_Party\FreeRTOS\tasks.o
 .text.prvAddCurrentTaskToDelayedList
                0x08003a84       0x6c Middlewares\Third_Party\FreeRTOS\tasks.o
 .text.xTaskCreate
                0x08003af0      0x194 Middlewares\Third_Party\FreeRTOS\tasks.o
                0x08003af0                xTaskCreate
 .text.vTaskStartScheduler
                0x08003c84       0x74 Middlewares\Third_Party\FreeRTOS\tasks.o
                0x08003c84                vTaskStartScheduler
 .text.vTaskSuspendAll
                0x08003cf8       0x14 Middlewares\Third_Party\FreeRTOS\tasks.o
                0x08003cf8                vTaskSuspendAll
 .text.xTaskGetTickCount
                0x08003d0c        0xc Middlewares\Third_Party\FreeRTOS\tasks.o
                0x08003d0c                xTaskGetTickCount
 .text.xTaskIncrementTick
                0x08003d18       0xf8 Middlewares\Third_Party\FreeRTOS\tasks.o
                0x08003d18                xTaskIncrementTick
 .text.xTaskResumeAll
                0x08003e10       0xd8 Middlewares\Third_Party\FreeRTOS\tasks.o
                0x08003e10                xTaskResumeAll
 .text.vTaskDelay
                0x08003ee8       0x4c Middlewares\Third_Party\FreeRTOS\tasks.o
                0x08003ee8                vTaskDelay
 .text.prvIdleTask
                0x08003f34       0x6c Middlewares\Third_Party\FreeRTOS\tasks.o
 .text.vTaskSwitchContext
                0x08003fa0       0x98 Middlewares\Third_Party\FreeRTOS\tasks.o
                0x08003fa0                vTaskSwitchContext
 .text.vTaskPlaceOnEventList
                0x08004038       0x34 Middlewares\Third_Party\FreeRTOS\tasks.o
                0x08004038                vTaskPlaceOnEventList
 .text.vTaskPlaceOnEventListRestricted
                0x0800406c       0x3c Middlewares\Third_Party\FreeRTOS\tasks.o
                0x0800406c                vTaskPlaceOnEventListRestricted
 .text.xTaskRemoveFromEventList
                0x080040a8       0x70 Middlewares\Third_Party\FreeRTOS\tasks.o
                0x080040a8                xTaskRemoveFromEventList
 .text.vTaskSetTimeOutState
                0x08004118       0x1c Middlewares\Third_Party\FreeRTOS\tasks.o
                0x08004118                vTaskSetTimeOutState
 .text.xTaskCheckForTimeOut
                0x08004134       0x70 Middlewares\Third_Party\FreeRTOS\tasks.o
                0x08004134                xTaskCheckForTimeOut
 .text.vTaskMissedYield
                0x080041a4       0x10 Middlewares\Third_Party\FreeRTOS\tasks.o
                0x080041a4                vTaskMissedYield
 .text.xTaskGetSchedulerState
                0x080041b4       0x20 Middlewares\Third_Party\FreeRTOS\tasks.o
                0x080041b4                xTaskGetSchedulerState
 .text.vTaskPriorityInherit
                0x080041d4       0x8c Middlewares\Third_Party\FreeRTOS\tasks.o
                0x080041d4                vTaskPriorityInherit
 .text.xTaskPriorityDisinherit
                0x08004260       0x9c Middlewares\Third_Party\FreeRTOS\tasks.o
                0x08004260                xTaskPriorityDisinherit
 .text.pvTaskIncrementMutexHeldCount
                0x080042fc       0x18 Middlewares\Third_Party\FreeRTOS\tasks.o
                0x080042fc                pvTaskIncrementMutexHeldCount
 .text.prvCheckForValidListAndQueue
                0x08004314       0x48 Middlewares\Third_Party\FreeRTOS\timers.o
 .text.prvInsertTimerInActiveList
                0x0800435c       0x38 Middlewares\Third_Party\FreeRTOS\timers.o
 .text.xTimerCreateTimerTask
                0x08004394       0x48 Middlewares\Third_Party\FreeRTOS\timers.o
                0x08004394                xTimerCreateTimerTask
 .text.xTimerGenericCommand
                0x080043dc       0x58 Middlewares\Third_Party\FreeRTOS\timers.o
                0x080043dc                xTimerGenericCommand
 .text.prvSwitchTimerLists
                0x08004434       0x78 Middlewares\Third_Party\FreeRTOS\timers.o
 .text.prvTimerTask
                0x080044ac      0x198 Middlewares\Third_Party\FreeRTOS\timers.o
 .text.Reset_Handler
                0x08004644       0x50 STM32L4-Lib\Drivers\CMSIS\Device\ST\STM32L4xx\Source\Templates\gcc\startup_stm32l476xx.o
                0x08004644                Reset_Handler
 .text.Default_Handler
                0x08004694        0x2 STM32L4-Lib\Drivers\CMSIS\Device\ST\STM32L4xx\Source\Templates\gcc\startup_stm32l476xx.o
                0x08004694                RTC_Alarm_IRQHandler
                0x08004694                EXTI2_IRQHandler
                0x08004694                TIM8_TRG_COM_IRQHandler
                0x08004694                TIM8_CC_IRQHandler
                0x08004694                TIM1_CC_IRQHandler
                0x08004694                TSC_IRQHandler
                0x08004694                TAMP_STAMP_IRQHandler
                0x08004694                EXTI3_IRQHandler
                0x08004694                LPTIM2_IRQHandler
                0x08004694                DFSDM1_FLT1_IRQHandler
                0x08004694                I2C3_ER_IRQHandler
                0x08004694                DFSDM1_FLT2_IRQHandler
                0x08004694                EXTI0_IRQHandler
                0x08004694                I2C2_EV_IRQHandler
                0x08004694                FPU_IRQHandler
                0x08004694                TIM6_DAC_IRQHandler
                0x08004694                TIM8_UP_IRQHandler
                0x08004694                DMA2_Channel2_IRQHandler
                0x08004694                DMA1_Channel4_IRQHandler
                0x08004694                SAI2_IRQHandler
                0x08004694                DFSDM1_FLT3_IRQHandler
                0x08004694                CAN1_RX1_IRQHandler
                0x08004694                LCD_IRQHandler
                0x08004694                TIM4_IRQHandler
                0x08004694                DMA2_Channel1_IRQHandler
                0x08004694                QUADSPI_IRQHandler
                0x08004694                I2C1_EV_IRQHandler
                0x08004694                DMA2_Channel4_IRQHandler
                0x08004694                TIM3_IRQHandler
                0x08004694                RCC_IRQHandler
                0x08004694                DMA1_Channel1_IRQHandler
                0x08004694                Default_Handler
                0x08004694                DMA2_Channel7_IRQHandler
                0x08004694                TIM7_IRQHandler
                0x08004694                SDMMC1_IRQHandler
                0x08004694                TIM5_IRQHandler
                0x08004694                I2C3_EV_IRQHandler
                0x08004694                EXTI9_5_IRQHandler
                0x08004694                RTC_WKUP_IRQHandler
                0x08004694                PVD_PVM_IRQHandler
                0x08004694                SPI2_IRQHandler
                0x08004694                DMA2_Channel5_IRQHandler
                0x08004694                DMA1_Channel5_IRQHandler
                0x08004694                EXTI4_IRQHandler
                0x08004694                RNG_IRQHandler
                0x08004694                TIM1_TRG_COM_TIM17_IRQHandler
                0x08004694                DMA1_Channel3_IRQHandler
                0x08004694                COMP_IRQHandler
                0x08004694                WWDG_IRQHandler
                0x08004694                LPUART1_IRQHandler
                0x08004694                DMA2_Channel6_IRQHandler
                0x08004694                TIM2_IRQHandler
                0x08004694                EXTI1_IRQHandler
                0x08004694                DFSDM1_FLT0_IRQHandler
                0x08004694                I2C2_ER_IRQHandler
                0x08004694                DMA1_Channel2_IRQHandler
                0x08004694                TIM8_BRK_IRQHandler
                0x08004694                CAN1_SCE_IRQHandler
                0x08004694                FLASH_IRQHandler
                0x08004694                OTG_FS_IRQHandler
                0x08004694                SPI3_IRQHandler
                0x08004694                I2C1_ER_IRQHandler
                0x08004694                FMC_IRQHandler
                0x08004694                SWPMI1_IRQHandler
                0x08004694                LPTIM1_IRQHandler
                0x08004694                SAI1_IRQHandler
                0x08004694                DMA2_Channel3_IRQHandler
                0x08004694                TIM1_BRK_TIM15_IRQHandler
 *fill*         0x08004696        0x2 
 .text.LL_Init1msTick
                0x08004698       0x1c STM32L4-Lib\Drivers\STM32L4xx_HAL_Driver\Src\stm32l4xx_ll_utils.o
                0x08004698                LL_Init1msTick
 .text.LL_mDelay
                0x080046b4       0x28 STM32L4-Lib\Drivers\STM32L4xx_HAL_Driver\Src\stm32l4xx_ll_utils.o
                0x080046b4                LL_mDelay
 .text.LL_SetSystemCoreClock
                0x080046dc        0xc STM32L4-Lib\Drivers\STM32L4xx_HAL_Driver\Src\stm32l4xx_ll_utils.o
                0x080046dc                LL_SetSystemCoreClock
 .text.__libc_init_array
                0x080046e8       0x48 c:/ac6/systemworkbench/plugins/fr.ac6.mcu.externaltools.arm-none.win32_1.17.0.201812190825/tools/compiler/bin/../lib/gcc/arm-none-eabi/7.3.1/../../../../arm-none-eabi/lib/thumb/v7e-m/fpv4-sp/hard\libc.a(lib_a-init.o)
                0x080046e8                __libc_init_array
 .text.memcmp   0x08004730       0x64 c:/ac6/systemworkbench/plugins/fr.ac6.mcu.externaltools.arm-none.win32_1.17.0.201812190825/tools/compiler/bin/../lib/gcc/arm-none-eabi/7.3.1/../../../../arm-none-eabi/lib/thumb/v7e-m/fpv4-sp/hard\libc.a(lib_a-memcmp.o)
                0x08004730                memcmp
 .text.memset   0x08004794       0x94 c:/ac6/systemworkbench/plugins/fr.ac6.mcu.externaltools.arm-none.win32_1.17.0.201812190825/tools/compiler/bin/../lib/gcc/arm-none-eabi/7.3.1/../../../../arm-none-eabi/lib/thumb/v7e-m/fpv4-sp/hard\libc.a(lib_a-memset.o)
                0x08004794                memset
 .text.sprintf  0x08004828       0x44 c:/ac6/systemworkbench/plugins/fr.ac6.mcu.externaltools.arm-none.win32_1.17.0.201812190825/tools/compiler/bin/../lib/gcc/arm-none-eabi/7.3.1/../../../../arm-none-eabi/lib/thumb/v7e-m/fpv4-sp/hard\libc.a(lib_a-sprintf.o)
                0x08004828                sprintf
 .text.strchr   0x0800486c       0xe8 c:/ac6/systemworkbench/plugins/fr.ac6.mcu.externaltools.arm-none.win32_1.17.0.201812190825/tools/compiler/bin/../lib/gcc/arm-none-eabi/7.3.1/../../../../arm-none-eabi/lib/thumb/v7e-m/fpv4-sp/hard\libc.a(lib_a-strchr.o)
                0x0800486c                strchr
 .text.strcpy   0x08004954       0xbc c:/ac6/systemworkbench/plugins/fr.ac6.mcu.externaltools.arm-none.win32_1.17.0.201812190825/tools/compiler/bin/../lib/gcc/arm-none-eabi/7.3.1/../../../../arm-none-eabi/lib/thumb/v7e-m/fpv4-sp/hard\libc.a(lib_a-strcpy.o)
                0x08004954                strcpy
 .text.critical_factorization
                0x08004a10       0xb4 c:/ac6/systemworkbench/plugins/fr.ac6.mcu.externaltools.arm-none.win32_1.17.0.201812190825/tools/compiler/bin/../lib/gcc/arm-none-eabi/7.3.1/../../../../arm-none-eabi/lib/thumb/v7e-m/fpv4-sp/hard\libc.a(lib_a-strstr.o)
 .text.two_way_long_needle
                0x08004ac4      0x1f8 c:/ac6/systemworkbench/plugins/fr.ac6.mcu.externaltools.arm-none.win32_1.17.0.201812190825/tools/compiler/bin/../lib/gcc/arm-none-eabi/7.3.1/../../../../arm-none-eabi/lib/thumb/v7e-m/fpv4-sp/hard\libc.a(lib_a-strstr.o)
 .text.strstr   0x08004cbc      0x1f8 c:/ac6/systemworkbench/plugins/fr.ac6.mcu.externaltools.arm-none.win32_1.17.0.201812190825/tools/compiler/bin/../lib/gcc/arm-none-eabi/7.3.1/../../../../arm-none-eabi/lib/thumb/v7e-m/fpv4-sp/hard\libc.a(lib_a-strstr.o)
                0x08004cbc                strstr
 .text.unlikely.sulp
                0x08004eb4       0x38 c:/ac6/systemworkbench/plugins/fr.ac6.mcu.externaltools.arm-none.win32_1.17.0.201812190825/tools/compiler/bin/../lib/gcc/arm-none-eabi/7.3.1/../../../../arm-none-eabi/lib/thumb/v7e-m/fpv4-sp/hard\libc.a(lib_a-strtod.o)
 *fill*         0x08004eec        0x4 
 .text._strtod_l
                0x08004ef0      0xf1c c:/ac6/systemworkbench/plugins/fr.ac6.mcu.externaltools.arm-none.win32_1.17.0.201812190825/tools/compiler/bin/../lib/gcc/arm-none-eabi/7.3.1/../../../../arm-none-eabi/lib/thumb/v7e-m/fpv4-sp/hard\libc.a(lib_a-strtod.o)
                0x08004ef0                _strtod_l
 .text.strtod   0x08005e0c       0x24 c:/ac6/systemworkbench/plugins/fr.ac6.mcu.externaltools.arm-none.win32_1.17.0.201812190825/tools/compiler/bin/../lib/gcc/arm-none-eabi/7.3.1/../../../../arm-none-eabi/lib/thumb/v7e-m/fpv4-sp/hard\libc.a(lib_a-strtod.o)
                0x08005e0c                strtod
 .text._svfprintf_r
                0x08005e30     0x19cc c:/ac6/systemworkbench/plugins/fr.ac6.mcu.externaltools.arm-none.win32_1.17.0.201812190825/tools/compiler/bin/../lib/gcc/arm-none-eabi/7.3.1/../../../../arm-none-eabi/lib/thumb/v7e-m/fpv4-sp/hard\libc.a(lib_a-svfprintf.o)
                0x08005e30                _svfprintf_r
 .text._vsnprintf_r
                0x080077fc       0x70 c:/ac6/systemworkbench/plugins/fr.ac6.mcu.externaltools.arm-none.win32_1.17.0.201812190825/tools/compiler/bin/../lib/gcc/arm-none-eabi/7.3.1/../../../../arm-none-eabi/lib/thumb/v7e-m/fpv4-sp/hard\libc.a(lib_a-vsnprintf.o)
                0x080077fc                _vsnprintf_r
 .text.vsnprintf
                0x0800786c       0x20 c:/ac6/systemworkbench/plugins/fr.ac6.mcu.externaltools.arm-none.win32_1.17.0.201812190825/tools/compiler/bin/../lib/gcc/arm-none-eabi/7.3.1/../../../../arm-none-eabi/lib/thumb/v7e-m/fpv4-sp/hard\libc.a(lib_a-vsnprintf.o)
                0x0800786c                vsnprintf
 .text.startup.register_fini
                0x0800788c       0x14 c:/ac6/systemworkbench/plugins/fr.ac6.mcu.externaltools.arm-none.win32_1.17.0.201812190825/tools/compiler/bin/../lib/gcc/arm-none-eabi/7.3.1/../../../../arm-none-eabi/lib/thumb/v7e-m/fpv4-sp/hard\libc.a(lib_a-__call_atexit.o)
 .text.atexit   0x080078a0        0xc c:/ac6/systemworkbench/plugins/fr.ac6.mcu.externaltools.arm-none.win32_1.17.0.201812190825/tools/compiler/bin/../lib/gcc/arm-none-eabi/7.3.1/../../../../arm-none-eabi/lib/thumb/v7e-m/fpv4-sp/hard\libc.a(lib_a-atexit.o)
                0x080078a0                atexit
 .text.quorem   0x080078ac      0x124 c:/ac6/systemworkbench/plugins/fr.ac6.mcu.externaltools.arm-none.win32_1.17.0.201812190825/tools/compiler/bin/../lib/gcc/arm-none-eabi/7.3.1/../../../../arm-none-eabi/lib/thumb/v7e-m/fpv4-sp/hard\libc.a(lib_a-dtoa.o)
 .text._dtoa_r  0x080079d0      0xe20 c:/ac6/systemworkbench/plugins/fr.ac6.mcu.externaltools.arm-none.win32_1.17.0.201812190825/tools/compiler/bin/../lib/gcc/arm-none-eabi/7.3.1/../../../../arm-none-eabi/lib/thumb/v7e-m/fpv4-sp/hard\libc.a(lib_a-dtoa.o)
                0x080079d0                _dtoa_r
 .text.__libc_fini_array
                0x080087f0       0x34 c:/ac6/systemworkbench/plugins/fr.ac6.mcu.externaltools.arm-none.win32_1.17.0.201812190825/tools/compiler/bin/../lib/gcc/arm-none-eabi/7.3.1/../../../../arm-none-eabi/lib/thumb/v7e-m/fpv4-sp/hard\libc.a(lib_a-fini.o)
                0x080087f0                __libc_fini_array
 .text._malloc_trim_r
                0x08008824       0xa0 c:/ac6/systemworkbench/plugins/fr.ac6.mcu.externaltools.arm-none.win32_1.17.0.201812190825/tools/compiler/bin/../lib/gcc/arm-none-eabi/7.3.1/../../../../arm-none-eabi/lib/thumb/v7e-m/fpv4-sp/hard\libc.a(lib_a-freer.o)
                0x08008824                _malloc_trim_r
 .text._free_r  0x080088c4      0x1e8 c:/ac6/systemworkbench/plugins/fr.ac6.mcu.externaltools.arm-none.win32_1.17.0.201812190825/tools/compiler/bin/../lib/gcc/arm-none-eabi/7.3.1/../../../../arm-none-eabi/lib/thumb/v7e-m/fpv4-sp/hard\libc.a(lib_a-freer.o)
                0x080088c4                _free_r
 .text.rshift   0x08008aac       0xb0 c:/ac6/systemworkbench/plugins/fr.ac6.mcu.externaltools.arm-none.win32_1.17.0.201812190825/tools/compiler/bin/../lib/gcc/arm-none-eabi/7.3.1/../../../../arm-none-eabi/lib/thumb/v7e-m/fpv4-sp/hard\libc.a(lib_a-gdtoa-gethex.o)
 .text.__gethex
                0x08008b5c      0x520 c:/ac6/systemworkbench/plugins/fr.ac6.mcu.externaltools.arm-none.win32_1.17.0.201812190825/tools/compiler/bin/../lib/gcc/arm-none-eabi/7.3.1/../../../../arm-none-eabi/lib/thumb/v7e-m/fpv4-sp/hard\libc.a(lib_a-gdtoa-gethex.o)
                0x08008b5c                __gethex
 .text.__match  0x0800907c       0x30 c:/ac6/systemworkbench/plugins/fr.ac6.mcu.externaltools.arm-none.win32_1.17.0.201812190825/tools/compiler/bin/../lib/gcc/arm-none-eabi/7.3.1/../../../../arm-none-eabi/lib/thumb/v7e-m/fpv4-sp/hard\libc.a(lib_a-gdtoa-hexnan.o)
                0x0800907c                __match
 .text.__hexnan
                0x080090ac      0x1a0 c:/ac6/systemworkbench/plugins/fr.ac6.mcu.externaltools.arm-none.win32_1.17.0.201812190825/tools/compiler/bin/../lib/gcc/arm-none-eabi/7.3.1/../../../../arm-none-eabi/lib/thumb/v7e-m/fpv4-sp/hard\libc.a(lib_a-gdtoa-hexnan.o)
                0x080090ac                __hexnan
 .text.__localeconv_l
                0x0800924c        0x4 c:/ac6/systemworkbench/plugins/fr.ac6.mcu.externaltools.arm-none.win32_1.17.0.201812190825/tools/compiler/bin/../lib/gcc/arm-none-eabi/7.3.1/../../../../arm-none-eabi/lib/thumb/v7e-m/fpv4-sp/hard\libc.a(lib_a-localeconv.o)
                0x0800924c                __localeconv_l
 .text._localeconv_r
                0x08009250       0x1c c:/ac6/systemworkbench/plugins/fr.ac6.mcu.externaltools.arm-none.win32_1.17.0.201812190825/tools/compiler/bin/../lib/gcc/arm-none-eabi/7.3.1/../../../../arm-none-eabi/lib/thumb/v7e-m/fpv4-sp/hard\libc.a(lib_a-localeconv.o)
                0x08009250                _localeconv_r
 .text.__retarget_lock_acquire_recursive
                0x0800926c        0x4 c:/ac6/systemworkbench/plugins/fr.ac6.mcu.externaltools.arm-none.win32_1.17.0.201812190825/tools/compiler/bin/../lib/gcc/arm-none-eabi/7.3.1/../../../../arm-none-eabi/lib/thumb/v7e-m/fpv4-sp/hard\libc.a(lib_a-lock.o)
                0x0800926c                __retarget_lock_acquire_recursive
 .text.__retarget_lock_release_recursive
                0x08009270        0x4 c:/ac6/systemworkbench/plugins/fr.ac6.mcu.externaltools.arm-none.win32_1.17.0.201812190825/tools/compiler/bin/../lib/gcc/arm-none-eabi/7.3.1/../../../../arm-none-eabi/lib/thumb/v7e-m/fpv4-sp/hard\libc.a(lib_a-lock.o)
                0x08009270                __retarget_lock_release_recursive
 .text._malloc_r
                0x08009274      0x548 c:/ac6/systemworkbench/plugins/fr.ac6.mcu.externaltools.arm-none.win32_1.17.0.201812190825/tools/compiler/bin/../lib/gcc/arm-none-eabi/7.3.1/../../../../arm-none-eabi/lib/thumb/v7e-m/fpv4-sp/hard\libc.a(lib_a-mallocr.o)
                0x08009274                _malloc_r
 .text.__ascii_mbtowc
                0x080097bc       0x2c c:/ac6/systemworkbench/plugins/fr.ac6.mcu.externaltools.arm-none.win32_1.17.0.201812190825/tools/compiler/bin/../lib/gcc/arm-none-eabi/7.3.1/../../../../arm-none-eabi/lib/thumb/v7e-m/fpv4-sp/hard\libc.a(lib_a-mbtowc_r.o)
                0x080097bc                __ascii_mbtowc
 .text.__malloc_lock
                0x080097e8        0xc c:/ac6/systemworkbench/plugins/fr.ac6.mcu.externaltools.arm-none.win32_1.17.0.201812190825/tools/compiler/bin/../lib/gcc/arm-none-eabi/7.3.1/../../../../arm-none-eabi/lib/thumb/v7e-m/fpv4-sp/hard\libc.a(lib_a-mlock.o)
                0x080097e8                __malloc_lock
 .text.__malloc_unlock
                0x080097f4        0xc c:/ac6/systemworkbench/plugins/fr.ac6.mcu.externaltools.arm-none.win32_1.17.0.201812190825/tools/compiler/bin/../lib/gcc/arm-none-eabi/7.3.1/../../../../arm-none-eabi/lib/thumb/v7e-m/fpv4-sp/hard\libc.a(lib_a-mlock.o)
                0x080097f4                __malloc_unlock
 .text._Balloc  0x08009800       0x4c c:/ac6/systemworkbench/plugins/fr.ac6.mcu.externaltools.arm-none.win32_1.17.0.201812190825/tools/compiler/bin/../lib/gcc/arm-none-eabi/7.3.1/../../../../arm-none-eabi/lib/thumb/v7e-m/fpv4-sp/hard\libc.a(lib_a-mprec.o)
                0x08009800                _Balloc
 .text._Bfree   0x0800984c       0x14 c:/ac6/systemworkbench/plugins/fr.ac6.mcu.externaltools.arm-none.win32_1.17.0.201812190825/tools/compiler/bin/../lib/gcc/arm-none-eabi/7.3.1/../../../../arm-none-eabi/lib/thumb/v7e-m/fpv4-sp/hard\libc.a(lib_a-mprec.o)
                0x0800984c                _Bfree
 .text.__multadd
                0x08009860       0x80 c:/ac6/systemworkbench/plugins/fr.ac6.mcu.externaltools.arm-none.win32_1.17.0.201812190825/tools/compiler/bin/../lib/gcc/arm-none-eabi/7.3.1/../../../../arm-none-eabi/lib/thumb/v7e-m/fpv4-sp/hard\libc.a(lib_a-mprec.o)
                0x08009860                __multadd
 .text.__s2b    0x080098e0       0x98 c:/ac6/systemworkbench/plugins/fr.ac6.mcu.externaltools.arm-none.win32_1.17.0.201812190825/tools/compiler/bin/../lib/gcc/arm-none-eabi/7.3.1/../../../../arm-none-eabi/lib/thumb/v7e-m/fpv4-sp/hard\libc.a(lib_a-mprec.o)
                0x080098e0                __s2b
 .text.__hi0bits
                0x08009978       0x40 c:/ac6/systemworkbench/plugins/fr.ac6.mcu.externaltools.arm-none.win32_1.17.0.201812190825/tools/compiler/bin/../lib/gcc/arm-none-eabi/7.3.1/../../../../arm-none-eabi/lib/thumb/v7e-m/fpv4-sp/hard\libc.a(lib_a-mprec.o)
                0x08009978                __hi0bits
 .text.__lo0bits
                0x080099b8       0x60 c:/ac6/systemworkbench/plugins/fr.ac6.mcu.externaltools.arm-none.win32_1.17.0.201812190825/tools/compiler/bin/../lib/gcc/arm-none-eabi/7.3.1/../../../../arm-none-eabi/lib/thumb/v7e-m/fpv4-sp/hard\libc.a(lib_a-mprec.o)
                0x080099b8                __lo0bits
 .text.__i2b    0x08009a18       0x14 c:/ac6/systemworkbench/plugins/fr.ac6.mcu.externaltools.arm-none.win32_1.17.0.201812190825/tools/compiler/bin/../lib/gcc/arm-none-eabi/7.3.1/../../../../arm-none-eabi/lib/thumb/v7e-m/fpv4-sp/hard\libc.a(lib_a-mprec.o)
                0x08009a18                __i2b
 .text.__multiply
                0x08009a2c      0x14c c:/ac6/systemworkbench/plugins/fr.ac6.mcu.externaltools.arm-none.win32_1.17.0.201812190825/tools/compiler/bin/../lib/gcc/arm-none-eabi/7.3.1/../../../../arm-none-eabi/lib/thumb/v7e-m/fpv4-sp/hard\libc.a(lib_a-mprec.o)
                0x08009a2c                __multiply
 .text.__pow5mult
                0x08009b78       0xa0 c:/ac6/systemworkbench/plugins/fr.ac6.mcu.externaltools.arm-none.win32_1.17.0.201812190825/tools/compiler/bin/../lib/gcc/arm-none-eabi/7.3.1/../../../../arm-none-eabi/lib/thumb/v7e-m/fpv4-sp/hard\libc.a(lib_a-mprec.o)
                0x08009b78                __pow5mult
 .text.__lshift
                0x08009c18       0xac c:/ac6/systemworkbench/plugins/fr.ac6.mcu.externaltools.arm-none.win32_1.17.0.201812190825/tools/compiler/bin/../lib/gcc/arm-none-eabi/7.3.1/../../../../arm-none-eabi/lib/thumb/v7e-m/fpv4-sp/hard\libc.a(lib_a-mprec.o)
                0x08009c18                __lshift
 .text.__mcmp   0x08009cc4       0x38 c:/ac6/systemworkbench/plugins/fr.ac6.mcu.externaltools.arm-none.win32_1.17.0.201812190825/tools/compiler/bin/../lib/gcc/arm-none-eabi/7.3.1/../../../../arm-none-eabi/lib/thumb/v7e-m/fpv4-sp/hard\libc.a(lib_a-mprec.o)
                0x08009cc4                __mcmp
 .text.__mdiff  0x08009cfc       0xec c:/ac6/systemworkbench/plugins/fr.ac6.mcu.externaltools.arm-none.win32_1.17.0.201812190825/tools/compiler/bin/../lib/gcc/arm-none-eabi/7.3.1/../../../../arm-none-eabi/lib/thumb/v7e-m/fpv4-sp/hard\libc.a(lib_a-mprec.o)
                0x08009cfc                __mdiff
 .text.__ulp    0x08009de8       0x54 c:/ac6/systemworkbench/plugins/fr.ac6.mcu.externaltools.arm-none.win32_1.17.0.201812190825/tools/compiler/bin/../lib/gcc/arm-none-eabi/7.3.1/../../../../arm-none-eabi/lib/thumb/v7e-m/fpv4-sp/hard\libc.a(lib_a-mprec.o)
                0x08009de8                __ulp
 .text.__b2d    0x08009e3c       0xbc c:/ac6/systemworkbench/plugins/fr.ac6.mcu.externaltools.arm-none.win32_1.17.0.201812190825/tools/compiler/bin/../lib/gcc/arm-none-eabi/7.3.1/../../../../arm-none-eabi/lib/thumb/v7e-m/fpv4-sp/hard\libc.a(lib_a-mprec.o)
                0x08009e3c                __b2d
 .text.__d2b    0x08009ef8       0xc4 c:/ac6/systemworkbench/plugins/fr.ac6.mcu.externaltools.arm-none.win32_1.17.0.201812190825/tools/compiler/bin/../lib/gcc/arm-none-eabi/7.3.1/../../../../arm-none-eabi/lib/thumb/v7e-m/fpv4-sp/hard\libc.a(lib_a-mprec.o)
                0x08009ef8                __d2b
 .text.__ratio  0x08009fbc       0x60 c:/ac6/systemworkbench/plugins/fr.ac6.mcu.externaltools.arm-none.win32_1.17.0.201812190825/tools/compiler/bin/../lib/gcc/arm-none-eabi/7.3.1/../../../../arm-none-eabi/lib/thumb/v7e-m/fpv4-sp/hard\libc.a(lib_a-mprec.o)
                0x08009fbc                __ratio
 .text.__copybits
                0x0800a01c       0x48 c:/ac6/systemworkbench/plugins/fr.ac6.mcu.externaltools.arm-none.win32_1.17.0.201812190825/tools/compiler/bin/../lib/gcc/arm-none-eabi/7.3.1/../../../../arm-none-eabi/lib/thumb/v7e-m/fpv4-sp/hard\libc.a(lib_a-mprec.o)
                0x0800a01c                __copybits
 .text.__any_on
                0x0800a064       0x58 c:/ac6/systemworkbench/plugins/fr.ac6.mcu.externaltools.arm-none.win32_1.17.0.201812190825/tools/compiler/bin/../lib/gcc/arm-none-eabi/7.3.1/../../../../arm-none-eabi/lib/thumb/v7e-m/fpv4-sp/hard\libc.a(lib_a-mprec.o)
                0x0800a064                __any_on
 .text.frexp    0x0800a0bc       0x68 c:/ac6/systemworkbench/plugins/fr.ac6.mcu.externaltools.arm-none.win32_1.17.0.201812190825/tools/compiler/bin/../lib/gcc/arm-none-eabi/7.3.1/../../../../arm-none-eabi/lib/thumb/v7e-m/fpv4-sp/hard\libc.a(lib_a-s_frexp.o)
                0x0800a0bc                frexp
 .text._sbrk_r  0x0800a124       0x24 c:/ac6/systemworkbench/plugins/fr.ac6.mcu.externaltools.arm-none.win32_1.17.0.201812190825/tools/compiler/bin/../lib/gcc/arm-none-eabi/7.3.1/../../../../arm-none-eabi/lib/thumb/v7e-m/fpv4-sp/hard\libc.a(lib_a-sbrkr.o)
                0x0800a124                _sbrk_r
 .text.strncmp  0x0800a148       0x98 c:/ac6/systemworkbench/plugins/fr.ac6.mcu.externaltools.arm-none.win32_1.17.0.201812190825/tools/compiler/bin/../lib/gcc/arm-none-eabi/7.3.1/../../../../arm-none-eabi/lib/thumb/v7e-m/fpv4-sp/hard\libc.a(lib_a-strncmp.o)
                0x0800a148                strncmp
 .text.strncpy  0x0800a1e0       0x64 c:/ac6/systemworkbench/plugins/fr.ac6.mcu.externaltools.arm-none.win32_1.17.0.201812190825/tools/compiler/bin/../lib/gcc/arm-none-eabi/7.3.1/../../../../arm-none-eabi/lib/thumb/v7e-m/fpv4-sp/hard\libc.a(lib_a-strncpy.o)
                0x0800a1e0                strncpy
 .text.__ssprint_r
                0x0800a244       0xf4 c:/ac6/systemworkbench/plugins/fr.ac6.mcu.externaltools.arm-none.win32_1.17.0.201812190825/tools/compiler/bin/../lib/gcc/arm-none-eabi/7.3.1/../../../../arm-none-eabi/lib/thumb/v7e-m/fpv4-sp/hard\libc.a(lib_a-svfiprintf.o)
                0x0800a244                __ssprint_r
 .text.__ascii_wctomb
                0x0800a338       0x1c c:/ac6/systemworkbench/plugins/fr.ac6.mcu.externaltools.arm-none.win32_1.17.0.201812190825/tools/compiler/bin/../lib/gcc/arm-none-eabi/7.3.1/../../../../arm-none-eabi/lib/thumb/v7e-m/fpv4-sp/hard\libc.a(lib_a-wctomb_r.o)
                0x0800a338                __ascii_wctomb
 .text.__register_exitproc
                0x0800a354       0xc0 c:/ac6/systemworkbench/plugins/fr.ac6.mcu.externaltools.arm-none.win32_1.17.0.201812190825/tools/compiler/bin/../lib/gcc/arm-none-eabi/7.3.1/../../../../arm-none-eabi/lib/thumb/v7e-m/fpv4-sp/hard\libc.a(lib_a-__atexit.o)
                0x0800a354                __register_exitproc
 .text._calloc_r
                0x0800a414       0x68 c:/ac6/systemworkbench/plugins/fr.ac6.mcu.externaltools.arm-none.win32_1.17.0.201812190825/tools/compiler/bin/../lib/gcc/arm-none-eabi/7.3.1/../../../../arm-none-eabi/lib/thumb/v7e-m/fpv4-sp/hard\libc.a(lib_a-callocr.o)
                0x0800a414                _calloc_r
 .text.memmove  0x0800a47c       0xc8 c:/ac6/systemworkbench/plugins/fr.ac6.mcu.externaltools.arm-none.win32_1.17.0.201812190825/tools/compiler/bin/../lib/gcc/arm-none-eabi/7.3.1/../../../../arm-none-eabi/lib/thumb/v7e-m/fpv4-sp/hard\libc.a(lib_a-memmove.o)
                0x0800a47c                memmove
 .text._realloc_r
                0x0800a544      0x35c c:/ac6/systemworkbench/plugins/fr.ac6.mcu.externaltools.arm-none.win32_1.17.0.201812190825/tools/compiler/bin/../lib/gcc/arm-none-eabi/7.3.1/../../../../arm-none-eabi/lib/thumb/v7e-m/fpv4-sp/hard\libc.a(lib_a-reallocr.o)
                0x0800a544                _realloc_r
 .text._sbrk    0x0800a8a0       0x1c c:/ac6/systemworkbench/plugins/fr.ac6.mcu.externaltools.arm-none.win32_1.17.0.201812190825/tools/compiler/bin/../lib/gcc/arm-none-eabi/7.3.1/../../../../arm-none-eabi/lib/thumb/v7e-m/fpv4-sp/hard\libnosys.a(sbrk.o)
                0x0800a8a0                _sbrk
 *(.glue_7)
 .glue_7        0x0800a8bc        0x0 linker stubs
 *(.glue_7t)
 .glue_7t       0x0800a8bc        0x0 linker stubs
 *(.eh_frame)
 .eh_frame      0x0800a8bc        0x0 c:/ac6/systemworkbench/plugins/fr.ac6.mcu.externaltools.arm-none.win32_1.17.0.201812190825/tools/compiler/bin/../lib/gcc/arm-none-eabi/7.3.1/thumb/v7e-m/fpv4-sp/hard/crtbegin.o
 *(.init)
 .init          0x0800a8bc        0x4 c:/ac6/systemworkbench/plugins/fr.ac6.mcu.externaltools.arm-none.win32_1.17.0.201812190825/tools/compiler/bin/../lib/gcc/arm-none-eabi/7.3.1/thumb/v7e-m/fpv4-sp/hard/crti.o
                0x0800a8bc                _init
 .init          0x0800a8c0        0x8 c:/ac6/systemworkbench/plugins/fr.ac6.mcu.externaltools.arm-none.win32_1.17.0.201812190825/tools/compiler/bin/../lib/gcc/arm-none-eabi/7.3.1/thumb/v7e-m/fpv4-sp/hard/crtn.o
 *(.fini)
 .fini          0x0800a8c8        0x4 c:/ac6/systemworkbench/plugins/fr.ac6.mcu.externaltools.arm-none.win32_1.17.0.201812190825/tools/compiler/bin/../lib/gcc/arm-none-eabi/7.3.1/thumb/v7e-m/fpv4-sp/hard/crti.o
                0x0800a8c8                _fini
 .fini          0x0800a8cc        0x8 c:/ac6/systemworkbench/plugins/fr.ac6.mcu.externaltools.arm-none.win32_1.17.0.201812190825/tools/compiler/bin/../lib/gcc/arm-none-eabi/7.3.1/thumb/v7e-m/fpv4-sp/hard/crtn.o
                0x0800a8d8                . = ALIGN (0x8)
 *fill*         0x0800a8d4        0x4 
                0x0800a8d8                _etext = .

.vfp11_veneer   0x0800a8d8        0x0
 .vfp11_veneer  0x0800a8d8        0x0 linker stubs

.v4_bx          0x0800a8d8        0x0
 .v4_bx         0x0800a8d8        0x0 linker stubs

.iplt           0x0800a8d8        0x0
 .iplt          0x0800a8d8        0x0 c:/ac6/systemworkbench/plugins/fr.ac6.mcu.externaltools.arm-none.win32_1.17.0.201812190825/tools/compiler/bin/../lib/gcc/arm-none-eabi/7.3.1/thumb/v7e-m/fpv4-sp/hard/crtbegin.o

.rodata         0x0800a8d8     0x1140
                0x0800a8d8                . = ALIGN (0x8)
 *(.rodata)
 *(.rodata*)
 .rodata.str1.1
                0x0800a8d8        0x7 Application\AppTimeBase\src\app_tmbase_task.o
 .rodata.str1.1
                0x0800a8df       0x32 Application\Main\Src\debug_print.o
 .rodata.str1.1
                0x0800a911      0x1c5 Application\Main\Src\main.o
 .rodata.str1.1
                0x0800aad6      0xb41 Middlewares\Third_Party\ACSipLoRaWan\src\acsip-lorawan-lib.o
                                0xb57 (size before relaxing)
 .rodata.str1.1
                0x0800b617        0x5 Middlewares\Third_Party\FreeRTOS\tasks.o
 .rodata.str1.1
                0x0800b61c        0xd Middlewares\Third_Party\FreeRTOS\timers.o
 *fill*         0x0800b629        0x3 
 .rodata._global_impure_ptr
                0x0800b62c        0x4 c:/ac6/systemworkbench/plugins/fr.ac6.mcu.externaltools.arm-none.win32_1.17.0.201812190825/tools/compiler/bin/../lib/gcc/arm-none-eabi/7.3.1/../../../../arm-none-eabi/lib/thumb/v7e-m/fpv4-sp/hard\libc.a(lib_a-impure.o)
                0x0800b62c                _global_impure_ptr
 .rodata._strtod_l.str1.4
                0x0800b630        0xf c:/ac6/systemworkbench/plugins/fr.ac6.mcu.externaltools.arm-none.win32_1.17.0.201812190825/tools/compiler/bin/../lib/gcc/arm-none-eabi/7.3.1/../../../../arm-none-eabi/lib/thumb/v7e-m/fpv4-sp/hard\libc.a(lib_a-strtod.o)
 *fill*         0x0800b63f        0x1 
 .rodata.fpi.7447
                0x0800b640       0x14 c:/ac6/systemworkbench/plugins/fr.ac6.mcu.externaltools.arm-none.win32_1.17.0.201812190825/tools/compiler/bin/../lib/gcc/arm-none-eabi/7.3.1/../../../../arm-none-eabi/lib/thumb/v7e-m/fpv4-sp/hard\libc.a(lib_a-strtod.o)
 .rodata.fpinan.7483
                0x0800b654       0x14 c:/ac6/systemworkbench/plugins/fr.ac6.mcu.externaltools.arm-none.win32_1.17.0.201812190825/tools/compiler/bin/../lib/gcc/arm-none-eabi/7.3.1/../../../../arm-none-eabi/lib/thumb/v7e-m/fpv4-sp/hard\libc.a(lib_a-strtod.o)
 .rodata.tinytens
                0x0800b668       0x28 c:/ac6/systemworkbench/plugins/fr.ac6.mcu.externaltools.arm-none.win32_1.17.0.201812190825/tools/compiler/bin/../lib/gcc/arm-none-eabi/7.3.1/../../../../arm-none-eabi/lib/thumb/v7e-m/fpv4-sp/hard\libc.a(lib_a-strtod.o)
 .rodata._svfprintf_r.str1.4
                0x0800b690       0x42 c:/ac6/systemworkbench/plugins/fr.ac6.mcu.externaltools.arm-none.win32_1.17.0.201812190825/tools/compiler/bin/../lib/gcc/arm-none-eabi/7.3.1/../../../../arm-none-eabi/lib/thumb/v7e-m/fpv4-sp/hard\libc.a(lib_a-svfprintf.o)
 *fill*         0x0800b6d2        0x2 
 .rodata.blanks.8590
                0x0800b6d4       0x10 c:/ac6/systemworkbench/plugins/fr.ac6.mcu.externaltools.arm-none.win32_1.17.0.201812190825/tools/compiler/bin/../lib/gcc/arm-none-eabi/7.3.1/../../../../arm-none-eabi/lib/thumb/v7e-m/fpv4-sp/hard\libc.a(lib_a-svfprintf.o)
 .rodata.zeroes.8591
                0x0800b6e4       0x10 c:/ac6/systemworkbench/plugins/fr.ac6.mcu.externaltools.arm-none.win32_1.17.0.201812190825/tools/compiler/bin/../lib/gcc/arm-none-eabi/7.3.1/../../../../arm-none-eabi/lib/thumb/v7e-m/fpv4-sp/hard\libc.a(lib_a-svfprintf.o)
 .rodata._dtoa_r.str1.4
                0x0800b6f4       0x10 c:/ac6/systemworkbench/plugins/fr.ac6.mcu.externaltools.arm-none.win32_1.17.0.201812190825/tools/compiler/bin/../lib/gcc/arm-none-eabi/7.3.1/../../../../arm-none-eabi/lib/thumb/v7e-m/fpv4-sp/hard\libc.a(lib_a-dtoa.o)
                                 0x12 (size before relaxing)
 .rodata.__hexdig
                0x0800b704      0x100 c:/ac6/systemworkbench/plugins/fr.ac6.mcu.externaltools.arm-none.win32_1.17.0.201812190825/tools/compiler/bin/../lib/gcc/arm-none-eabi/7.3.1/../../../../arm-none-eabi/lib/thumb/v7e-m/fpv4-sp/hard\libc.a(lib_a-gdtoa-gethex.o)
                0x0800b704                __hexdig
 .rodata._setlocale_r.str1.4
                0x0800b804        0xa c:/ac6/systemworkbench/plugins/fr.ac6.mcu.externaltools.arm-none.win32_1.17.0.201812190825/tools/compiler/bin/../lib/gcc/arm-none-eabi/7.3.1/../../../../arm-none-eabi/lib/thumb/v7e-m/fpv4-sp/hard\libc.a(lib_a-locale.o)
                                  0xd (size before relaxing)
 *fill*         0x0800b80e        0x2 
 .rodata.str1.4
                0x0800b810        0x4 c:/ac6/systemworkbench/plugins/fr.ac6.mcu.externaltools.arm-none.win32_1.17.0.201812190825/tools/compiler/bin/../lib/gcc/arm-none-eabi/7.3.1/../../../../arm-none-eabi/lib/thumb/v7e-m/fpv4-sp/hard\libc.a(lib_a-locale.o)
                                  0x2 (size before relaxing)
 *fill*         0x0800b814        0x4 
 .rodata.__mprec_bigtens
                0x0800b818       0x28 c:/ac6/systemworkbench/plugins/fr.ac6.mcu.externaltools.arm-none.win32_1.17.0.201812190825/tools/compiler/bin/../lib/gcc/arm-none-eabi/7.3.1/../../../../arm-none-eabi/lib/thumb/v7e-m/fpv4-sp/hard\libc.a(lib_a-mprec.o)
                0x0800b818                __mprec_bigtens
 .rodata.__mprec_tens
                0x0800b840       0xc8 c:/ac6/systemworkbench/plugins/fr.ac6.mcu.externaltools.arm-none.win32_1.17.0.201812190825/tools/compiler/bin/../lib/gcc/arm-none-eabi/7.3.1/../../../../arm-none-eabi/lib/thumb/v7e-m/fpv4-sp/hard\libc.a(lib_a-mprec.o)
                0x0800b840                __mprec_tens
 .rodata.p05.7367
                0x0800b908        0xc c:/ac6/systemworkbench/plugins/fr.ac6.mcu.externaltools.arm-none.win32_1.17.0.201812190825/tools/compiler/bin/../lib/gcc/arm-none-eabi/7.3.1/../../../../arm-none-eabi/lib/thumb/v7e-m/fpv4-sp/hard\libc.a(lib_a-mprec.o)
 .rodata._ctype_
                0x0800b914      0x101 c:/ac6/systemworkbench/plugins/fr.ac6.mcu.externaltools.arm-none.win32_1.17.0.201812190825/tools/compiler/bin/../lib/gcc/arm-none-eabi/7.3.1/../../../../arm-none-eabi/lib/thumb/v7e-m/fpv4-sp/hard\libc.a(lib_a-ctype_.o)
                0x0800b914                _ctype_
                0x0800ba18                . = ALIGN (0x8)
 *fill*         0x0800ba15        0x3 

.ARM.extab      0x0800ba18        0x0
                0x0800ba18                . = ALIGN (0x8)
 *(.ARM.extab* .gnu.linkonce.armextab.*)
                0x0800ba18                . = ALIGN (0x8)

.ARM            0x0800ba18        0x8
                0x0800ba18                . = ALIGN (0x8)
                0x0800ba18                __exidx_start = .
 *(.ARM.exidx*)
 .ARM.exidx     0x0800ba18        0x8 c:/ac6/systemworkbench/plugins/fr.ac6.mcu.externaltools.arm-none.win32_1.17.0.201812190825/tools/compiler/bin/../lib/gcc/arm-none-eabi/7.3.1/thumb/v7e-m/fpv4-sp/hard\libgcc.a(_udivmoddi4.o)
                0x0800ba20                __exidx_end = .
                0x0800ba20                . = ALIGN (0x8)

.rel.dyn        0x0800ba20        0x0
 .rel.iplt      0x0800ba20        0x0 c:/ac6/systemworkbench/plugins/fr.ac6.mcu.externaltools.arm-none.win32_1.17.0.201812190825/tools/compiler/bin/../lib/gcc/arm-none-eabi/7.3.1/thumb/v7e-m/fpv4-sp/hard/crtbegin.o

.preinit_array  0x0800ba20        0x0
                0x0800ba20                . = ALIGN (0x8)
                0x0800ba20                PROVIDE (__preinit_array_start = .)
 *(.preinit_array*)
                0x0800ba20                PROVIDE (__preinit_array_end = .)
                0x0800ba20                . = ALIGN (0x8)

.init_array     0x0800ba20        0x8
                0x0800ba20                . = ALIGN (0x8)
                0x0800ba20                PROVIDE (__init_array_start = .)
 *(SORT_BY_NAME(.init_array.*))
 .init_array.00000
                0x0800ba20        0x4 c:/ac6/systemworkbench/plugins/fr.ac6.mcu.externaltools.arm-none.win32_1.17.0.201812190825/tools/compiler/bin/../lib/gcc/arm-none-eabi/7.3.1/../../../../arm-none-eabi/lib/thumb/v7e-m/fpv4-sp/hard\libc.a(lib_a-__call_atexit.o)
 *(.init_array*)
 .init_array    0x0800ba24        0x4 c:/ac6/systemworkbench/plugins/fr.ac6.mcu.externaltools.arm-none.win32_1.17.0.201812190825/tools/compiler/bin/../lib/gcc/arm-none-eabi/7.3.1/thumb/v7e-m/fpv4-sp/hard/crtbegin.o
                0x0800ba28                PROVIDE (__init_array_end = .)
                0x0800ba28                . = ALIGN (0x8)

.fini_array     0x0800ba28        0x8
                0x0800ba28                . = ALIGN (0x8)
                0x0800ba28                PROVIDE (__fini_array_start = .)
 *(SORT_BY_NAME(.fini_array.*))
 *(.fini_array*)
 .fini_array    0x0800ba28        0x4 c:/ac6/systemworkbench/plugins/fr.ac6.mcu.externaltools.arm-none.win32_1.17.0.201812190825/tools/compiler/bin/../lib/gcc/arm-none-eabi/7.3.1/thumb/v7e-m/fpv4-sp/hard/crtbegin.o
                0x0800ba2c                PROVIDE (__fini_array_end = .)
                0x0800ba30                . = ALIGN (0x8)
 *fill*         0x0800ba2c        0x4 
                0x0800ba30                _sidata = LOADADDR (.data)

.data           0x20000000      0x9b8 load address 0x0800ba30
                0x20000000                . = ALIGN (0x8)
                0x20000000                _sdata = .
 *(.data)
 .data          0x20000000        0x4 Application\Main\Src\system_stm32l4xx.o
                0x20000000                SystemCoreClock
 .data          0x20000004        0x1 Middlewares\Third_Party\ACSipLoRaWan\src\acsip-lorawan-lib.o
                0x20000004                debug
 .data          0x20000005        0x1 Middlewares\Third_Party\FatFs\mmc_32L4.o
 *fill*         0x20000006        0x2 
 .data          0x20000008        0x4 Middlewares\Third_Party\FreeRTOS\portable\GCC\ARM_CM4F\port.o
 *(.data*)
 .data._impure_ptr
                0x2000000c        0x4 c:/ac6/systemworkbench/plugins/fr.ac6.mcu.externaltools.arm-none.win32_1.17.0.201812190825/tools/compiler/bin/../lib/gcc/arm-none-eabi/7.3.1/../../../../arm-none-eabi/lib/thumb/v7e-m/fpv4-sp/hard\libc.a(lib_a-impure.o)
                0x2000000c                _impure_ptr
 .data.impure_data
                0x20000010      0x428 c:/ac6/systemworkbench/plugins/fr.ac6.mcu.externaltools.arm-none.win32_1.17.0.201812190825/tools/compiler/bin/../lib/gcc/arm-none-eabi/7.3.1/../../../../arm-none-eabi/lib/thumb/v7e-m/fpv4-sp/hard\libc.a(lib_a-impure.o)
 .data.__atexit_recursive_mutex
                0x20000438        0x4 c:/ac6/systemworkbench/plugins/fr.ac6.mcu.externaltools.arm-none.win32_1.17.0.201812190825/tools/compiler/bin/../lib/gcc/arm-none-eabi/7.3.1/../../../../arm-none-eabi/lib/thumb/v7e-m/fpv4-sp/hard\libc.a(lib_a-__call_atexit.o)
                0x20000438                __atexit_recursive_mutex
 .data.__global_locale
                0x2000043c      0x16c c:/ac6/systemworkbench/plugins/fr.ac6.mcu.externaltools.arm-none.win32_1.17.0.201812190825/tools/compiler/bin/../lib/gcc/arm-none-eabi/7.3.1/../../../../arm-none-eabi/lib/thumb/v7e-m/fpv4-sp/hard\libc.a(lib_a-locale.o)
                0x2000043c                __global_locale
 .data.__malloc_av_
                0x200005a8      0x408 c:/ac6/systemworkbench/plugins/fr.ac6.mcu.externaltools.arm-none.win32_1.17.0.201812190825/tools/compiler/bin/../lib/gcc/arm-none-eabi/7.3.1/../../../../arm-none-eabi/lib/thumb/v7e-m/fpv4-sp/hard\libc.a(lib_a-mallocr.o)
                0x200005a8                __malloc_av_
 .data.__malloc_sbrk_base
                0x200009b0        0x4 c:/ac6/systemworkbench/plugins/fr.ac6.mcu.externaltools.arm-none.win32_1.17.0.201812190825/tools/compiler/bin/../lib/gcc/arm-none-eabi/7.3.1/../../../../arm-none-eabi/lib/thumb/v7e-m/fpv4-sp/hard\libc.a(lib_a-mallocr.o)
                0x200009b0                __malloc_sbrk_base
 .data.__malloc_trim_threshold
                0x200009b4        0x4 c:/ac6/systemworkbench/plugins/fr.ac6.mcu.externaltools.arm-none.win32_1.17.0.201812190825/tools/compiler/bin/../lib/gcc/arm-none-eabi/7.3.1/../../../../arm-none-eabi/lib/thumb/v7e-m/fpv4-sp/hard\libc.a(lib_a-mallocr.o)
                0x200009b4                __malloc_trim_threshold
                0x200009b8                . = ALIGN (0x8)
                0x200009b8                _edata = .
                0x0800c3e8                _sisram2 = LOADADDR (.sram2)

.igot.plt       0x200009b8        0x0 load address 0x0800c3e8
 .igot.plt      0x200009b8        0x0 c:/ac6/systemworkbench/plugins/fr.ac6.mcu.externaltools.arm-none.win32_1.17.0.201812190825/tools/compiler/bin/../lib/gcc/arm-none-eabi/7.3.1/thumb/v7e-m/fpv4-sp/hard/crtbegin.o

.sram2          0x10000000      0x600 load address 0x0800c3e8
                0x10000000                . = ALIGN (0x8)
                0x10000000                _ssram2 = .
 *(.sram2)
 .sram2         0x10000000      0x200 Application\AppRFID\src\app_rfid_task.o
                0x10000000                rfid_buf
                0x10000100                uart3_buf
 .sram2         0x10000200      0x400 Application\Main\Src\debug_print.o
                0x10000200                buf
 *(.sram2*)
                0x10000600                . = ALIGN (0x8)
                0x10000600                _esram2 = .
                0x10000600                . = ALIGN (0x4)

.bss            0x200009b8    0x16b78
                0x200009b8                _sbss = .
                0x200009b8                __bss_start__ = _sbss
 *(.bss)
 .bss           0x200009b8       0x1c c:/ac6/systemworkbench/plugins/fr.ac6.mcu.externaltools.arm-none.win32_1.17.0.201812190825/tools/compiler/bin/../lib/gcc/arm-none-eabi/7.3.1/thumb/v7e-m/fpv4-sp/hard/crtbegin.o
 .bss           0x200009d4        0x4 Application\AppTimeBase\src\app_tmbase_task.o
                0x200009d4                xTmBaseH
 .bss           0x200009d8        0x1 Application\Main\Src\debug_print.o
                0x200009d8                GLOBAL_LOG_LEVEL
 *fill*         0x200009d9        0x3 
 .bss           0x200009dc        0x4 Application\Main\Src\stm32l4xx_it.o
 .bss           0x200009e0        0x4 Driver\ADC\src\adc.o
                0x200009e0                xADCSem
 .bss           0x200009e4        0x8 Driver\Peripheral\src\drv-spi1.o
 .bss           0x200009ec        0x8 Driver\Peripheral\src\drv-uart1.o
 .bss           0x200009f4        0x8 Driver\Peripheral\src\drv-uart2.o
 .bss           0x200009fc        0x8 Driver\Peripheral\src\drv-uart4.o
 .bss           0x20000a04        0x8 Driver\Peripheral\src\drv-uart5.o
 .bss           0x20000a0c      0x201 Middlewares\Third_Party\ACSipLoRaWan\src\acsip-lorawan-lib.o
                0x20000a0c                return_code
 *fill*         0x20000c0d        0x3 
 .bss           0x20000c10        0x9 Middlewares\Third_Party\FatFs\mmc_32L4.o
 *fill*         0x20000c19        0x3 
 .bss           0x20000c1c        0x8 Middlewares\Third_Party\FreeRTOS\portable\GCC\ARM_CM4F\port.o
 .bss           0x20000c24    0x15408 Middlewares\Third_Party\FreeRTOS\portable\MemMang\heap_1.o
 .bss           0x2001602c      0x104 Middlewares\Third_Party\FreeRTOS\tasks.o
                0x20016038                pxCurrentTCB
 .bss           0x20016130       0x3c Middlewares\Third_Party\FreeRTOS\timers.o
 *(.bss*)
 .bss.__malloc_current_mallinfo
                0x2001616c       0x28 c:/ac6/systemworkbench/plugins/fr.ac6.mcu.externaltools.arm-none.win32_1.17.0.201812190825/tools/compiler/bin/../lib/gcc/arm-none-eabi/7.3.1/../../../../arm-none-eabi/lib/thumb/v7e-m/fpv4-sp/hard\libc.a(lib_a-mallocr.o)
                0x2001616c                __malloc_current_mallinfo
 .bss.__malloc_max_sbrked_mem
                0x20016194        0x4 c:/ac6/systemworkbench/plugins/fr.ac6.mcu.externaltools.arm-none.win32_1.17.0.201812190825/tools/compiler/bin/../lib/gcc/arm-none-eabi/7.3.1/../../../../arm-none-eabi/lib/thumb/v7e-m/fpv4-sp/hard\libc.a(lib_a-mallocr.o)
                0x20016194                __malloc_max_sbrked_mem
 .bss.__malloc_max_total_mem
                0x20016198        0x4 c:/ac6/systemworkbench/plugins/fr.ac6.mcu.externaltools.arm-none.win32_1.17.0.201812190825/tools/compiler/bin/../lib/gcc/arm-none-eabi/7.3.1/../../../../arm-none-eabi/lib/thumb/v7e-m/fpv4-sp/hard\libc.a(lib_a-mallocr.o)
                0x20016198                __malloc_max_total_mem
 .bss.__malloc_top_pad
                0x2001619c        0x4 c:/ac6/systemworkbench/plugins/fr.ac6.mcu.externaltools.arm-none.win32_1.17.0.201812190825/tools/compiler/bin/../lib/gcc/arm-none-eabi/7.3.1/../../../../arm-none-eabi/lib/thumb/v7e-m/fpv4-sp/hard\libc.a(lib_a-mallocr.o)
                0x2001619c                __malloc_top_pad
 .bss.heap_end.5377
                0x200161a0        0x4 c:/ac6/systemworkbench/plugins/fr.ac6.mcu.externaltools.arm-none.win32_1.17.0.201812190825/tools/compiler/bin/../lib/gcc/arm-none-eabi/7.3.1/../../../../arm-none-eabi/lib/thumb/v7e-m/fpv4-sp/hard\libnosys.a(sbrk.o)
 *(COMMON)
 COMMON         0x200161a4       0xb0 Application\AppBuzzer\src\app_buzzer_task.o
                0x200161a4                buzzer_proc_state
                0x200161a8                xOilSem
                0x200161ac                t_delay
                0x200161d4                temp_buf
 COMMON         0x20016254      0xa51 Application\AppUMRR\src\app_umrr_task.o
                0x20016254                umrr_pvr_hdr
                0x20016260                uart5_len
                0x20016264                umrr_statistic_feature_msg1
                0x2001626c                os_task_umrr_handle
                0x20016270                uart4_buf
                0x20016670                uart3_len
                0x20016674                umrr_pvr_msg
                0x20016678                umrr_sensor_ctrl_msg
                0x20016680                umrr_obj
                0x2001668c                uart5_buf
                0x2001688c                uart4_len
                0x20016890                umrr_pl_len
                0x20016892                umrr_statistic_time_msg
                0x2001689a                umrr_pdu_sen_resp_sta
                0x2001689b                umrr_pdu_s2c_sta
                0x2001689c                umrr_pl_sta
                0x2001689d                umrr_pl_buf
                0x20016c9d                umrr_statistic_feature_msg2
 *fill*         0x20016ca5        0x3 
 COMMON         0x20016ca8      0x80c Application\Main\Src\main.o
                0x20016ca8                uart2_len
                0x20016cac                uart2_buf
                0x200174ac                gps_loc
 COMMON         0x200174b4        0x8 Driver\Peripheral\src\drv-can1.o
                0x200174b4                xRxCan1QueueH
                0x200174b8                xTxCan1QueueH
 COMMON         0x200174bc        0x8 Driver\Peripheral\src\drv-uart3.o
                0x200174bc                xRxUart3QueueH
                0x200174c0                xTxUart3QueueH
 COMMON         0x200174c4       0x40 Middlewares\Third_Party\FreeRTOS\queue.o
                0x200174c4                xQueueRegistry
 COMMON         0x20017504        0x4 Middlewares\Third_Party\Transtack\lib\transtack\trns-mac.o
                0x20017504                tick_sys
 COMMON         0x20017508       0x21 c:/ac6/systemworkbench/plugins/fr.ac6.mcu.externaltools.arm-none.win32_1.17.0.201812190825/tools/compiler/bin/../lib/gcc/arm-none-eabi/7.3.1/../../../../arm-none-eabi/lib/thumb/v7e-m/fpv4-sp/hard\libc.a(lib_a-lock.o)
                0x20017508                __lock___atexit_recursive_mutex
                0x2001750c                __lock___arc4random_mutex
                0x20017510                __lock___env_recursive_mutex
                0x20017514                __lock___sinit_recursive_mutex
                0x20017518                __lock___malloc_recursive_mutex
                0x2001751c                __lock___at_quick_exit_mutex
                0x20017520                __lock___dd_hash_mutex
                0x20017524                __lock___tz_mutex
                0x20017528                __lock___sfp_recursive_mutex
 *fill*         0x20017529        0x3 
 COMMON         0x2001752c        0x4 c:/ac6/systemworkbench/plugins/fr.ac6.mcu.externaltools.arm-none.win32_1.17.0.201812190825/tools/compiler/bin/../lib/gcc/arm-none-eabi/7.3.1/../../../../arm-none-eabi/lib/thumb/v7e-m/fpv4-sp/hard\libc.a(lib_a-reent.o)
                0x2001752c                errno
                0x20017530                . = ALIGN (0x4)
                0x20017530                _ebss = .
                0x20017530                __bss_end__ = _ebss

._user_heap_stack
                0x20017530      0x600
                0x20017530                . = ALIGN (0x8)
                0x20017530                PROVIDE (end = .)
                [!provide]                PROVIDE (_end = .)
                0x20017730                . = (. + _Min_Heap_Size)
 *fill*         0x20017530      0x200 
                0x20017b30                . = (. + _Min_Stack_Size)
 *fill*         0x20017730      0x400 
                0x20017b30                . = ALIGN (0x8)

/DISCARD/
 libc.a(*)
 libm.a(*)
 libgcc.a(*)

.ARM.attributes
                0x00000000       0x30
 *(.ARM.attributes)
 .ARM.attributes
                0x00000000       0x22 c:/ac6/systemworkbench/plugins/fr.ac6.mcu.externaltools.arm-none.win32_1.17.0.201812190825/tools/compiler/bin/../lib/gcc/arm-none-eabi/7.3.1/thumb/v7e-m/fpv4-sp/hard/crti.o
 .ARM.attributes
                0x00000022       0x34 c:/ac6/systemworkbench/plugins/fr.ac6.mcu.externaltools.arm-none.win32_1.17.0.201812190825/tools/compiler/bin/../lib/gcc/arm-none-eabi/7.3.1/thumb/v7e-m/fpv4-sp/hard/crtbegin.o
 .ARM.attributes
                0x00000056       0x39 Application\AppBuzzer\src\app_buzzer_task.o
 .ARM.attributes
                0x0000008f       0x39 Application\AppFuel\src\app_fuel_task.o
 .ARM.attributes
                0x000000c8       0x39 Application\AppRFID\src\app_rfid_task.o
 .ARM.attributes
                0x00000101       0x39 Application\AppTimeBase\src\app_tmbase_task.o
 .ARM.attributes
                0x0000013a       0x39 Application\AppUMRR\src\app_umrr_task.o
 .ARM.attributes
                0x00000173       0x39 Application\BSP\src\transcode_bsp.o
 .ARM.attributes
                0x000001ac       0x39 Application\Main\Src\debug_print.o
 .ARM.attributes
                0x000001e5       0x39 Application\Main\Src\main.o
 .ARM.attributes
                0x0000021e       0x39 Application\Main\Src\stm32l4xx_it.o
 .ARM.attributes
                0x00000257       0x39 Application\Main\Src\system_stm32l4xx.o
 .ARM.attributes
                0x00000290       0x39 Driver\ADC\src\adc.o
 .ARM.attributes
                0x000002c9       0x39 Driver\Peripheral\src\drv-can1.o
 .ARM.attributes
                0x00000302       0x39 Driver\Peripheral\src\drv-spi1.o
 .ARM.attributes
                0x0000033b       0x39 Driver\Peripheral\src\drv-uart1.o
 .ARM.attributes
                0x00000374       0x39 Driver\Peripheral\src\drv-uart2.o
 .ARM.attributes
                0x000003ad       0x39 Driver\Peripheral\src\drv-uart3.o
 .ARM.attributes
                0x000003e6       0x39 Driver\Peripheral\src\drv-uart4.o
 .ARM.attributes
                0x0000041f       0x39 Driver\Peripheral\src\drv-uart5.o
 .ARM.attributes
                0x00000458       0x39 Middlewares\Third_Party\ACSipLoRaWan\src\acsip-lorawan-lib.o
 .ARM.attributes
                0x00000491       0x39 Middlewares\Third_Party\FatFs\mmc_32L4.o
 .ARM.attributes
                0x000004ca       0x39 Middlewares\Third_Party\FreeRTOS\list.o
 .ARM.attributes
                0x00000503       0x39 Middlewares\Third_Party\FreeRTOS\portable\GCC\ARM_CM4F\port.o
 .ARM.attributes
                0x0000053c       0x39 Middlewares\Third_Party\FreeRTOS\portable\MemMang\heap_1.o
 .ARM.attributes
                0x00000575       0x39 Middlewares\Third_Party\FreeRTOS\queue.o
 .ARM.attributes
                0x000005ae       0x39 Middlewares\Third_Party\FreeRTOS\tasks.o
 .ARM.attributes
                0x000005e7       0x39 Middlewares\Third_Party\FreeRTOS\timers.o
 .ARM.attributes
                0x00000620       0x39 Middlewares\Third_Party\Transtack\lib\transtack\trns-mac.o
 .ARM.attributes
                0x00000659       0x21 STM32L4-Lib\Drivers\CMSIS\Device\ST\STM32L4xx\Source\Templates\gcc\startup_stm32l476xx.o
 .ARM.attributes
                0x0000067a       0x39 STM32L4-Lib\Drivers\STM32L4xx_HAL_Driver\Src\stm32l4xx_ll_utils.o
 .ARM.attributes
                0x000006b3       0x22 c:/ac6/systemworkbench/plugins/fr.ac6.mcu.externaltools.arm-none.win32_1.17.0.201812190825/tools/compiler/bin/../lib/gcc/arm-none-eabi/7.3.1/thumb/v7e-m/fpv4-sp/hard\libgcc.a(_arm_addsubdf3.o)
 .ARM.attributes
                0x000006d5       0x22 c:/ac6/systemworkbench/plugins/fr.ac6.mcu.externaltools.arm-none.win32_1.17.0.201812190825/tools/compiler/bin/../lib/gcc/arm-none-eabi/7.3.1/thumb/v7e-m/fpv4-sp/hard\libgcc.a(_arm_muldivdf3.o)
 .ARM.attributes
                0x000006f7       0x22 c:/ac6/systemworkbench/plugins/fr.ac6.mcu.externaltools.arm-none.win32_1.17.0.201812190825/tools/compiler/bin/../lib/gcc/arm-none-eabi/7.3.1/thumb/v7e-m/fpv4-sp/hard\libgcc.a(_arm_fixdfsi.o)
 .ARM.attributes
                0x00000719       0x22 c:/ac6/systemworkbench/plugins/fr.ac6.mcu.externaltools.arm-none.win32_1.17.0.201812190825/tools/compiler/bin/../lib/gcc/arm-none-eabi/7.3.1/thumb/v7e-m/fpv4-sp/hard\libgcc.a(_arm_fixunsdfsi.o)
 .ARM.attributes
                0x0000073b       0x22 c:/ac6/systemworkbench/plugins/fr.ac6.mcu.externaltools.arm-none.win32_1.17.0.201812190825/tools/compiler/bin/../lib/gcc/arm-none-eabi/7.3.1/thumb/v7e-m/fpv4-sp/hard\libgcc.a(_aeabi_uldivmod.o)
 .ARM.attributes
                0x0000075d       0x34 c:/ac6/systemworkbench/plugins/fr.ac6.mcu.externaltools.arm-none.win32_1.17.0.201812190825/tools/compiler/bin/../lib/gcc/arm-none-eabi/7.3.1/thumb/v7e-m/fpv4-sp/hard\libgcc.a(_udivmoddi4.o)
 .ARM.attributes
                0x00000791       0x22 c:/ac6/systemworkbench/plugins/fr.ac6.mcu.externaltools.arm-none.win32_1.17.0.201812190825/tools/compiler/bin/../lib/gcc/arm-none-eabi/7.3.1/thumb/v7e-m/fpv4-sp/hard\libgcc.a(_dvmd_tls.o)
 .ARM.attributes
                0x000007b3       0x34 c:/ac6/systemworkbench/plugins/fr.ac6.mcu.externaltools.arm-none.win32_1.17.0.201812190825/tools/compiler/bin/../lib/gcc/arm-none-eabi/7.3.1/../../../../arm-none-eabi/lib/thumb/v7e-m/fpv4-sp/hard\libc.a(lib_a-impure.o)
 .ARM.attributes
                0x000007e7       0x34 c:/ac6/systemworkbench/plugins/fr.ac6.mcu.externaltools.arm-none.win32_1.17.0.201812190825/tools/compiler/bin/../lib/gcc/arm-none-eabi/7.3.1/../../../../arm-none-eabi/lib/thumb/v7e-m/fpv4-sp/hard\libc.a(lib_a-init.o)
 .ARM.attributes
                0x0000081b       0x34 c:/ac6/systemworkbench/plugins/fr.ac6.mcu.externaltools.arm-none.win32_1.17.0.201812190825/tools/compiler/bin/../lib/gcc/arm-none-eabi/7.3.1/../../../../arm-none-eabi/lib/thumb/v7e-m/fpv4-sp/hard\libc.a(lib_a-memcmp.o)
 .ARM.attributes
                0x0000084f       0x20 c:/ac6/systemworkbench/plugins/fr.ac6.mcu.externaltools.arm-none.win32_1.17.0.201812190825/tools/compiler/bin/../lib/gcc/arm-none-eabi/7.3.1/../../../../arm-none-eabi/lib/thumb/v7e-m/fpv4-sp/hard\libc.a(lib_a-memcpy.o)
 .ARM.attributes
                0x0000086f       0x34 c:/ac6/systemworkbench/plugins/fr.ac6.mcu.externaltools.arm-none.win32_1.17.0.201812190825/tools/compiler/bin/../lib/gcc/arm-none-eabi/7.3.1/../../../../arm-none-eabi/lib/thumb/v7e-m/fpv4-sp/hard\libc.a(lib_a-memset.o)
 .ARM.attributes
                0x000008a3       0x34 c:/ac6/systemworkbench/plugins/fr.ac6.mcu.externaltools.arm-none.win32_1.17.0.201812190825/tools/compiler/bin/../lib/gcc/arm-none-eabi/7.3.1/../../../../arm-none-eabi/lib/thumb/v7e-m/fpv4-sp/hard\libc.a(lib_a-sprintf.o)
 .ARM.attributes
                0x000008d7       0x34 c:/ac6/systemworkbench/plugins/fr.ac6.mcu.externaltools.arm-none.win32_1.17.0.201812190825/tools/compiler/bin/../lib/gcc/arm-none-eabi/7.3.1/../../../../arm-none-eabi/lib/thumb/v7e-m/fpv4-sp/hard\libc.a(lib_a-strchr.o)
 .ARM.attributes
                0x0000090b       0x34 c:/ac6/systemworkbench/plugins/fr.ac6.mcu.externaltools.arm-none.win32_1.17.0.201812190825/tools/compiler/bin/../lib/gcc/arm-none-eabi/7.3.1/../../../../arm-none-eabi/lib/thumb/v7e-m/fpv4-sp/hard\libc.a(lib_a-strcpy.o)
 .ARM.attributes
                0x0000093f       0x20 c:/ac6/systemworkbench/plugins/fr.ac6.mcu.externaltools.arm-none.win32_1.17.0.201812190825/tools/compiler/bin/../lib/gcc/arm-none-eabi/7.3.1/../../../../arm-none-eabi/lib/thumb/v7e-m/fpv4-sp/hard\libc.a(lib_a-strlen.o)
 .ARM.attributes
                0x0000095f       0x34 c:/ac6/systemworkbench/plugins/fr.ac6.mcu.externaltools.arm-none.win32_1.17.0.201812190825/tools/compiler/bin/../lib/gcc/arm-none-eabi/7.3.1/../../../../arm-none-eabi/lib/thumb/v7e-m/fpv4-sp/hard\libc.a(lib_a-strstr.o)
 .ARM.attributes
                0x00000993       0x34 c:/ac6/systemworkbench/plugins/fr.ac6.mcu.externaltools.arm-none.win32_1.17.0.201812190825/tools/compiler/bin/../lib/gcc/arm-none-eabi/7.3.1/../../../../arm-none-eabi/lib/thumb/v7e-m/fpv4-sp/hard\libc.a(lib_a-strtod.o)
 .ARM.attributes
                0x000009c7       0x34 c:/ac6/systemworkbench/plugins/fr.ac6.mcu.externaltools.arm-none.win32_1.17.0.201812190825/tools/compiler/bin/../lib/gcc/arm-none-eabi/7.3.1/../../../../arm-none-eabi/lib/thumb/v7e-m/fpv4-sp/hard\libc.a(lib_a-svfprintf.o)
 .ARM.attributes
                0x000009fb       0x34 c:/ac6/systemworkbench/plugins/fr.ac6.mcu.externaltools.arm-none.win32_1.17.0.201812190825/tools/compiler/bin/../lib/gcc/arm-none-eabi/7.3.1/../../../../arm-none-eabi/lib/thumb/v7e-m/fpv4-sp/hard\libc.a(lib_a-vsnprintf.o)
 .ARM.attributes
                0x00000a2f       0x34 c:/ac6/systemworkbench/plugins/fr.ac6.mcu.externaltools.arm-none.win32_1.17.0.201812190825/tools/compiler/bin/../lib/gcc/arm-none-eabi/7.3.1/../../../../arm-none-eabi/lib/thumb/v7e-m/fpv4-sp/hard\libc.a(lib_a-__call_atexit.o)
 .ARM.attributes
                0x00000a63       0x34 c:/ac6/systemworkbench/plugins/fr.ac6.mcu.externaltools.arm-none.win32_1.17.0.201812190825/tools/compiler/bin/../lib/gcc/arm-none-eabi/7.3.1/../../../../arm-none-eabi/lib/thumb/v7e-m/fpv4-sp/hard\libc.a(lib_a-atexit.o)
 .ARM.attributes
                0x00000a97       0x34 c:/ac6/systemworkbench/plugins/fr.ac6.mcu.externaltools.arm-none.win32_1.17.0.201812190825/tools/compiler/bin/../lib/gcc/arm-none-eabi/7.3.1/../../../../arm-none-eabi/lib/thumb/v7e-m/fpv4-sp/hard\libc.a(lib_a-dtoa.o)
 .ARM.attributes
                0x00000acb       0x34 c:/ac6/systemworkbench/plugins/fr.ac6.mcu.externaltools.arm-none.win32_1.17.0.201812190825/tools/compiler/bin/../lib/gcc/arm-none-eabi/7.3.1/../../../../arm-none-eabi/lib/thumb/v7e-m/fpv4-sp/hard\libc.a(lib_a-fini.o)
 .ARM.attributes
                0x00000aff       0x34 c:/ac6/systemworkbench/plugins/fr.ac6.mcu.externaltools.arm-none.win32_1.17.0.201812190825/tools/compiler/bin/../lib/gcc/arm-none-eabi/7.3.1/../../../../arm-none-eabi/lib/thumb/v7e-m/fpv4-sp/hard\libc.a(lib_a-freer.o)
 .ARM.attributes
                0x00000b33       0x34 c:/ac6/systemworkbench/plugins/fr.ac6.mcu.externaltools.arm-none.win32_1.17.0.201812190825/tools/compiler/bin/../lib/gcc/arm-none-eabi/7.3.1/../../../../arm-none-eabi/lib/thumb/v7e-m/fpv4-sp/hard\libc.a(lib_a-gdtoa-gethex.o)
 .ARM.attributes
                0x00000b67       0x34 c:/ac6/systemworkbench/plugins/fr.ac6.mcu.externaltools.arm-none.win32_1.17.0.201812190825/tools/compiler/bin/../lib/gcc/arm-none-eabi/7.3.1/../../../../arm-none-eabi/lib/thumb/v7e-m/fpv4-sp/hard\libc.a(lib_a-gdtoa-hexnan.o)
 .ARM.attributes
                0x00000b9b       0x34 c:/ac6/systemworkbench/plugins/fr.ac6.mcu.externaltools.arm-none.win32_1.17.0.201812190825/tools/compiler/bin/../lib/gcc/arm-none-eabi/7.3.1/../../../../arm-none-eabi/lib/thumb/v7e-m/fpv4-sp/hard\libc.a(lib_a-locale.o)
 .ARM.attributes
                0x00000bcf       0x34 c:/ac6/systemworkbench/plugins/fr.ac6.mcu.externaltools.arm-none.win32_1.17.0.201812190825/tools/compiler/bin/../lib/gcc/arm-none-eabi/7.3.1/../../../../arm-none-eabi/lib/thumb/v7e-m/fpv4-sp/hard\libc.a(lib_a-localeconv.o)
 .ARM.attributes
                0x00000c03       0x34 c:/ac6/systemworkbench/plugins/fr.ac6.mcu.externaltools.arm-none.win32_1.17.0.201812190825/tools/compiler/bin/../lib/gcc/arm-none-eabi/7.3.1/../../../../arm-none-eabi/lib/thumb/v7e-m/fpv4-sp/hard\libc.a(lib_a-lock.o)
 .ARM.attributes
                0x00000c37       0x34 c:/ac6/systemworkbench/plugins/fr.ac6.mcu.externaltools.arm-none.win32_1.17.0.201812190825/tools/compiler/bin/../lib/gcc/arm-none-eabi/7.3.1/../../../../arm-none-eabi/lib/thumb/v7e-m/fpv4-sp/hard\libc.a(lib_a-mallocr.o)
 .ARM.attributes
                0x00000c6b       0x34 c:/ac6/systemworkbench/plugins/fr.ac6.mcu.externaltools.arm-none.win32_1.17.0.201812190825/tools/compiler/bin/../lib/gcc/arm-none-eabi/7.3.1/../../../../arm-none-eabi/lib/thumb/v7e-m/fpv4-sp/hard\libc.a(lib_a-mbtowc_r.o)
 .ARM.attributes
                0x00000c9f       0x20 c:/ac6/systemworkbench/plugins/fr.ac6.mcu.externaltools.arm-none.win32_1.17.0.201812190825/tools/compiler/bin/../lib/gcc/arm-none-eabi/7.3.1/../../../../arm-none-eabi/lib/thumb/v7e-m/fpv4-sp/hard\libc.a(lib_a-memchr.o)
 .ARM.attributes
                0x00000cbf       0x34 c:/ac6/systemworkbench/plugins/fr.ac6.mcu.externaltools.arm-none.win32_1.17.0.201812190825/tools/compiler/bin/../lib/gcc/arm-none-eabi/7.3.1/../../../../arm-none-eabi/lib/thumb/v7e-m/fpv4-sp/hard\libc.a(lib_a-mlock.o)
 .ARM.attributes
                0x00000cf3       0x34 c:/ac6/systemworkbench/plugins/fr.ac6.mcu.externaltools.arm-none.win32_1.17.0.201812190825/tools/compiler/bin/../lib/gcc/arm-none-eabi/7.3.1/../../../../arm-none-eabi/lib/thumb/v7e-m/fpv4-sp/hard\libc.a(lib_a-mprec.o)
 .ARM.attributes
                0x00000d27       0x34 c:/ac6/systemworkbench/plugins/fr.ac6.mcu.externaltools.arm-none.win32_1.17.0.201812190825/tools/compiler/bin/../lib/gcc/arm-none-eabi/7.3.1/../../../../arm-none-eabi/lib/thumb/v7e-m/fpv4-sp/hard\libc.a(lib_a-s_frexp.o)
 .ARM.attributes