Archive member included to satisfy reference by file (symbol)

c:/ac6/systemworkbench/plugins/fr.ac6.mcu.externaltools.arm-none.win32_1.17.0.201812190825/tools/compiler/bin/../lib/gcc/arm-none-eabi/7.3.1/thumb/v7e-m/fpv4-sp/hard\libgcc.a(_arm_addsubdf3.o)
                              Application\AppUMRR\src\app_umrr_task.o (__aeabi_dsub)
c:/ac6/systemworkbench/plugins/fr.ac6.mcu.externaltools.arm-none.win32_1.17.0.201812190825/tools/compiler/bin/../lib/gcc/arm-none-eabi/7.3.1/thumb/v7e-m/fpv4-sp/hard\libgcc.a(_arm_muldivdf3.o)
                              Application\AppUMRR\src\app_umrr_task.o (__aeabi_dmul)
c:/ac6/systemworkbench/plugins/fr.ac6.mcu.externaltools.arm-none.win32_1.17.0.201812190825/tools/compiler/bin/../lib/gcc/arm-none-eabi/7.3.1/thumb/v7e-m/fpv4-sp/hard\libgcc.a(_arm_fixdfsi.o)
                              Application\AppUMRR\src\app_umrr_task.o (__aeabi_d2iz)
c:/ac6/systemworkbench/plugins/fr.ac6.mcu.externaltools.arm-none.win32_1.17.0.201812190825/tools/compiler/bin/../lib/gcc/arm-none-eabi/7.3.1/thumb/v7e-m/fpv4-sp/hard\libgcc.a(_arm_fixunsdfsi.o)
                              Application\Main\Src\main.o (__aeabi_d2uiz)
c:/ac6/systemworkbench/plugins/fr.ac6.mcu.externaltools.arm-none.win32_1.17.0.201812190825/tools/compiler/bin/../lib/gcc/arm-none-eabi/7.3.1/thumb/v7e-m/fpv4-sp/hard\libgcc.a(_aeabi_ldivmod.o)
                              STM32L4-Lib\Drivers\STM32L4xx_HAL_Driver\Src\stm32l4xx_ll_lpuart.o (__aeabi_ldivmod)
c:/ac6/systemworkbench/plugins/fr.ac6.mcu.externaltools.arm-none.win32_1.17.0.201812190825/tools/compiler/bin/../lib/gcc/arm-none-eabi/7.3.1/thumb/v7e-m/fpv4-sp/hard\libgcc.a(_aeabi_uldivmod.o)
                              STM32L4-Lib\Drivers\STM32L4xx_HAL_Driver\Src\stm32l4xx_ll_lpuart.o (__aeabi_uldivmod)
c:/ac6/systemworkbench/plugins/fr.ac6.mcu.externaltools.arm-none.win32_1.17.0.201812190825/tools/compiler/bin/../lib/gcc/arm-none-eabi/7.3.1/thumb/v7e-m/fpv4-sp/hard\libgcc.a(_udivmoddi4.o)
                              c:/ac6/systemworkbench/plugins/fr.ac6.mcu.externaltools.arm-none.win32_1.17.0.201812190825/tools/compiler/bin/../lib/gcc/arm-none-eabi/7.3.1/thumb/v7e-m/fpv4-sp/hard\libgcc.a(_aeabi_ldivmod.o) (__udivmoddi4)
c:/ac6/systemworkbench/plugins/fr.ac6.mcu.externaltools.arm-none.win32_1.17.0.201812190825/tools/compiler/bin/../lib/gcc/arm-none-eabi/7.3.1/thumb/v7e-m/fpv4-sp/hard\libgcc.a(_dvmd_tls.o)
                              c:/ac6/systemworkbench/plugins/fr.ac6.mcu.externaltools.arm-none.win32_1.17.0.201812190825/tools/compiler/bin/../lib/gcc/arm-none-eabi/7.3.1/thumb/v7e-m/fpv4-sp/hard\libgcc.a(_aeabi_ldivmod.o) (__aeabi_ldiv0)
c:/ac6/systemworkbench/plugins/fr.ac6.mcu.externaltools.arm-none.win32_1.17.0.201812190825/tools/compiler/bin/../lib/gcc/arm-none-eabi/7.3.1/../../../../arm-none-eabi/lib/thumb/v7e-m/fpv4-sp/hard\libc.a(lib_a-atoi.o)
                              Middlewares\Third_Party\GPS\src\gps.o (atoi)
c:/ac6/systemworkbench/plugins/fr.ac6.mcu.externaltools.arm-none.win32_1.17.0.201812190825/tools/compiler/bin/../lib/gcc/arm-none-eabi/7.3.1/../../../../arm-none-eabi/lib/thumb/v7e-m/fpv4-sp/hard\libc.a(lib_a-exit.o)
                              c:/ac6/systemworkbench/plugins/fr.ac6.mcu.externaltools.arm-none.win32_1.17.0.201812190825/tools/compiler/bin/../lib/gcc/arm-none-eabi/7.3.1/../../../../arm-none-eabi/lib/thumb/v7e-m/fpv4-sp/hard/crt0.o (exit)
c:/ac6/systemworkbench/plugins/fr.ac6.mcu.externaltools.arm-none.win32_1.17.0.201812190825/tools/compiler/bin/../lib/gcc/arm-none-eabi/7.3.1/../../../../arm-none-eabi/lib/thumb/v7e-m/fpv4-sp/hard\libc.a(lib_a-impure.o)
                              c:/ac6/systemworkbench/plugins/fr.ac6.mcu.externaltools.arm-none.win32_1.17.0.201812190825/tools/compiler/bin/../lib/gcc/arm-none-eabi/7.3.1/../../../../arm-none-eabi/lib/thumb/v7e-m/fpv4-sp/hard\libc.a(lib_a-exit.o) (_global_impure_ptr)
c:/ac6/systemworkbench/plugins/fr.ac6.mcu.externaltools.arm-none.win32_1.17.0.201812190825/tools/compiler/bin/../lib/gcc/arm-none-eabi/7.3.1/../../../../arm-none-eabi/lib/thumb/v7e-m/fpv4-sp/hard\libc.a(lib_a-init.o)
                              c:/ac6/systemworkbench/plugins/fr.ac6.mcu.externaltools.arm-none.win32_1.17.0.201812190825/tools/compiler/bin/../lib/gcc/arm-none-eabi/7.3.1/../../../../arm-none-eabi/lib/thumb/v7e-m/fpv4-sp/hard/crt0.o (__libc_init_array)
c:/ac6/systemworkbench/plugins/fr.ac6.mcu.externaltools.arm-none.win32_1.17.0.201812190825/tools/compiler/bin/../lib/gcc/arm-none-eabi/7.3.1/../../../../arm-none-eabi/lib/thumb/v7e-m/fpv4-sp/hard\libc.a(lib_a-memcmp.o)
                              Middlewares\Third_Party\GPS\src\gps.o (memcmp)
c:/ac6/systemworkbench/plugins/fr.ac6.mcu.externaltools.arm-none.win32_1.17.0.201812190825/tools/compiler/bin/../lib/gcc/arm-none-eabi/7.3.1/../../../../arm-none-eabi/lib/thumb/v7e-m/fpv4-sp/hard\libc.a(lib_a-memcpy.o)
                              Application\AppOBD2\src\app_obd2_task.o (memcpy)
[...]
Memory Configuration

Name             Origin             Length             Attributes
FLASH            0x08000000         0x00100000         xr
RAM              0x20000000         0x00018000         xrw
SRAM2            0x10000000         0x00008000         xrw
*default*        0x00000000         0xffffffff

Linker script and memory map

LOAD c:/ac6/systemworkbench/plugins/fr.ac6.mcu.externaltools.arm-none.win32_1.17.0.201812190825/tools/compiler/bin/../lib/gcc/arm-none-eabi/7.3.1/thumb/v7e-m/fpv4-sp/hard/crti.o
LOAD c:/ac6/systemworkbench/plugins/fr.ac6.mcu.externaltools.arm-none.win32_1.17.0.201812190825/tools/compiler/bin/../lib/gcc/arm-none-eabi/7.3.1/thumb/v7e-m/fpv4-sp/hard/crtbegin.o
LOAD c:/ac6/systemworkbench/plugins/fr.ac6.mcu.externaltools.arm-none.win32_1.17.0.201812190825/tools/compiler/bin/../lib/gcc/arm-none-eabi/7.3.1/../../../../arm-none-eabi/lib/thumb/v7e-m/fpv4-sp/hard/crt0.o
LOAD c:/ac6/systemworkbench/plugins/fr.ac6.mcu.externaltools.arm-none.win32_1.17.0.201812190825/tools/compiler/bin/../lib/gcc/arm-none-eabi/7.3.1/../../../../arm-none-eabi/lib/thumb/v7e-m/fpv4-sp/hard\libm.a
LOAD Application\AppBuzzer\src\app_buzzer_task.o
LOAD Application\AppDIO\src\app_dio_task.o
LOAD Application\AppFuel\src\app_fuel_task.o
LOAD Application\AppOBD2\src\app_obd2_task.o
LOAD Application\AppPM\src\app_pm_task.o
LOAD Application\AppRFID\src\app_rfid_task.o
LOAD Application\AppSDCard\src\app_sdcard_task.o
LOAD Application\AppTimeBase\src\app_tmbase_task.o
LOAD Application\AppTranstack\src\app_trns-callback.o
LOAD Application\AppTranstack\src\app_trns-task.o
LOAD Application\AppTranstack\src\app_trns-transceiver.o
LOAD Application\AppUMRR\src\app_umrr_task.o
LOAD Application\BSP\src\transcode_bsp.o
LOAD Application\Main\Src\debug_print.o
LOAD Application\Main\Src\main.o
LOAD Application\Main\Src\stm32l4xx_it.o
LOAD Application\Main\Src\system_stm32l4xx.o
LOAD Driver\ADC\src\adc.o
LOAD Driver\Camera\LS-Y201\drv-ls-y201.o
LOAD Driver\Peripheral\src\drv-can1.o
LOAD Driver\Peripheral\src\drv-spi1.o
LOAD Driver\Peripheral\src\drv-uart1.o
LOAD Driver\Peripheral\src\drv-uart2.o
LOAD Driver\Peripheral\src\drv-uart3.o
LOAD Driver\Peripheral\src\drv-uart4.o
LOAD Driver\Peripheral\src\drv-uart5.o
LOAD Driver\Service\src\service_peripheral.o
LOAD Driver\tm_stm32f4_swo\tm_stm32f4_swo.o
LOAD Middlewares\Third_Party\ACSipLoRaWan\src\acsip-lorawan-lib.o
LOAD Middlewares\Third_Party\FatFs\ff12b\src\ff.o
LOAD Middlewares\Third_Party\FatFs\mmc_32L4.o
LOAD Middlewares\Third_Party\FreeRTOS\croutine.o
LOAD Middlewares\Third_Party\FreeRTOS\event_groups.o
LOAD Middlewares\Third_Party\FreeRTOS\list.o
LOAD Middlewares\Third_Party\FreeRTOS\portable\Common\mpu_wrappers.o
LOAD Middlewares\Third_Party\FreeRTOS\portable\GCC\ARM_CM4F\port.o
LOAD Middlewares\Third_Party\FreeRTOS\portable\MemMang\heap_1.o
LOAD Middlewares\Third_Party\FreeRTOS\queue.o
LOAD Middlewares\Third_Party\FreeRTOS\tasks.o
LOAD Middlewares\Third_Party\FreeRTOS\timers.o
LOAD Middlewares\Third_Party\GPS\src\gps.o
LOAD Middlewares\Third_Party\OBD2\src\obd2-lib.o
LOAD Middlewares\Third_Party\Transtack\lib\bstack\b-mac.o
LOAD Middlewares\Third_Party\Transtack\lib\crc\crc.o
LOAD Middlewares\Third_Party\Transtack\lib\moving_avg\moving-avg.o
LOAD Middlewares\Third_Party\Transtack\lib\transtack\trns-llc.o
LOAD Middlewares\Third_Party\Transtack\lib\transtack\trns-mac.o
LOAD STM32L4-Lib\Drivers\CMSIS\Device\ST\STM32L4xx\Source\Templates\gcc\startup_stm32l476xx.o
LOAD STM32L4-Lib\Drivers\STM32L4xx_HAL_Driver\Src\stm32l4xx_ll_adc.o
LOAD STM32L4-Lib\Drivers\STM32L4xx_HAL_Driver\Src\stm32l4xx_ll_comp.o
LOAD STM32L4-Lib\Drivers\STM32L4xx_HAL_Driver\Src\stm32l4xx_ll_crc.o
LOAD STM32L4-Lib\Drivers\STM32L4xx_HAL_Driver\Src\stm32l4xx_ll_crs.o
LOAD STM32L4-Lib\Drivers\STM32L4xx_HAL_Driver\Src\stm32l4xx_ll_dac.o
LOAD STM32L4-Lib\Drivers\STM32L4xx_HAL_Driver\Src\stm32l4xx_ll_dma.o
LOAD STM32L4-Lib\Drivers\STM32L4xx_HAL_Driver\Src\stm32l4xx_ll_exti.o
LOAD STM32L4-Lib\Drivers\STM32L4xx_HAL_Driver\Src\stm32l4xx_ll_gpio.o
LOAD STM32L4-Lib\Drivers\STM32L4xx_HAL_Driver\Src\stm32l4xx_ll_i2c.o
LOAD STM32L4-Lib\Drivers\STM32L4xx_HAL_Driver\Src\stm32l4xx_ll_lptim.o
LOAD STM32L4-Lib\Drivers\STM32L4xx_HAL_Driver\Src\stm32l4xx_ll_lpuart.o
LOAD STM32L4-Lib\Drivers\STM32L4xx_HAL_Driver\Src\stm32l4xx_ll_opamp.o
LOAD STM32L4-Lib\Drivers\STM32L4xx_HAL_Driver\Src\stm32l4xx_ll_pwr.o
LOAD STM32L4-Lib\Drivers\STM32L4xx_HAL_Driver\Src\stm32l4xx_ll_rcc.o
LOAD STM32L4-Lib\Drivers\STM32L4xx_HAL_Driver\Src\stm32l4xx_ll_rng.o
LOAD STM32L4-Lib\Drivers\STM32L4xx_HAL_Driver\Src\stm32l4xx_ll_rtc.o
LOAD STM32L4-Lib\Drivers\STM32L4xx_HAL_Driver\Src\stm32l4xx_ll_sdmmc.o
LOAD STM32L4-Lib\Drivers\STM32L4xx_HAL_Driver\Src\stm32l4xx_ll_spi.o
LOAD STM32L4-Lib\Drivers\STM32L4xx_HAL_Driver\Src\stm32l4xx_ll_swpmi.o
LOAD STM32L4-Lib\Drivers\STM32L4xx_HAL_Driver\Src\stm32l4xx_ll_tim.o
LOAD STM32L4-Lib\Drivers\STM32L4xx_HAL_Driver\Src\stm32l4xx_ll_usart.o
LOAD STM32L4-Lib\Drivers\STM32L4xx_HAL_Driver\Src\stm32l4xx_ll_usb.o
LOAD STM32L4-Lib\Drivers\STM32L4xx_HAL_Driver\Src\stm32l4xx_ll_utils.o
START GROUP
LOAD c:/ac6/systemworkbench/plugins/fr.ac6.mcu.externaltools.arm-none.win32_1.17.0.201812190825/tools/compiler/bin/../lib/gcc/arm-none-eabi/7.3.1/thumb/v7e-m/fpv4-sp/hard\libgcc.a
LOAD c:/ac6/systemworkbench/plugins/fr.ac6.mcu.externaltools.arm-none.win32_1.17.0.201812190825/tools/compiler/bin/../lib/gcc/arm-none-eabi/7.3.1/../../../../arm-none-eabi/lib/thumb/v7e-m/fpv4-sp/hard\libc.a
END GROUP
START GROUP
LOAD c:/ac6/systemworkbench/plugins/fr.ac6.mcu.externaltools.arm-none.win32_1.17.0.201812190825/tools/compiler/bin/../lib/gcc/arm-none-eabi/7.3.1/thumb/v7e-m/fpv4-sp/hard\libgcc.a
LOAD c:/ac6/systemworkbench/plugins/fr.ac6.mcu.externaltools.arm-none.win32_1.17.0.201812190825/tools/compiler/bin/../lib/gcc/arm-none-eabi/7.3.1/../../../../arm-none-eabi/lib/thumb/v7e-m/fpv4-sp/hard\libc.a
LOAD c:/ac6/systemworkbench/plugins/fr.ac6.mcu.externaltools.arm-none.win32_1.17.0.201812190825/tools/compiler/bin/../lib/gcc/arm-none-eabi/7.3.1/../../../../arm-none-eabi/lib/thumb/v7e-m/fpv4-sp/hard\libnosys.a
END GROUP
LOAD c:/ac6/systemworkbench/plugins/fr.ac6.mcu.externaltools.arm-none.win32_1.17.0.201812190825/tools/compiler/bin/../lib/gcc/arm-none-eabi/7.3.1/thumb/v7e-m/fpv4-sp/hard/crtend.o
LOAD c:/ac6/systemworkbench/plugins/fr.ac6.mcu.externaltools.arm-none.win32_1.17.0.201812190825/tools/compiler/bin/../lib/gcc/arm-none-eabi/7.3.1/thumb/v7e-m/fpv4-sp/hard/crtn.o
                0x20018000                _estack = 0x20018000
                0x00000200                _Min_Heap_Size = 0x200
                0x00000400                _Min_Stack_Size = 0x400

.isr_vector     0x08000000      0x188
                0x08000000                . = ALIGN (0x8)
 *(.isr_vector)
 .isr_vector    0x08000000      0x188 STM32L4-Lib\Drivers\CMSIS\Device\ST\STM32L4xx\Source\Templates\gcc\startup_stm32l476xx.o
                0x08000000                g_pfnVectors
                0x08000188                . = ALIGN (0x8)

.text           0x080001c0     0xd368
                0x080001c0                . = ALIGN (0x8)
 *(.text)
 .text          0x080001c0       0x40 c:/ac6/systemworkbench/plugins/fr.ac6.mcu.externaltools.arm-none.win32_1.17.0.201812190825/tools/compiler/bin/../lib/gcc/arm-none-eabi/7.3.1/thumb/v7e-m/fpv4-sp/hard/crtbegin.o
 .text          0x08000200      0x378 c:/ac6/systemworkbench/plugins/fr.ac6.mcu.externaltools.arm-none.win32_1.17.0.201812190825/tools/compiler/bin/../lib/gcc/arm-none-eabi/7.3.1/thumb/v7e-m/fpv4-sp/hard\libgcc.a(_arm_addsubdf3.o)
                0x08000200                __aeabi_drsub
                0x08000208                __aeabi_dsub
                0x08000208                __subdf3
                0x0800020c                __aeabi_dadd
                0x0800020c                __adddf3
                0x08000484                __floatunsidf
                0x08000484                __aeabi_ui2d
                0x080004a4                __floatsidf
                0x080004a4                __aeabi_i2d
                0x080004c8                __aeabi_f2d
                0x080004c8                __extendsfdf2
                0x0800050c                __floatundidf
                0x0800050c                __aeabi_ul2d
                0x0800051c                __floatdidf
                0x0800051c                __aeabi_l2d
 .text          0x08000578      0x424 c:/ac6/systemworkbench/plugins/fr.ac6.mcu.externaltools.arm-none.win32_1.17.0.201812190825/tools/compiler/bin/../lib/gcc/arm-none-eabi/7.3.1/thumb/v7e-m/fpv4-sp/hard\libgcc.a(_arm_muldivdf3.o)
                0x08000578                __aeabi_dmul
                0x08000578                __muldf3
                0x080007cc                __divdf3
                0x080007cc                __aeabi_ddiv
 .text          0x0800099c       0x50 c:/ac6/systemworkbench/plugins/fr.ac6.mcu.externaltools.arm-none.win32_1.17.0.201812190825/tools/compiler/bin/../lib/gcc/arm-none-eabi/7.3.1/thumb/v7e-m/fpv4-sp/hard\libgcc.a(_arm_fixdfsi.o)
                0x0800099c                __aeabi_d2iz
                0x0800099c                __fixdfsi
 .text          0x080009ec       0x40 c:/ac6/systemworkbench/plugins/fr.ac6.mcu.externaltools.arm-none.win32_1.17.0.201812190825/tools/compiler/bin/../lib/gcc/arm-none-eabi/7.3.1/thumb/v7e-m/fpv4-sp/hard\libgcc.a(_arm_fixunsdfsi.o)
                0x080009ec                __aeabi_d2uiz
                0x080009ec                __fixunsdfsi
 .text          0x08000a2c       0x30 c:/ac6/systemworkbench/plugins/fr.ac6.mcu.externaltools.arm-none.win32_1.17.0.201812190825/tools/compiler/bin/../lib/gcc/arm-none-eabi/7.3.1/thumb/v7e-m/fpv4-sp/hard\libgcc.a(_aeabi_uldivmod.o)
                0x08000a2c                __aeabi_uldivmod
 .text          0x08000a5c      0x2cc c:/ac6/systemworkbench/plugins/fr.ac6.mcu.externaltools.arm-none.win32_1.17.0.201812190825/tools/compiler/bin/../lib/gcc/arm-none-eabi/7.3.1/thumb/v7e-m/fpv4-sp/hard\libgcc.a(_udivmoddi4.o)
                0x08000a5c                __udivmoddi4
 .text          0x08000d28        0x4 c:/ac6/systemworkbench/plugins/fr.ac6.mcu.externaltools.arm-none.win32_1.17.0.201812190825/tools/compiler/bin/../lib/gcc/arm-none-eabi/7.3.1/thumb/v7e-m/fpv4-sp/hard\libgcc.a(_dvmd_tls.o)
                0x08000d28                __aeabi_idiv0
                0x08000d28                __aeabi_ldiv0
 .text          0x08000d2c      0x134 c:/ac6/systemworkbench/plugins/fr.ac6.mcu.externaltools.arm-none.win32_1.17.0.201812190825/tools/compiler/bin/../lib/gcc/arm-none-eabi/7.3.1/../../../../arm-none-eabi/lib/thumb/v7e-m/fpv4-sp/hard\libc.a(lib_a-memcpy.o)
                0x08000d2c                memcpy
 *fill*         0x08000e60       0x20 
 .text          0x08000e80       0xdc c:/ac6/systemworkbench/plugins/fr.ac6.mcu.externaltools.arm-none.win32_1.17.0.201812190825/tools/compiler/bin/../lib/gcc/arm-none-eabi/7.3.1/../../../../arm-none-eabi/lib/thumb/v7e-m/fpv4-sp/hard\libc.a(lib_a-strlen.o)
                0x08000e80                strlen
 *fill*         0x08000f5c        0x4 
 .text          0x08000f60       0xa0 c:/ac6/systemworkbench/plugins/fr.ac6.mcu.externaltools.arm-none.win32_1.17.0.201812190825/tools/compiler/bin/../lib/gcc/arm-none-eabi/7.3.1/../../../../arm-none-eabi/lib/thumb/v7e-m/fpv4-sp/hard\libc.a(lib_a-memchr.o)
                0x08000f60                memchr
 .text          0x08001000      0x110 c:/ac6/systemworkbench/plugins/fr.ac6.mcu.externaltools.arm-none.win32_1.17.0.201812190825/tools/compiler/bin/../lib/gcc/arm-none-eabi/7.3.1/thumb/v7e-m/fpv4-sp/hard\libgcc.a(_arm_cmpdf2.o)
                0x08001000                __gtdf2
                0x08001000                __gedf2
                0x08001008                __ltdf2
                0x08001008                __ledf2
                0x08001010                __nedf2
                0x08001010                __eqdf2
                0x08001010                __cmpdf2
                0x0800108c                __aeabi_cdrcmple
                0x0800109c                __aeabi_cdcmpeq
                0x0800109c                __aeabi_cdcmple
                0x080010ac                __aeabi_dcmpeq
                0x080010c0                __aeabi_dcmplt
                0x080010d4                __aeabi_dcmple
                0x080010e8                __aeabi_dcmpge
                0x080010fc                __aeabi_dcmpgt
 .text          0x08001110       0x2c c:/ac6/systemworkbench/plugins/fr.ac6.mcu.externaltools.arm-none.win32_1.17.0.201812190825/tools/compiler/bin/../lib/gcc/arm-none-eabi/7.3.1/thumb/v7e-m/fpv4-sp/hard\libgcc.a(_arm_unorddf2.o)
                0x08001110                __unorddf2
                0x08001110                __aeabi_dcmpun
 *(.text*)
 .text.fuel_trigger_cbk
                0x0800113c       0x10 Application\AppFuel\src\app_fuel_task.o
                0x0800113c                fuel_trigger_cbk
 .text.os_tmbase_task
                0x0800114c       0x1c Application\AppTimeBase\src\app_tmbase_task.o
 .text.os_tmbase_task_create
                0x08001168       0x28 Application\AppTimeBase\src\app_tmbase_task.o
                0x08001168                os_tmbase_task_create
 .text.LL_AHB2_GRP1_EnableClock
                0x08001190       0x1c Application\BSP\src\transcode_bsp.o
 .text.SystemClock_Config
                0x080011ac       0xe4 Application\BSP\src\transcode_bsp.o
                0x080011ac                SystemClock_Config
 .text.blink_led
                0x08001290       0x18 Application\BSP\src\transcode_bsp.o
                0x08001290                blink_led
 .text.init_led
                0x080012a8       0x72 Application\BSP\src\transcode_bsp.o
                0x080012a8                init_led
 *fill*         0x0800131a        0x2 
 .text.log_format
                0x0800131c       0x78 Application\Main\Src\debug_print.o
                0x0800131c                log_format
 .text.startup.main
                0x08001394      0x194 Application\Main\Src\main.o
                0x08001394                main
 .text.sip_testing
                0x08001528      0x1c8 Application\Main\Src\main.o
                0x08001528                sip_testing
 .text.mac_testing
                0x080016f0      0x828 Application\Main\Src\main.o
                0x080016f0                mac_testing
 .text.rf_testing
                0x08001f18      0x328 Application\Main\Src\main.o
                0x08001f18                rf_testing
 .text.rm_testing
                0x08002240      0x1a0 Application\Main\Src\main.o
                0x08002240                rm_testing
 .text.gps_testing
                0x080023e0      0x13c Application\Main\Src\main.o
                0x080023e0                gps_testing
 *fill*         0x0800251c        0x4 
 .text.osTestTask
                0x08002520      0x150 Application\Main\Src\main.o
 .text.vApplicationTickHook
                0x08002670        0x2 Application\Main\Src\main.o
                0x08002670                vApplicationTickHook
 .text.vApplicationMallocFailedHook
                0x08002672       0x1c Application\Main\Src\main.o
                0x08002672                vApplicationMallocFailedHook
 .text.vApplicationStackOverflowHook
                0x0800268e       0x1c Application\Main\Src\main.o
                0x0800268e                vApplicationStackOverflowHook
 .text.NMI_Handler
                0x080026aa        0x2 Application\Main\Src\stm32l4xx_it.o
                0x080026aa                NMI_Handler
 .text.HardFault_Handler
                0x080026ac        0xa Application\Main\Src\stm32l4xx_it.o
                0x080026ac                HardFault_Handler
 .text.MemManage_Handler
                0x080026b6        0x6 Application\Main\Src\stm32l4xx_it.o
                0x080026b6                MemManage_Handler
 .text.BusFault_Handler
                0x080026bc        0x6 Application\Main\Src\stm32l4xx_it.o
                0x080026bc                BusFault_Handler
 .text.UsageFault_Handler
                0x080026c2        0x2 Application\Main\Src\stm32l4xx_it.o
                0x080026c2                UsageFault_Handler
 .text.DebugMon_Handler
                0x080026c4        0x2 Application\Main\Src\stm32l4xx_it.o
                0x080026c4                DebugMon_Handler
 .text.DMA1_Channel7_IRQHandler
                0x080026c6        0x2 Application\Main\Src\stm32l4xx_it.o
                0x080026c6                DMA1_Channel7_IRQHandler
 .text.DMA1_Channel6_IRQHandler
                0x080026c8        0x2 Application\Main\Src\stm32l4xx_it.o
                0x080026c8                DMA1_Channel6_IRQHandler
 .text.USART1_IRQHandler
                0x080026ca        0x4 Application\Main\Src\stm32l4xx_it.o
                0x080026ca                USART1_IRQHandler
 .text.USART2_IRQHandler
                0x080026ce        0x4 Application\Main\Src\stm32l4xx_it.o
                0x080026ce                USART2_IRQHandler
 .text.USART3_IRQHandler
                0x080026d2        0x4 Application\Main\Src\stm32l4xx_it.o
                0x080026d2                USART3_IRQHandler
 .text.UART4_IRQHandler
                0x080026d6        0x4 Application\Main\Src\stm32l4xx_it.o
                0x080026d6                UART4_IRQHandler
 .text.UART5_IRQHandler
                0x080026da        0x4 Application\Main\Src\stm32l4xx_it.o
                0x080026da                UART5_IRQHandler
 .text.SPI1_IRQHandler
                0x080026de        0x4 Application\Main\Src\stm32l4xx_it.o
                0x080026de                SPI1_IRQHandler
 .text.CAN1_TX_IRQHandler
                0x080026e2        0x4 Application\Main\Src\stm32l4xx_it.o
                0x080026e2                CAN1_TX_IRQHandler
 .text.CAN1_RX0_IRQHandler
                0x080026e6        0x4 Application\Main\Src\stm32l4xx_it.o
                0x080026e6                CAN1_RX0_IRQHandler
 *fill*         0x080026ea        0x2 
 .text.ADC3_IRQHandler
                0x080026ec       0x1c Application\Main\Src\stm32l4xx_it.o
                0x080026ec                ADC3_IRQHandler
 .text.ADC1_2_IRQHandler
                0x08002708       0x14 Application\Main\Src\stm32l4xx_it.o
                0x08002708                ADC1_2_IRQHandler
 .text.EXTI15_10_IRQHandler
                0x0800271c       0x18 Application\Main\Src\stm32l4xx_it.o
                0x0800271c                EXTI15_10_IRQHandler
 .text.TIM1_UP_TIM16_IRQHandler
                0x08002734       0x50 Application\Main\Src\stm32l4xx_it.o
                0x08002734                TIM1_UP_TIM16_IRQHandler
 .text.SystemInit
                0x08002784       0x48 Application\Main\Src\system_stm32l4xx.o
                0x08002784                SystemInit
 .text.LL_GPIO_SetPinMode.constprop.7
                0x080027cc       0x34 Driver\ADC\src\adc.o
 .text.Configure_ADC
                0x08002800      0x128 Driver\ADC\src\adc.o
                0x08002800                Configure_ADC
 .text.Activate_ADC
                0x08002928       0x98 Driver\ADC\src\adc.o
                0x08002928                Activate_ADC
 .text.xInit_adc
                0x080029c0       0x2c Driver\ADC\src\adc.o
                0x080029c0                xInit_adc
 .text.write_ff0_can1
                0x080029ec       0x84 Driver\Peripheral\src\drv-can1.o
                0x080029ec                write_ff0_can1
 .text.OS_CAN1_TX_ISR_HANDLER
                0x08002a70       0x5c Driver\Peripheral\src\drv-can1.o
                0x08002a70                OS_CAN1_TX_ISR_HANDLER
 .text.read_ff0_can1
                0x08002acc       0x88 Driver\Peripheral\src\drv-can1.o
                0x08002acc                read_ff0_can1
 .text.OS_CAN1_RX0_ISR_HANDLER
                0x08002b54       0x48 Driver\Peripheral\src\drv-can1.o
                0x08002b54                OS_CAN1_RX0_ISR_HANDLER
 .text.vSPI1_ISR_HANDLER
                0x08002b9c       0x84 Driver\Peripheral\src\drv-spi1.o
                0x08002b9c                vSPI1_ISR_HANDLER
 .text.os_init_uart1
                0x08002c20      0x248 Driver\Peripheral\src\drv-uart1.o
                0x08002c20                os_init_uart1
 .text.OS_UART1_ISR_HANDLER
                0x08002e68       0x90 Driver\Peripheral\src\drv-uart1.o
                0x08002e68                OS_UART1_ISR_HANDLER
 .text.os_init_uart2
                0x08002ef8      0x248 Driver\Peripheral\src\drv-uart2.o
                0x08002ef8                os_init_uart2
 .text.os_getc_uart2
                0x08003140       0x1c Driver\Peripheral\src\drv-uart2.o
                0x08003140                os_getc_uart2
 .text.os_putc_uart2
                0x0800315c       0x34 Driver\Peripheral\src\drv-uart2.o
                0x0800315c                os_putc_uart2
 .text.os_puts_uart2
                0x08003190       0x14 Driver\Peripheral\src\drv-uart2.o
                0x08003190                os_puts_uart2
 .text.os_write_uart2
                0x080031a4       0x20 Driver\Peripheral\src\drv-uart2.o
                0x080031a4                os_write_uart2
 .text.os_read_uart2
                0x080031c4       0x24 Driver\Peripheral\src\drv-uart2.o
                0x080031c4                os_read_uart2
 .text.OS_UART2_ISR_HANDLER
                0x080031e8       0x90 Driver\Peripheral\src\drv-uart2.o
                0x080031e8                OS_UART2_ISR_HANDLER
 .text.os_init_uart3
                0x08003278      0x250 Driver\Peripheral\src\drv-uart3.o
                0x08003278                os_init_uart3
 .text.os_getc_uart3
                0x080034c8       0x1c Driver\Peripheral\src\drv-uart3.o
                0x080034c8                os_getc_uart3
 .text.os_putc_uart3
                0x080034e4       0x34 Driver\Peripheral\src\drv-uart3.o
                0x080034e4                os_putc_uart3
 .text.os_puts_uart3
                0x08003518       0x14 Driver\Peripheral\src\drv-uart3.o
                0x08003518                os_puts_uart3
 .text.os_write_uart3
                0x0800352c       0x20 Driver\Peripheral\src\drv-uart3.o
                0x0800352c                os_write_uart3
 .text.os_read_uart3
                0x0800354c       0x24 Driver\Peripheral\src\drv-uart3.o
                0x0800354c                os_read_uart3
 .text.OS_UART3_ISR_HANDLER
                0x08003570       0x94 Driver\Peripheral\src\drv-uart3.o
                0x08003570                OS_UART3_ISR_HANDLER
 .text.LL_GPIO_SetAFPin_8_15.constprop.4
                0x08003604       0x30 Driver\Peripheral\src\drv-uart4.o
 .text.LL_GPIO_SetPinSpeed.constprop.6
                0x08003634       0x2c Driver\Peripheral\src\drv-uart4.o
 .text.LL_GPIO_SetPinMode.constprop.7
                0x08003660       0x2e Driver\Peripheral\src\drv-uart4.o
 *fill*         0x0800368e        0x2 
 .text.os_init_uart4
                0x08003690      0x200 Driver\Peripheral\src\drv-uart4.o
                0x08003690                os_init_uart4
 .text.OS_UART4_ISR_HANDLER
                0x08003890       0x90 Driver\Peripheral\src\drv-uart4.o
                0x08003890                OS_UART4_ISR_HANDLER
 .text.os_init_uart5
                0x08003920      0x274 Driver\Peripheral\src\drv-uart5.o
                0x08003920                os_init_uart5
 .text.OS_UART5_ISR_HANDLER
                0x08003b94       0x90 Driver\Peripheral\src\drv-uart5.o
                0x08003b94                OS_UART5_ISR_HANDLER
 .text.read_ack_uart2_blocked
                0x08003c24       0xb8 Middlewares\Third_Party\ACSipLoRaWan\src\acsip-lorawan-lib.o
                0x08003c24                read_ack_uart2_blocked
 .text.transfer_acsip
                0x08003cdc      0x110 Middlewares\Third_Party\ACSipLoRaWan\src\acsip-lorawan-lib.o
                0x08003cdc                transfer_acsip
 .text.get_acsip
                0x08003dec       0x38 Middlewares\Third_Party\ACSipLoRaWan\src\acsip-lorawan-lib.o
                0x08003dec                get_acsip
 .text.sip_factory_reset_acsip
                0x08003e24       0x20 Middlewares\Third_Party\ACSipLoRaWan\src\acsip-lorawan-lib.o
                0x08003e24                sip_factory_reset_acsip
 .text.sip_get_ver_acsip
                0x08003e44       0x20 Middlewares\Third_Party\ACSipLoRaWan\src\acsip-lorawan-lib.o
                0x08003e44                sip_get_ver_acsip
 .text.sip_get_hw_deveui_acsip
                0x08003e64       0x20 Middlewares\Third_Party\ACSipLoRaWan\src\acsip-lorawan-lib.o
                0x08003e64                sip_get_hw_deveui_acsip
 .text.sip_reset_acsip
                0x08003e84       0x20 Middlewares\Third_Party\ACSipLoRaWan\src\acsip-lorawan-lib.o
                0x08003e84                sip_reset_acsip
 .text.sip_get_hw_model_acsip
                0x08003ea4       0x20 Middlewares\Third_Party\ACSipLoRaWan\src\acsip-lorawan-lib.o
                0x08003ea4                sip_get_hw_model_acsip
 .text.sip_set_echo_acsip
                0x08003ec4       0x44 Middlewares\Third_Party\ACSipLoRaWan\src\acsip-lorawan-lib.o
                0x08003ec4                sip_set_echo_acsip
 .text.sip_set_log_info_acsip
                0x08003f08       0x24 Middlewares\Third_Party\ACSipLoRaWan\src\acsip-lorawan-lib.o
                0x08003f08                sip_set_log_info_acsip
 .text.sip_sleep_acsip
                0x08003f2c       0x48 Middlewares\Third_Party\ACSipLoRaWan\src\acsip-lorawan-lib.o
                0x08003f2c                sip_sleep_acsip
 .text.sip_set_baudrate_acsip
                0x08003f74       0x38 Middlewares\Third_Party\ACSipLoRaWan\src\acsip-lorawan-lib.o
                0x08003f74                sip_set_baudrate_acsip
 .text.sip_get_hw_model_ver_acsip
                0x08003fac       0x20 Middlewares\Third_Party\ACSipLoRaWan\src\acsip-lorawan-lib.o
                0x08003fac                sip_get_hw_model_ver_acsip
 .text.sip_set_gpio_mode_acsip
                0x08003fcc       0x38 Middlewares\Third_Party\ACSipLoRaWan\src\acsip-lorawan-lib.o
                0x08003fcc                sip_set_gpio_mode_acsip
 .text.sip_set_gpio_acsip
                0x08004004       0x38 Middlewares\Third_Party\ACSipLoRaWan\src\acsip-lorawan-lib.o
                0x08004004                sip_set_gpio_acsip
 .text.sip_get_gpio_acsip
                0x0800403c       0x30 Middlewares\Third_Party\ACSipLoRaWan\src\acsip-lorawan-lib.o
                0x0800403c                sip_get_gpio_acsip
 .text.sip_get_uuid_acsip
                0x0800406c       0x20 Middlewares\Third_Party\ACSipLoRaWan\src\acsip-lorawan-lib.o
                0x0800406c                sip_get_uuid_acsip
 .text.sip_get_storage_acsip
                0x0800408c       0x20 Middlewares\Third_Party\ACSipLoRaWan\src\acsip-lorawan-lib.o
                0x0800408c                sip_get_storage_acsip
 .text.sip_set_iap_acsip
                0x080040ac       0x44 Middlewares\Third_Party\ACSipLoRaWan\src\acsip-lorawan-lib.o
                0x080040ac                sip_set_iap_acsip
 .text.sip_set_iap_mode_acsip
                0x080040f0       0x44 Middlewares\Third_Party\ACSipLoRaWan\src\acsip-lorawan-lib.o
                0x080040f0                sip_set_iap_mode_acsip
 .text.mac_join_acsip
                0x08004134       0x68 Middlewares\Third_Party\ACSipLoRaWan\src\acsip-lorawan-lib.o
                0x08004134                mac_join_acsip
 .text.mac_save_acsip
                0x0800419c       0x24 Middlewares\Third_Party\ACSipLoRaWan\src\acsip-lorawan-lib.o
                0x0800419c                mac_save_acsip
 .text.mac_get_join_status_acsip
                0x080041c0       0x20 Middlewares\Third_Party\ACSipLoRaWan\src\acsip-lorawan-lib.o
                0x080041c0                mac_get_join_status_acsip
 .text.mac_set_linkchk_acsip
                0x080041e0       0x24 Middlewares\Third_Party\ACSipLoRaWan\src\acsip-lorawan-lib.o
                0x080041e0                mac_set_linkchk_acsip
 .text.mac_set_deveui_acsip
                0x08004204       0x34 Middlewares\Third_Party\ACSipLoRaWan\src\acsip-lorawan-lib.o
                0x08004204                mac_set_deveui_acsip
 .text.mac_set_appeui_acsip
                0x08004238       0x34 Middlewares\Third_Party\ACSipLoRaWan\src\acsip-lorawan-lib.o
                0x08004238                mac_set_appeui_acsip
 .text.mac_set_appkey_acsip
                0x0800426c       0x34 Middlewares\Third_Party\ACSipLoRaWan\src\acsip-lorawan-lib.o
                0x0800426c                mac_set_appkey_acsip
 .text.mac_set_devaddr_acsip
                0x080042a0       0x34 Middlewares\Third_Party\ACSipLoRaWan\src\acsip-lorawan-lib.o
                0x080042a0                mac_set_devaddr_acsip
 .text.mac_set_nwkskey_acsip
                0x080042d4       0x34 Middlewares\Third_Party\ACSipLoRaWan\src\acsip-lorawan-lib.o
                0x080042d4                mac_set_nwkskey_acsip
 .text.mac_set_appskey_acsip
                0x08004308       0x34 Middlewares\Third_Party\ACSipLoRaWan\src\acsip-lorawan-lib.o
                0x08004308                mac_set_appskey_acsip
 .text.mac_set_power_acsip
                0x0800433c       0x34 Middlewares\Third_Party\ACSipLoRaWan\src\acsip-lorawan-lib.o
                0x0800433c                mac_set_power_acsip
 .text.mac_set_dr_acsip
                0x08004370       0x34 Middlewares\Third_Party\ACSipLoRaWan\src\acsip-lorawan-lib.o
                0x08004370                mac_set_dr_acsip
 .text.mac_set_adr_acsip
                0x080043a4       0x44 Middlewares\Third_Party\ACSipLoRaWan\src\acsip-lorawan-lib.o
                0x080043a4                mac_set_adr_acsip
 .text.mac_set_txretry_acsip
                0x080043e8       0x34 Middlewares\Third_Party\ACSipLoRaWan\src\acsip-lorawan-lib.o
                0x080043e8                mac_set_txretry_acsip
 .text.mac_set_rxdelay1_acsip
                0x0800441c       0x34 Middlewares\Third_Party\ACSipLoRaWan\src\acsip-lorawan-lib.o
                0x0800441c                mac_set_rxdelay1_acsip
 .text.mac_set_rx2_acsip
                0x08004450       0x38 Middlewares\Third_Party\ACSipLoRaWan\src\acsip-lorawan-lib.o
                0x08004450                mac_set_rx2_acsip
 .text.mac_set_sync_acsip
                0x08004488       0x34 Middlewares\Third_Party\ACSipLoRaWan\src\acsip-lorawan-lib.o
                0x08004488                mac_set_sync_acsip
 .text.mac_set_ch_freq_acsip
                0x080044bc       0x38 Middlewares\Third_Party\ACSipLoRaWan\src\acsip-lorawan-lib.o
                0x080044bc                mac_set_ch_freq_acsip
 .text.mac_set_ch_dr_range
                0x080044f4       0x38 Middlewares\Third_Party\ACSipLoRaWan\src\acsip-lorawan-lib.o
                0x080044f4                mac_set_ch_dr_range
 .text.mac_set_ch_status_acsip
                0x0800452c       0x48 Middlewares\Third_Party\ACSipLoRaWan\src\acsip-lorawan-lib.o
                0x0800452c                mac_set_ch_status_acsip
 .text.mac_set_dc_ctl_acsip
                0x08004574       0x44 Middlewares\Third_Party\ACSipLoRaWan\src\acsip-lorawan-lib.o
                0x08004574                mac_set_dc_ctl_acsip
 .text.mac_set_dc_band_acsip
                0x080045b8       0x38 Middlewares\Third_Party\ACSipLoRaWan\src\acsip-lorawan-lib.o
                0x080045b8                mac_set_dc_band_acsip
 .text.mac_set_join_ch_acsip
                0x080045f0       0x48 Middlewares\Third_Party\ACSipLoRaWan\src\acsip-lorawan-lib.o
                0x080045f0                mac_set_join_ch_acsip
 .text.mac_set_upcnt_acsip
                0x08004638       0x34 Middlewares\Third_Party\ACSipLoRaWan\src\acsip-lorawan-lib.o
                0x08004638                mac_set_upcnt_acsip
 .text.mac_set_downcnt_acsip
                0x0800466c       0x34 Middlewares\Third_Party\ACSipLoRaWan\src\acsip-lorawan-lib.o
                0x0800466c                mac_set_downcnt_acsip
 .text.mac_set_class_acsip
                0x080046a0       0x44 Middlewares\Third_Party\ACSipLoRaWan\src\acsip-lorawan-lib.o
                0x080046a0                mac_set_class_acsip
 .text.mac_get_devaddr_acsip
                0x080046e4       0x20 Middlewares\Third_Party\ACSipLoRaWan\src\acsip-lorawan-lib.o
                0x080046e4                mac_get_devaddr_acsip
 .text.mac_get_deveui_acsip
                0x08004704       0x20 Middlewares\Third_Party\ACSipLoRaWan\src\acsip-lorawan-lib.o
                0x08004704                mac_get_deveui_acsip
 .text.mac_get_appeui_acsip
                0x08004724       0x20 Middlewares\Third_Party\ACSipLoRaWan\src\acsip-lorawan-lib.o
                0x08004724                mac_get_appeui_acsip
 .text.mac_get_nwkskey_acsip
                0x08004744       0x20 Middlewares\Third_Party\ACSipLoRaWan\src\acsip-lorawan-lib.o
                0x08004744                mac_get_nwkskey_acsip
 .text.mac_get_appskey_acsip
                0x08004764       0x20 Middlewares\Third_Party\ACSipLoRaWan\src\acsip-lorawan-lib.o
                0x08004764                mac_get_appskey_acsip
 .text.mac_get_appkey_acsip
                0x08004784       0x20 Middlewares\Third_Party\ACSipLoRaWan\src\acsip-lorawan-lib.o
                0x08004784                mac_get_appkey_acsip
 .text.mac_get_dr_acsip
                0x080047a4       0x20 Middlewares\Third_Party\ACSipLoRaWan\src\acsip-lorawan-lib.o
                0x080047a4                mac_get_dr_acsip
 .text.mac_get_band_acsip
                0x080047c4       0x20 Middlewares\Third_Party\ACSipLoRaWan\src\acsip-lorawan-lib.o
                0x080047c4                mac_get_band_acsip
 .text.mac_get_power_acsip
                0x080047e4       0x20 Middlewares\Third_Party\ACSipLoRaWan\src\acsip-lorawan-lib.o
                0x080047e4                mac_get_power_acsip
 .text.mac_get_adr_acsip
                0x08004804       0x20 Middlewares\Third_Party\ACSipLoRaWan\src\acsip-lorawan-lib.o
                0x08004804                mac_get_adr_acsip
 .text.mac_get_txretry_acsip
                0x08004824       0x20 Middlewares\Third_Party\ACSipLoRaWan\src\acsip-lorawan-lib.o
                0x08004824                mac_get_txretry_acsip
 .text.mac_get_rxdelay_acsip
                0x08004844       0x20 Middlewares\Third_Party\ACSipLoRaWan\src\acsip-lorawan-lib.o
                0x08004844                mac_get_rxdelay_acsip
 .text.mac_get_rx2_acsip
                0x08004864       0x20 Middlewares\Third_Party\ACSipLoRaWan\src\acsip-lorawan-lib.o
                0x08004864                mac_get_rx2_acsip
 .text.mac_get_sync_acsip
                0x08004884       0x20 Middlewares\Third_Party\ACSipLoRaWan\src\acsip-lorawan-lib.o
                0x08004884                mac_get_sync_acsip
 .text.mac_get_ch_para_acsip
                0x080048a4       0x2c Middlewares\Third_Party\ACSipLoRaWan\src\acsip-lorawan-lib.o
                0x080048a4                mac_get_ch_para_acsip
 .text.mac_get_ch_status_acsip
                0x080048d0       0x2c Middlewares\Third_Party\ACSipLoRaWan\src\acsip-lorawan-lib.o
                0x080048d0                mac_get_ch_status_acsip
 .text.mac_get_dc_ctl_acsip
                0x080048fc       0x20 Middlewares\Third_Party\ACSipLoRaWan\src\acsip-lorawan-lib.o
                0x080048fc                mac_get_dc_ctl_acsip
 .text.mac_get_dc_band_acsip
                0x0800491c       0x2c Middlewares\Third_Party\ACSipLoRaWan\src\acsip-lorawan-lib.o
                0x0800491c                mac_get_dc_band_acsip
 .text.mac_get_join_ch_acsip
                0x08004948       0x20 Middlewares\Third_Party\ACSipLoRaWan\src\acsip-lorawan-lib.o
                0x08004948                mac_get_join_ch_acsip
 .text.mac_get_upcnt_acsip
                0x08004968       0x20 Middlewares\Third_Party\ACSipLoRaWan\src\acsip-lorawan-lib.o
                0x08004968                mac_get_upcnt_acsip
 .text.mac_get_downcnt_acsip
                0x08004988       0x20 Middlewares\Third_Party\ACSipLoRaWan\src\acsip-lorawan-lib.o
                0x08004988                mac_get_downcnt_acsip
 .text.mac_get_class_acsip
                0x080049a8       0x20 Middlewares\Third_Party\ACSipLoRaWan\src\acsip-lorawan-lib.o
                0x080049a8                mac_get_class_acsip
 .text.mac_set_tx_mode_acsip
                0x080049c8       0x44 Middlewares\Third_Party\ACSipLoRaWan\src\acsip-lorawan-lib.o
                0x080049c8                mac_set_tx_mode_acsip
 .text.mac_get_tx_mode_acsip
                0x08004a0c       0x20 Middlewares\Third_Party\ACSipLoRaWan\src\acsip-lorawan-lib.o
                0x08004a0c                mac_get_tx_mode_acsip
 .text.mac_set_batt_acsip
                0x08004a2c       0x34 Middlewares\Third_Party\ACSipLoRaWan\src\acsip-lorawan-lib.o
                0x08004a2c                mac_set_batt_acsip
 .text.mac_get_batt_acsip
                0x08004a60       0x20 Middlewares\Third_Party\ACSipLoRaWan\src\acsip-lorawan-lib.o
                0x08004a60                mac_get_batt_acsip
 .text.mac_set_tx_confirm_acsip
                0x08004a80       0x44 Middlewares\Third_Party\ACSipLoRaWan\src\acsip-lorawan-lib.o
                0x08004a80                mac_set_tx_confirm_acsip
 .text.mac_get_tx_confirm_acsip
                0x08004ac4       0x20 Middlewares\Third_Party\ACSipLoRaWan\src\acsip-lorawan-lib.o
                0x08004ac4                mac_get_tx_confirm_acsip
 .text.mac_set_claa_acsip
                0x08004ae4       0x34 Middlewares\Third_Party\ACSipLoRaWan\src\acsip-lorawan-lib.o
                0x08004ae4                mac_set_claa_acsip
 .text.mac_get_claa_acsip
                0x08004b18       0x20 Middlewares\Third_Party\ACSipLoRaWan\src\acsip-lorawan-lib.o
                0x08004b18                mac_get_claa_acsip
 .text.mac_set_getchinfo_acsip
                0x08004b38       0x24 Middlewares\Third_Party\ACSipLoRaWan\src\acsip-lorawan-lib.o
                0x08004b38                mac_set_getchinfo_acsip
 .text.mac_set_gettimeinfo_acsip
                0x08004b5c       0x24 Middlewares\Third_Party\ACSipLoRaWan\src\acsip-lorawan-lib.o
                0x08004b5c                mac_set_gettimeinfo_acsip
 .text.mac_set_jumboframe_acsip
                0x08004b80       0x24 Middlewares\Third_Party\ACSipLoRaWan\src\acsip-lorawan-lib.o
                0x08004b80                mac_set_jumboframe_acsip
 .text.mac_set_lbt_acsip
                0x08004ba4       0x44 Middlewares\Third_Party\ACSipLoRaWan\src\acsip-lorawan-lib.o
                0x08004ba4                mac_set_lbt_acsip
 .text.mac_get_lbt_acsip
                0x08004be8       0x20 Middlewares\Third_Party\ACSipLoRaWan\src\acsip-lorawan-lib.o
                0x08004be8                mac_get_lbt_acsip
 .text.mac_set_uplink_dwell_acsip
                0x08004c08       0x44 Middlewares\Third_Party\ACSipLoRaWan\src\acsip-lorawan-lib.o
                0x08004c08                mac_set_uplink_dwell_acsip
 .text.mac_get_uplink_dwell_acsip
                0x08004c4c       0x20 Middlewares\Third_Party\ACSipLoRaWan\src\acsip-lorawan-lib.o
                0x08004c4c                mac_get_uplink_dwell_acsip
 .text.mac_set_downlink_dwell_acsip
                0x08004c6c       0x44 Middlewares\Third_Party\ACSipLoRaWan\src\acsip-lorawan-lib.o
                0x08004c6c                mac_set_downlink_dwell_acsip
 .text.mac_get_downlink_dwell_acsip
                0x08004cb0       0x20 Middlewares\Third_Party\ACSipLoRaWan\src\acsip-lorawan-lib.o
                0x08004cb0                mac_get_downlink_dwell_acsip
 .text.mac_set_max_eirp_acsip
                0x08004cd0       0x34 Middlewares\Third_Party\ACSipLoRaWan\src\acsip-lorawan-lib.o
                0x08004cd0                mac_set_max_eirp_acsip
 .text.mac_get_max_eirp_acsip
                0x08004d04       0x20 Middlewares\Third_Party\ACSipLoRaWan\src\acsip-lorawan-lib.o
                0x08004d04                mac_get_max_eirp_acsip
 .text.mac_set_ch_count_acsip
                0x08004d24       0x38 Middlewares\Third_Party\ACSipLoRaWan\src\acsip-lorawan-lib.o
                0x08004d24                mac_set_ch_count_acsip
 .text.mac_get_ch_count_acsip
                0x08004d5c       0x20 Middlewares\Third_Party\ACSipLoRaWan\src\acsip-lorawan-lib.o
                0x08004d5c                mac_get_ch_count_acsip
 .text.mac_set_keys_acsip
                0x08004d7c       0x40 Middlewares\Third_Party\ACSipLoRaWan\src\acsip-lorawan-lib.o
                0x08004d7c                mac_set_keys_acsip
 .text.mac_set_tx_interval_acsip
                0x08004dbc       0x34 Middlewares\Third_Party\ACSipLoRaWan\src\acsip-lorawan-lib.o
                0x08004dbc                mac_set_tx_interval_acsip
 .text.mac_get_tx_interval_acsip
                0x08004df0       0x20 Middlewares\Third_Party\ACSipLoRaWan\src\acsip-lorawan-lib.o
                0x08004df0                mac_get_tx_interval_acsip
 .text.mac_set_rx1_freq_acsip
                0x08004e10       0x38 Middlewares\Third_Party\ACSipLoRaWan\src\acsip-lorawan-lib.o
                0x08004e10                mac_set_rx1_freq_acsip
 .text.mac_get_rx1_freq_acsip
                0x08004e48       0x20 Middlewares\Third_Party\ACSipLoRaWan\src\acsip-lorawan-lib.o
                0x08004e48                mac_get_rx1_freq_acsip
 .text.mac_set_auto_join_otaa_acsip
                0x08004e68       0x48 Middlewares\Third_Party\ACSipLoRaWan\src\acsip-lorawan-lib.o
                0x08004e68                mac_set_auto_join_otaa_acsip
 .text.mac_set_auto_join_abp_acsip
                0x08004eb0       0x44 Middlewares\Third_Party\ACSipLoRaWan\src\acsip-lorawan-lib.o
                0x08004eb0                mac_set_auto_join_abp_acsip
 .text.mac_set_auto_join_off_acsip
                0x08004ef4       0x24 Middlewares\Third_Party\ACSipLoRaWan\src\acsip-lorawan-lib.o
                0x08004ef4                mac_set_auto_join_off_acsip
 .text.rf_rx_acsip
                0x08004f18       0x68 Middlewares\Third_Party\ACSipLoRaWan\src\acsip-lorawan-lib.o
                0x08004f18                rf_rx_acsip
 .text.rf_set_freq_acsip
                0x08004f80       0x34 Middlewares\Third_Party\ACSipLoRaWan\src\acsip-lorawan-lib.o
                0x08004f80                rf_set_freq_acsip
 .text.rf_set_pwr_acsip
                0x08004fb4       0x34 Middlewares\Third_Party\ACSipLoRaWan\src\acsip-lorawan-lib.o
                0x08004fb4                rf_set_pwr_acsip
 .text.rf_set_sf_acsip
                0x08004fe8       0x34 Middlewares\Third_Party\ACSipLoRaWan\src\acsip-lorawan-lib.o
                0x08004fe8                rf_set_sf_acsip
 .text.rf_set_bw_acsip
                0x0800501c       0x34 Middlewares\Third_Party\ACSipLoRaWan\src\acsip-lorawan-lib.o
                0x0800501c                rf_set_bw_acsip
 .text.rf_set_cr_acsip
                0x08005050       0x34 Middlewares\Third_Party\ACSipLoRaWan\src\acsip-lorawan-lib.o
                0x08005050                rf_set_cr_acsip
 .text.rf_set_prlen_acsip
                0x08005084       0x34 Middlewares\Third_Party\ACSipLoRaWan\src\acsip-lorawan-lib.o
                0x08005084                rf_set_prlen_acsip
 .text.rf_set_crc_acsip
                0x080050b8       0x44 Middlewares\Third_Party\ACSipLoRaWan\src\acsip-lorawan-lib.o
                0x080050b8                rf_set_crc_acsip
 .text.rf_set_iqi_acsip
                0x080050fc       0x44 Middlewares\Third_Party\ACSipLoRaWan\src\acsip-lorawan-lib.o
                0x080050fc                rf_set_iqi_acsip
 .text.rf_set_sync_acsip
                0x08005140       0x34 Middlewares\Third_Party\ACSipLoRaWan\src\acsip-lorawan-lib.o
                0x08005140                rf_set_sync_acsip
 .text.rf_save_acsip
                0x08005174       0x24 Middlewares\Third_Party\ACSipLoRaWan\src\acsip-lorawan-lib.o
                0x08005174                rf_save_acsip
 .text.rf_get_freq_acsip
                0x08005198       0x20 Middlewares\Third_Party\ACSipLoRaWan\src\acsip-lorawan-lib.o
                0x08005198                rf_get_freq_acsip
 .text.rf_get_pwr_acsip
                0x080051b8       0x20 Middlewares\Third_Party\ACSipLoRaWan\src\acsip-lorawan-lib.o
                0x080051b8                rf_get_pwr_acsip
 .text.rf_get_sf_acsip
                0x080051d8       0x20 Middlewares\Third_Party\ACSipLoRaWan\src\acsip-lorawan-lib.o
                0x080051d8                rf_get_sf_acsip
 .text.rf_get_bw_acsip
                0x080051f8       0x20 Middlewares\Third_Party\ACSipLoRaWan\src\acsip-lorawan-lib.o
                0x080051f8                rf_get_bw_acsip
 .text.rf_get_prlen_acsip
                0x08005218       0x20 Middlewares\Third_Party\ACSipLoRaWan\src\acsip-lorawan-lib.o
                0x08005218                rf_get_prlen_acsip
 .text.rf_get_crc_acsip
                0x08005238       0x20 Middlewares\Third_Party\ACSipLoRaWan\src\acsip-lorawan-lib.o
                0x08005238                rf_get_crc_acsip
 .text.rf_get_iqi_acsip
                0x08005258       0x20 Middlewares\Third_Party\ACSipLoRaWan\src\acsip-lorawan-lib.o
                0x08005258                rf_get_iqi_acsip
 .text.rf_get_cr_acsip
                0x08005278       0x20 Middlewares\Third_Party\ACSipLoRaWan\src\acsip-lorawan-lib.o
                0x08005278                rf_get_cr_acsip
 .text.rf_get_sync_acsip
                0x08005298       0x20 Middlewares\Third_Party\ACSipLoRaWan\src\acsip-lorawan-lib.o
                0x08005298                rf_get_sync_acsip
 .text.rf_rx_con_acsip
                0x080052b8       0x44 Middlewares\Third_Party\ACSipLoRaWan\src\acsip-lorawan-lib.o
                0x080052b8                rf_rx_con_acsip
 .text.rf_fsk_acsip
                0x080052fc       0x44 Middlewares\Third_Party\ACSipLoRaWan\src\acsip-lorawan-lib.o
                0x080052fc                rf_fsk_acsip
 .text.rf_lora_tx_start_acsip
                0x08005340       0x38 Middlewares\Third_Party\ACSipLoRaWan\src\acsip-lorawan-lib.o
                0x08005340                rf_lora_tx_start_acsip
 .text.rf_lora_tx_stop_acsip
                0x08005378       0x24 Middlewares\Third_Party\ACSipLoRaWan\src\acsip-lorawan-lib.o
                0x08005378                rf_lora_tx_stop_acsip
 .text.rf_lora_rx_start_acsip
                0x0800539c       0x68 Middlewares\Third_Party\ACSipLoRaWan\src\acsip-lorawan-lib.o
                0x0800539c                rf_lora_rx_start_acsip
 .text.rf_set_fdev_acsip
                0x08005404       0x34 Middlewares\Third_Party\ACSipLoRaWan\src\acsip-lorawan-lib.o
                0x08005404                rf_set_fdev_acsip
 .text.rf_get_fdev_acsip
                0x08005438       0x20 Middlewares\Third_Party\ACSipLoRaWan\src\acsip-lorawan-lib.o
                0x08005438                rf_get_fdev_acsip
 .text.rf_set_cad_acsip
                0x08005458       0x44 Middlewares\Third_Party\ACSipLoRaWan\src\acsip-lorawan-lib.o
                0x08005458                rf_set_cad_acsip
 .text.rf_get_cad_acsip
                0x0800549c       0x20 Middlewares\Third_Party\ACSipLoRaWan\src\acsip-lorawan-lib.o
                0x0800549c                rf_get_cad_acsip
 .text.rf_cad_acsip
                0x080054bc       0x40 Middlewares\Third_Party\ACSipLoRaWan\src\acsip-lorawan-lib.o
                0x080054bc                rf_cad_acsip
 .text.rm_set_gpio_acsip
                0x080054fc       0x3c Middlewares\Third_Party\ACSipLoRaWan\src\acsip-lorawan-lib.o
                0x080054fc                rm_set_gpio_acsip
 .text.rm_get_gpio_acsip
                0x08005538       0x20 Middlewares\Third_Party\ACSipLoRaWan\src\acsip-lorawan-lib.o
                0x08005538                rm_get_gpio_acsip
 .text.rm_set_gpio_switch_acsip
                0x08005558       0x44 Middlewares\Third_Party\ACSipLoRaWan\src\acsip-lorawan-lib.o
                0x08005558                rm_set_gpio_switch_acsip
 .text.rm_get_gpio_switch_acsip
                0x0800559c       0x20 Middlewares\Third_Party\ACSipLoRaWan\src\acsip-lorawan-lib.o
                0x0800559c                rm_get_gpio_switch_acsip
 .text.rm_set_adc_acsip
                0x080055bc       0x48 Middlewares\Third_Party\ACSipLoRaWan\src\acsip-lorawan-lib.o
                0x080055bc                rm_set_adc_acsip
 .text.rm_get_adc_acsip
                0x08005604       0x2c Middlewares\Third_Party\ACSipLoRaWan\src\acsip-lorawan-lib.o
                0x08005604                rm_get_adc_acsip
 .text.rm_set_adc_switch_acsip
                0x08005630       0x44 Middlewares\Third_Party\ACSipLoRaWan\src\acsip-lorawan-lib.o
                0x08005630                rm_set_adc_switch_acsip
 .text.rm_get_adc_switch_acsip
                0x08005674       0x20 Middlewares\Third_Party\ACSipLoRaWan\src\acsip-lorawan-lib.o
                0x08005674                rm_get_adc_switch_acsip
 .text.rm_set_port_uplink_acsip
                0x08005694       0x34 Middlewares\Third_Party\ACSipLoRaWan\src\acsip-lorawan-lib.o
                0x08005694                rm_set_port_uplink_acsip
 .text.rm_set_port_downlink_acsip
                0x080056c8       0x34 Middlewares\Third_Party\ACSipLoRaWan\src\acsip-lorawan-lib.o
                0x080056c8                rm_set_port_downlink_acsip
 .text.rm_get_port_acsip
                0x080056fc       0x20 Middlewares\Third_Party\ACSipLoRaWan\src\acsip-lorawan-lib.o
                0x080056fc                rm_get_port_acsip
 .text.rm_set_mode_acsip
                0x0800571c       0x34 Middlewares\Third_Party\ACSipLoRaWan\src\acsip-lorawan-lib.o
                0x0800571c                rm_set_mode_acsip
 .text.rm_get_mode_acsip
                0x08005750       0x20 Middlewares\Third_Party\ACSipLoRaWan\src\acsip-lorawan-lib.o
                0x08005750                rm_get_mode_acsip
 .text.rm_set_trigger_acsip
                0x08005770       0x38 Middlewares\Third_Party\ACSipLoRaWan\src\acsip-lorawan-lib.o
                0x08005770                rm_set_trigger_acsip
 .text.rm_get_trigger_acsip
                0x080057a8       0x20 Middlewares\Third_Party\ACSipLoRaWan\src\acsip-lorawan-lib.o
                0x080057a8                rm_get_trigger_acsip
 .text.gps_set_level_shift_acsip
                0x080057c8       0x44 Middlewares\Third_Party\ACSipLoRaWan\src\acsip-lorawan-lib.o
                0x080057c8                gps_set_level_shift_acsip
 .text.gps_set_nmea_rmc_acsip
                0x0800580c       0x34 Middlewares\Third_Party\ACSipLoRaWan\src\acsip-lorawan-lib.o
                0x0800580c                gps_set_nmea_rmc_acsip
 .text.gps_set_port_uplink_acsip
                0x08005840       0x34 Middlewares\Third_Party\ACSipLoRaWan\src\acsip-lorawan-lib.o
                0x08005840                gps_set_port_uplink_acsip
 .text.gps_set_format_uplink_acsip
                0x08005874       0x34 Middlewares\Third_Party\ACSipLoRaWan\src\acsip-lorawan-lib.o
                0x08005874                gps_set_format_uplink_acsip
 .text.gps_set_positioning_cycle_acsip
                0x080058a8       0x34 Middlewares\Third_Party\ACSipLoRaWan\src\acsip-lorawan-lib.o
                0x080058a8                gps_set_positioning_cycle_acsip
 .text.gps_set_mode_acsip
                0x080058dc       0x34 Middlewares\Third_Party\ACSipLoRaWan\src\acsip-lorawan-lib.o
                0x080058dc                gps_set_mode_acsip
 .text.gps_get_mode_acsip
                0x08005910       0x20 Middlewares\Third_Party\ACSipLoRaWan\src\acsip-lorawan-lib.o
                0x08005910                gps_get_mode_acsip
 .text.gps_get_data_acsip
                0x08005930       0x2c Middlewares\Third_Party\ACSipLoRaWan\src\acsip-lorawan-lib.o
                0x08005930                gps_get_data_acsip
 .text.gps_sleep_on_acsip
                0x0800595c       0x34 Middlewares\Third_Party\ACSipLoRaWan\src\acsip-lorawan-lib.o
                0x0800595c                gps_sleep_on_acsip
 .text.gps_sleep_off_acsip
                0x08005990       0x34 Middlewares\Third_Party\ACSipLoRaWan\src\acsip-lorawan-lib.o
                0x08005990                gps_sleep_off_acsip
 .text.gps_get_ttff_acsip
                0x080059c4       0x20 Middlewares\Third_Party\ACSipLoRaWan\src\acsip-lorawan-lib.o
                0x080059c4                gps_get_ttff_acsip
 .text.gps_reset_acsip
                0x080059e4       0x34 Middlewares\Third_Party\ACSipLoRaWan\src\acsip-lorawan-lib.o
                0x080059e4                gps_reset_acsip
 .text.bytesToHexStr
                0x08005a18       0x40 Middlewares\Third_Party\ACSipLoRaWan\src\acsip-lorawan-lib.o
                0x08005a18                bytesToHexStr
 .text.mac_tx_acsip
                0x08005a58       0x80 Middlewares\Third_Party\ACSipLoRaWan\src\acsip-lorawan-lib.o
                0x08005a58                mac_tx_acsip
 .text.rf_tx_acsip
                0x08005ad8       0x74 Middlewares\Third_Party\ACSipLoRaWan\src\acsip-lorawan-lib.o
                0x08005ad8                rf_tx_acsip
 .text.disk_timerproc
                0x08005b4c       0x38 Middlewares\Third_Party\FatFs\mmc_32L4.o
                0x08005b4c                disk_timerproc
 .text.vListInitialise
                0x08005b84       0x16 Middlewares\Third_Party\FreeRTOS\list.o
                0x08005b84                vListInitialise
 .text.vListInitialiseItem
                0x08005b9a        0x6 Middlewares\Third_Party\FreeRTOS\list.o
                0x08005b9a                vListInitialiseItem
 .text.vListInsertEnd
                0x08005ba0       0x18 Middlewares\Third_Party\FreeRTOS\list.o
                0x08005ba0                vListInsertEnd
 .text.vListInsert
                0x08005bb8       0x2e Middlewares\Third_Party\FreeRTOS\list.o
                0x08005bb8                vListInsert
 .text.uxListRemove
                0x08005be6       0x20 Middlewares\Third_Party\FreeRTOS\list.o
                0x08005be6                uxListRemove
 *fill*         0x08005c06        0x2 
 .text.prvTaskExitError
                0x08005c08       0x30 Middlewares\Third_Party\FreeRTOS\portable\GCC\ARM_CM4F\port.o
 .text.prvPortStartFirstTask
                0x08005c38       0x20 Middlewares\Third_Party\FreeRTOS\portable\GCC\ARM_CM4F\port.o
 .text.vPortEnableVFP
                0x08005c58       0x14 Middlewares\Third_Party\FreeRTOS\portable\GCC\ARM_CM4F\port.o
 .text.pxPortInitialiseStack
                0x08005c6c       0x2c Middlewares\Third_Party\FreeRTOS\portable\GCC\ARM_CM4F\port.o
                0x08005c6c                pxPortInitialiseStack
 *fill*         0x08005c98        0x8 
 .text.SVC_Handler
                0x08005ca0       0x24 Middlewares\Third_Party\FreeRTOS\portable\GCC\ARM_CM4F\port.o
                0x08005ca0                SVC_Handler
 .text.vPortEnterCritical
                0x08005cc4       0x44 Middlewares\Third_Party\FreeRTOS\portable\GCC\ARM_CM4F\port.o
                0x08005cc4                vPortEnterCritical
 .text.vPortExitCritical
                0x08005d08       0x28 Middlewares\Third_Party\FreeRTOS\portable\GCC\ARM_CM4F\port.o
                0x08005d08                vPortExitCritical
 .text.PendSV_Handler
                0x08005d30       0x64 Middlewares\Third_Party\FreeRTOS\portable\GCC\ARM_CM4F\port.o
                0x08005d30                PendSV_Handler
 .text.SysTick_Handler
                0x08005d94       0x2c Middlewares\Third_Party\FreeRTOS\portable\GCC\ARM_CM4F\port.o
                0x08005d94                SysTick_Handler
 .text.vPortSetupTimerInterrupt
                0x08005dc0       0x18 Middlewares\Third_Party\FreeRTOS\portable\GCC\ARM_CM4F\port.o
                0x08005dc0                vPortSetupTimerInterrupt
 .text.xPortStartScheduler
                0x08005dd8       0xe4 Middlewares\Third_Party\FreeRTOS\portable\GCC\ARM_CM4F\port.o
                0x08005dd8                xPortStartScheduler
 .text.vPortValidateInterruptPriority
                0x08005ebc       0x54 Middlewares\Third_Party\FreeRTOS\portable\GCC\ARM_CM4F\port.o
                0x08005ebc                vPortValidateInterruptPriority
 .text.pvPortMalloc
                0x08005f10       0x58 Middlewares\Third_Party\FreeRTOS\portable\MemMang\heap_1.o
                0x08005f10                pvPortMalloc
 .text.vPortFree
                0x08005f68       0x16 Middlewares\Third_Party\FreeRTOS\portable\MemMang\heap_1.o
                0x08005f68                vPortFree
 .text.prvCopyDataToQueue
                0x08005f7e       0x66 Middlewares\Third_Party\FreeRTOS\queue.o
 .text.prvCopyDataFromQueue
                0x08005fe4       0x2a Middlewares\Third_Party\FreeRTOS\queue.o
 .text.prvUnlockQueue
                0x0800600e       0x70 Middlewares\Third_Party\FreeRTOS\queue.o
 *fill*         0x0800607e        0x2 
 .text.xQueueGenericReset
                0x08006080       0x80 Middlewares\Third_Party\FreeRTOS\queue.o
                0x08006080                xQueueGenericReset
 .text.xQueueGenericCreate
                0x08006100       0x48 Middlewares\Third_Party\FreeRTOS\queue.o
                0x08006100                xQueueGenericCreate
 .text.xQueueGenericSend
                0x08006148      0x164 Middlewares\Third_Party\FreeRTOS\queue.o
                0x08006148                xQueueGenericSend
 .text.xQueueGenericSendFromISR
                0x080062ac       0xc2 Middlewares\Third_Party\FreeRTOS\queue.o
                0x080062ac                xQueueGenericSendFromISR
 .text.xQueueGiveFromISR
                0x0800636e       0xa8 Middlewares\Third_Party\FreeRTOS\queue.o
                0x0800636e                xQueueGiveFromISR
 *fill*         0x08006416        0x2 
 .text.xQueueGenericReceive
                0x08006418      0x180 Middlewares\Third_Party\FreeRTOS\queue.o
                0x08006418                xQueueGenericReceive
 .text.xQueueReceiveFromISR
                0x08006598       0x9e Middlewares\Third_Party\FreeRTOS\queue.o
                0x08006598                xQueueReceiveFromISR
 *fill*         0x08006636        0x2 
 .text.vQueueAddToRegistry
                0x08006638       0x24 Middlewares\Third_Party\FreeRTOS\queue.o
                0x08006638                vQueueAddToRegistry
 .text.vQueueWaitForMessageRestricted
                0x0800665c       0x46 Middlewares\Third_Party\FreeRTOS\queue.o
                0x0800665c                vQueueWaitForMessageRestricted
 .text.prvTaskIsTaskSuspended.part.0
                0x080066a2       0x12 Middlewares\Third_Party\FreeRTOS\tasks.o
 .text.prvResetNextTaskUnblockTime
                0x080066b4       0x20 Middlewares\Third_Party\FreeRTOS\tasks.o
 .text.prvAddCurrentTaskToDelayedList
                0x080066d4       0x6c Middlewares\Third_Party\FreeRTOS\tasks.o
 .text.xTaskCreate
                0x08006740      0x194 Middlewares\Third_Party\FreeRTOS\tasks.o
                0x08006740                xTaskCreate
 .text.vTaskStartScheduler
                0x080068d4       0x74 Middlewares\Third_Party\FreeRTOS\tasks.o
                0x080068d4                vTaskStartScheduler
 .text.vTaskSuspendAll
                0x08006948       0x14 Middlewares\Third_Party\FreeRTOS\tasks.o
                0x08006948                vTaskSuspendAll
 .text.xTaskGetTickCount
                0x0800695c        0xc Middlewares\Third_Party\FreeRTOS\tasks.o
                0x0800695c                xTaskGetTickCount
 .text.xTaskIncrementTick
                0x08006968       0xf8 Middlewares\Third_Party\FreeRTOS\tasks.o
                0x08006968                xTaskIncrementTick
 .text.xTaskResumeAll
                0x08006a60       0xd8 Middlewares\Third_Party\FreeRTOS\tasks.o
                0x08006a60                xTaskResumeAll
 .text.vTaskDelay
                0x08006b38       0x4c Middlewares\Third_Party\FreeRTOS\tasks.o
                0x08006b38                vTaskDelay
 .text.prvIdleTask
                0x08006b84       0x6c Middlewares\Third_Party\FreeRTOS\tasks.o
 .text.vTaskSwitchContext
                0x08006bf0       0x98 Middlewares\Third_Party\FreeRTOS\tasks.o
                0x08006bf0                vTaskSwitchContext
 .text.vTaskPlaceOnEventList
                0x08006c88       0x34 Middlewares\Third_Party\FreeRTOS\tasks.o
                0x08006c88                vTaskPlaceOnEventList
 .text.vTaskPlaceOnEventListRestricted
                0x08006cbc       0x3c Middlewares\Third_Party\FreeRTOS\tasks.o
                0x08006cbc                vTaskPlaceOnEventListRestricted
 .text.xTaskRemoveFromEventList
                0x08006cf8       0x70 Middlewares\Third_Party\FreeRTOS\tasks.o
                0x08006cf8                xTaskRemoveFromEventList
 .text.vTaskSetTimeOutState
                0x08006d68       0x1c Middlewares\Third_Party\FreeRTOS\tasks.o
                0x08006d68                vTaskSetTimeOutState
 .text.xTaskCheckForTimeOut
                0x08006d84       0x70 Middlewares\Third_Party\FreeRTOS\tasks.o
                0x08006d84                xTaskCheckForTimeOut
 .text.vTaskMissedYield
                0x08006df4       0x10 Middlewares\Third_Party\FreeRTOS\tasks.o
                0x08006df4                vTaskMissedYield
 .text.xTaskGetSchedulerState
                0x08006e04       0x20 Middlewares\Third_Party\FreeRTOS\tasks.o
                0x08006e04                xTaskGetSchedulerState
 .text.vTaskPriorityInherit
                0x08006e24       0x8c Middlewares\Third_Party\FreeRTOS\tasks.o
                0x08006e24                vTaskPriorityInherit
 .text.xTaskPriorityDisinherit
                0x08006eb0       0x9c Middlewares\Third_Party\FreeRTOS\tasks.o
                0x08006eb0                xTaskPriorityDisinherit
 .text.pvTaskIncrementMutexHeldCount
                0x08006f4c       0x18 Middlewares\Third_Party\FreeRTOS\tasks.o
                0x08006f4c                pvTaskIncrementMutexHeldCount
 .text.prvCheckForValidListAndQueue
                0x08006f64       0x48 Middlewares\Third_Party\FreeRTOS\timers.o
 .text.prvInsertTimerInActiveList
                0x08006fac       0x38 Middlewares\Third_Party\FreeRTOS\timers.o
 .text.xTimerCreateTimerTask
                0x08006fe4       0x48 Middlewares\Third_Party\FreeRTOS\timers.o
                0x08006fe4                xTimerCreateTimerTask
 .text.xTimerGenericCommand
                0x0800702c       0x58 Middlewares\Third_Party\FreeRTOS\timers.o
                0x0800702c                xTimerGenericCommand
 .text.prvSwitchTimerLists
                0x08007084       0x78 Middlewares\Third_Party\FreeRTOS\timers.o
 .text.prvTimerTask
                0x080070fc      0x198 Middlewares\Third_Party\FreeRTOS\timers.o
 .text.Reset_Handler
                0x08007294       0x50 STM32L4-Lib\Drivers\CMSIS\Device\ST\STM32L4xx\Source\Templates\gcc\startup_stm32l476xx.o
                0x08007294                Reset_Handler
 .text.Default_Handler
                0x080072e4        0x2 STM32L4-Lib\Drivers\CMSIS\Device\ST\STM32L4xx\Source\Templates\gcc\startup_stm32l476xx.o
                0x080072e4                RTC_Alarm_IRQHandler
                0x080072e4                EXTI2_IRQHandler
                0x080072e4                TIM8_TRG_COM_IRQHandler
                0x080072e4                TIM8_CC_IRQHandler
                0x080072e4                TIM1_CC_IRQHandler
                0x080072e4                TSC_IRQHandler
                0x080072e4                TAMP_STAMP_IRQHandler
                0x080072e4                EXTI3_IRQHandler
                0x080072e4                LPTIM2_IRQHandler
                0x080072e4                DFSDM1_FLT1_IRQHandler
                0x080072e4                I2C3_ER_IRQHandler
                0x080072e4                DFSDM1_FLT2_IRQHandler
                0x080072e4                EXTI0_IRQHandler
                0x080072e4                I2C2_EV_IRQHandler
                0x080072e4                FPU_IRQHandler
                0x080072e4                TIM6_DAC_IRQHandler
                0x080072e4                TIM8_UP_IRQHandler
                0x080072e4                DMA2_Channel2_IRQHandler
                0x080072e4                DMA1_Channel4_IRQHandler
                0x080072e4                SAI2_IRQHandler
                0x080072e4                DFSDM1_FLT3_IRQHandler
                0x080072e4                CAN1_RX1_IRQHandler
                0x080072e4                LCD_IRQHandler
                0x080072e4                TIM4_IRQHandler
                0x080072e4                DMA2_Channel1_IRQHandler
                0x080072e4                QUADSPI_IRQHandler
                0x080072e4                I2C1_EV_IRQHandler
                0x080072e4                DMA2_Channel4_IRQHandler
                0x080072e4                TIM3_IRQHandler
                0x080072e4                RCC_IRQHandler
                0x080072e4                DMA1_Channel1_IRQHandler
                0x080072e4                Default_Handler
                0x080072e4                DMA2_Channel7_IRQHandler
                0x080072e4                TIM7_IRQHandler
                0x080072e4                SDMMC1_IRQHandler
                0x080072e4                TIM5_IRQHandler
                0x080072e4                I2C3_EV_IRQHandler
                0x080072e4                EXTI9_5_IRQHandler
                0x080072e4                RTC_WKUP_IRQHandler
                0x080072e4                PVD_PVM_IRQHandler
                0x080072e4                SPI2_IRQHandler
                0x080072e4                DMA2_Channel5_IRQHandler
                0x080072e4                DMA1_Channel5_IRQHandler
                0x080072e4                EXTI4_IRQHandler
                0x080072e4                RNG_IRQHandler
                0x080072e4                TIM1_TRG_COM_TIM17_IRQHandler
                0x080072e4                DMA1_Channel3_IRQHandler
                0x080072e4                COMP_IRQHandler
                0x080072e4                WWDG_IRQHandler
                0x080072e4                LPUART1_IRQHandler
                0x080072e4                DMA2_Channel6_IRQHandler
                0x080072e4                TIM2_IRQHandler
                0x080072e4                EXTI1_IRQHandler
                0x080072e4                DFSDM1_FLT0_IRQHandler
                0x080072e4                I2C2_ER_IRQHandler
                0x080072e4                DMA1_Channel2_IRQHandler
                0x080072e4                TIM8_BRK_IRQHandler
                0x080072e4                CAN1_SCE_IRQHandler
                0x080072e4                FLASH_IRQHandler
                0x080072e4                OTG_FS_IRQHandler
                0x080072e4                SPI3_IRQHandler
                0x080072e4                I2C1_ER_IRQHandler
                0x080072e4                FMC_IRQHandler
                0x080072e4                SWPMI1_IRQHandler
                0x080072e4                LPTIM1_IRQHandler
                0x080072e4                SAI1_IRQHandler
                0x080072e4                DMA2_Channel3_IRQHandler
                0x080072e4                TIM1_BRK_TIM15_IRQHandler
 *fill*         0x080072e6        0x2 
 .text.LL_Init1msTick
                0x080072e8       0x1c STM32L4-Lib\Drivers\STM32L4xx_HAL_Driver\Src\stm32l4xx_ll_utils.o
                0x080072e8                LL_Init1msTick
 .text.LL_mDelay
                0x08007304       0x28 STM32L4-Lib\Drivers\STM32L4xx_HAL_Driver\Src\stm32l4xx_ll_utils.o
                0x08007304                LL_mDelay
 .text.LL_SetSystemCoreClock
                0x0800732c        0xc STM32L4-Lib\Drivers\STM32L4xx_HAL_Driver\Src\stm32l4xx_ll_utils.o
                0x0800732c                LL_SetSystemCoreClock
 .text.__libc_init_array
                0x08007338       0x48 c:/ac6/systemworkbench/plugins/fr.ac6.mcu.externaltools.arm-none.win32_1.17.0.201812190825/tools/compiler/bin/../lib/gcc/arm-none-eabi/7.3.1/../../../../arm-none-eabi/lib/thumb/v7e-m/fpv4-sp/hard\libc.a(lib_a-init.o)
                0x08007338                __libc_init_array
 .text.memcmp   0x08007380       0x64 c:/ac6/systemworkbench/plugins/fr.ac6.mcu.externaltools.arm-none.win32_1.17.0.201812190825/tools/compiler/bin/../lib/gcc/arm-none-eabi/7.3.1/../../../../arm-none-eabi/lib/thumb/v7e-m/fpv4-sp/hard\libc.a(lib_a-memcmp.o)
                0x08007380                memcmp
 .text.memset   0x080073e4       0x94 c:/ac6/systemworkbench/plugins/fr.ac6.mcu.externaltools.arm-none.win32_1.17.0.201812190825/tools/compiler/bin/../lib/gcc/arm-none-eabi/7.3.1/../../../../arm-none-eabi/lib/thumb/v7e-m/fpv4-sp/hard\libc.a(lib_a-memset.o)
                0x080073e4                memset
 .text.sprintf  0x08007478       0x44 c:/ac6/systemworkbench/plugins/fr.ac6.mcu.externaltools.arm-none.win32_1.17.0.201812190825/tools/compiler/bin/../lib/gcc/arm-none-eabi/7.3.1/../../../../arm-none-eabi/lib/thumb/v7e-m/fpv4-sp/hard\libc.a(lib_a-sprintf.o)
                0x08007478                sprintf
 .text.strchr   0x080074bc       0xe8 c:/ac6/systemworkbench/plugins/fr.ac6.mcu.externaltools.arm-none.win32_1.17.0.201812190825/tools/compiler/bin/../lib/gcc/arm-none-eabi/7.3.1/../../../../arm-none-eabi/lib/thumb/v7e-m/fpv4-sp/hard\libc.a(lib_a-strchr.o)
                0x080074bc                strchr
 .text.strcpy   0x080075a4       0xbc c:/ac6/systemworkbench/plugins/fr.ac6.mcu.externaltools.arm-none.win32_1.17.0.201812190825/tools/compiler/bin/../lib/gcc/arm-none-eabi/7.3.1/../../../../arm-none-eabi/lib/thumb/v7e-m/fpv4-sp/hard\libc.a(lib_a-strcpy.o)
                0x080075a4                strcpy
 .text.critical_factorization
                0x08007660       0xb4 c:/ac6/systemworkbench/plugins/fr.ac6.mcu.externaltools.arm-none.win32_1.17.0.201812190825/tools/compiler/bin/../lib/gcc/arm-none-eabi/7.3.1/../../../../arm-none-eabi/lib/thumb/v7e-m/fpv4-sp/hard\libc.a(lib_a-strstr.o)
 .text.two_way_long_needle
                0x08007714      0x1f8 c:/ac6/systemworkbench/plugins/fr.ac6.mcu.externaltools.arm-none.win32_1.17.0.201812190825/tools/compiler/bin/../lib/gcc/arm-none-eabi/7.3.1/../../../../arm-none-eabi/lib/thumb/v7e-m/fpv4-sp/hard\libc.a(lib_a-strstr.o)
 .text.strstr   0x0800790c      0x1f8 c:/ac6/systemworkbench/plugins/fr.ac6.mcu.externaltools.arm-none.win32_1.17.0.201812190825/tools/compiler/bin/../lib/gcc/arm-none-eabi/7.3.1/../../../../arm-none-eabi/lib/thumb/v7e-m/fpv4-sp/hard\libc.a(lib_a-strstr.o)
                0x0800790c                strstr
 .text.unlikely.sulp
                0x08007b04       0x38 c:/ac6/systemworkbench/plugins/fr.ac6.mcu.externaltools.arm-none.win32_1.17.0.201812190825/tools/compiler/bin/../lib/gcc/arm-none-eabi/7.3.1/../../../../arm-none-eabi/lib/thumb/v7e-m/fpv4-sp/hard\libc.a(lib_a-strtod.o)
 *fill*         0x08007b3c        0x4 
 .text._strtod_l
                0x08007b40      0xf1c c:/ac6/systemworkbench/plugins/fr.ac6.mcu.externaltools.arm-none.win32_1.17.0.201812190825/tools/compiler/bin/../lib/gcc/arm-none-eabi/7.3.1/../../../../arm-none-eabi/lib/thumb/v7e-m/fpv4-sp/hard\libc.a(lib_a-strtod.o)
                0x08007b40                _strtod_l
 .text.strtod   0x08008a5c       0x24 c:/ac6/systemworkbench/plugins/fr.ac6.mcu.externaltools.arm-none.win32_1.17.0.201812190825/tools/compiler/bin/../lib/gcc/arm-none-eabi/7.3.1/../../../../arm-none-eabi/lib/thumb/v7e-m/fpv4-sp/hard\libc.a(lib_a-strtod.o)
                0x08008a5c                strtod
 .text._svfprintf_r
                0x08008a80     0x19cc c:/ac6/systemworkbench/plugins/fr.ac6.mcu.externaltools.arm-none.win32_1.17.0.201812190825/tools/compiler/bin/../lib/gcc/arm-none-eabi/7.3.1/../../../../arm-none-eabi/lib/thumb/v7e-m/fpv4-sp/hard\libc.a(lib_a-svfprintf.o)
                0x08008a80                _svfprintf_r
 .text._vsnprintf_r
                0x0800a44c       0x70 c:/ac6/systemworkbench/plugins/fr.ac6.mcu.externaltools.arm-none.win32_1.17.0.201812190825/tools/compiler/bin/../lib/gcc/arm-none-eabi/7.3.1/../../../../arm-none-eabi/lib/thumb/v7e-m/fpv4-sp/hard\libc.a(lib_a-vsnprintf.o)
                0x0800a44c                _vsnprintf_r
 .text.vsnprintf
                0x0800a4bc       0x20 c:/ac6/systemworkbench/plugins/fr.ac6.mcu.externaltools.arm-none.win32_1.17.0.201812190825/tools/compiler/bin/../lib/gcc/arm-none-eabi/7.3.1/../../../../arm-none-eabi/lib/thumb/v7e-m/fpv4-sp/hard\libc.a(lib_a-vsnprintf.o)
                0x0800a4bc                vsnprintf
 .text.startup.register_fini
                0x0800a4dc       0x14 c:/ac6/systemworkbench/plugins/fr.ac6.mcu.externaltools.arm-none.win32_1.17.0.201812190825/tools/compiler/bin/../lib/gcc/arm-none-eabi/7.3.1/../../../../arm-none-eabi/lib/thumb/v7e-m/fpv4-sp/hard\libc.a(lib_a-__call_atexit.o)
 .text.atexit   0x0800a4f0        0xc c:/ac6/systemworkbench/plugins/fr.ac6.mcu.externaltools.arm-none.win32_1.17.0.201812190825/tools/compiler/bin/../lib/gcc/arm-none-eabi/7.3.1/../../../../arm-none-eabi/lib/thumb/v7e-m/fpv4-sp/hard\libc.a(lib_a-atexit.o)
                0x0800a4f0                atexit
 .text.quorem   0x0800a4fc      0x124 c:/ac6/systemworkbench/plugins/fr.ac6.mcu.externaltools.arm-none.win32_1.17.0.201812190825/tools/compiler/bin/../lib/gcc/arm-none-eabi/7.3.1/../../../../arm-none-eabi/lib/thumb/v7e-m/fpv4-sp/hard\libc.a(lib_a-dtoa.o)
 .text._dtoa_r  0x0800a620      0xe20 c:/ac6/systemworkbench/plugins/fr.ac6.mcu.externaltools.arm-none.win32_1.17.0.201812190825/tools/compiler/bin/../lib/gcc/arm-none-eabi/7.3.1/../../../../arm-none-eabi/lib/thumb/v7e-m/fpv4-sp/hard\libc.a(lib_a-dtoa.o)
                0x0800a620                _dtoa_r
 .text.__libc_fini_array
                0x0800b440       0x34 c:/ac6/systemworkbench/plugins/fr.ac6.mcu.externaltools.arm-none.win32_1.17.0.201812190825/tools/compiler/bin/../lib/gcc/arm-none-eabi/7.3.1/../../../../arm-none-eabi/lib/thumb/v7e-m/fpv4-sp/hard\libc.a(lib_a-fini.o)
                0x0800b440                __libc_fini_array
 .text._malloc_trim_r
                0x0800b474       0xa0 c:/ac6/systemworkbench/plugins/fr.ac6.mcu.externaltools.arm-none.win32_1.17.0.201812190825/tools/compiler/bin/../lib/gcc/arm-none-eabi/7.3.1/../../../../arm-none-eabi/lib/thumb/v7e-m/fpv4-sp/hard\libc.a(lib_a-freer.o)
                0x0800b474                _malloc_trim_r
 .text._free_r  0x0800b514      0x1e8 c:/ac6/systemworkbench/plugins/fr.ac6.mcu.externaltools.arm-none.win32_1.17.0.201812190825/tools/compiler/bin/../lib/gcc/arm-none-eabi/7.3.1/../../../../arm-none-eabi/lib/thumb/v7e-m/fpv4-sp/hard\libc.a(lib_a-freer.o)
                0x0800b514                _free_r
 .text.rshift   0x0800b6fc       0xb0 c:/ac6/systemworkbench/plugins/fr.ac6.mcu.externaltools.arm-none.win32_1.17.0.201812190825/tools/compiler/bin/../lib/gcc/arm-none-eabi/7.3.1/../../../../arm-none-eabi/lib/thumb/v7e-m/fpv4-sp/hard\libc.a(lib_a-gdtoa-gethex.o)
 .text.__gethex
                0x0800b7ac      0x520 c:/ac6/systemworkbench/plugins/fr.ac6.mcu.externaltools.arm-none.win32_1.17.0.201812190825/tools/compiler/bin/../lib/gcc/arm-none-eabi/7.3.1/../../../../arm-none-eabi/lib/thumb/v7e-m/fpv4-sp/hard\libc.a(lib_a-gdtoa-gethex.o)
                0x0800b7ac                __gethex
 .text.__match  0x0800bccc       0x30 c:/ac6/systemworkbench/plugins/fr.ac6.mcu.externaltools.arm-none.win32_1.17.0.201812190825/tools/compiler/bin/../lib/gcc/arm-none-eabi/7.3.1/../../../../arm-none-eabi/lib/thumb/v7e-m/fpv4-sp/hard\libc.a(lib_a-gdtoa-hexnan.o)
                0x0800bccc                __match
 .text.__hexnan
                0x0800bcfc      0x1a0 c:/ac6/systemworkbench/plugins/fr.ac6.mcu.externaltools.arm-none.win32_1.17.0.201812190825/tools/compiler/bin/../lib/gcc/arm-none-eabi/7.3.1/../../../../arm-none-eabi/lib/thumb/v7e-m/fpv4-sp/hard\libc.a(lib_a-gdtoa-hexnan.o)
                0x0800bcfc                __hexnan
 .text.__localeconv_l
                0x0800be9c        0x4 c:/ac6/systemworkbench/plugins/fr.ac6.mcu.externaltools.arm-none.win32_1.17.0.201812190825/tools/compiler/bin/../lib/gcc/arm-none-eabi/7.3.1/../../../../arm-none-eabi/lib/thumb/v7e-m/fpv4-sp/hard\libc.a(lib_a-localeconv.o)
                0x0800be9c                __localeconv_l
 .text._localeconv_r
                0x0800bea0       0x1c c:/ac6/systemworkbench/plugins/fr.ac6.mcu.externaltools.arm-none.win32_1.17.0.201812190825/tools/compiler/bin/../lib/gcc/arm-none-eabi/7.3.1/../../../../arm-none-eabi/lib/thumb/v7e-m/fpv4-sp/hard\libc.a(lib_a-localeconv.o)
                0x0800bea0                _localeconv_r
 .text.__retarget_lock_acquire_recursive
                0x0800bebc        0x4 c:/ac6/systemworkbench/plugins/fr.ac6.mcu.externaltools.arm-none.win32_1.17.0.201812190825/tools/compiler/bin/../lib/gcc/arm-none-eabi/7.3.1/../../../../arm-none-eabi/lib/thumb/v7e-m/fpv4-sp/hard\libc.a(lib_a-lock.o)
                0x0800bebc                __retarget_lock_acquire_recursive
 .text.__retarget_lock_release_recursive
                0x0800bec0        0x4 c:/ac6/systemworkbench/plugins/fr.ac6.mcu.externaltools.arm-none.win32_1.17.0.201812190825/tools/compiler/bin/../lib/gcc/arm-none-eabi/7.3.1/../../../../arm-none-eabi/lib/thumb/v7e-m/fpv4-sp/hard\libc.a(lib_a-lock.o)
                0x0800bec0                __retarget_lock_release_recursive
 .text._malloc_r
                0x0800bec4      0x548 c:/ac6/systemworkbench/plugins/fr.ac6.mcu.externaltools.arm-none.win32_1.17.0.201812190825/tools/compiler/bin/../lib/gcc/arm-none-eabi/7.3.1/../../../../arm-none-eabi/lib/thumb/v7e-m/fpv4-sp/hard\libc.a(lib_a-mallocr.o)
                0x0800bec4                _malloc_r
 .text.__ascii_mbtowc
                0x0800c40c       0x2c c:/ac6/systemworkbench/plugins/fr.ac6.mcu.externaltools.arm-none.win32_1.17.0.201812190825/tools/compiler/bin/../lib/gcc/arm-none-eabi/7.3.1/../../../../arm-none-eabi/lib/thumb/v7e-m/fpv4-sp/hard\libc.a(lib_a-mbtowc_r.o)
                0x0800c40c                __ascii_mbtowc
 .text.__malloc_lock
                0x0800c438        0xc c:/ac6/systemworkbench/plugins/fr.ac6.mcu.externaltools.arm-none.win32_1.17.0.201812190825/tools/compiler/bin/../lib/gcc/arm-none-eabi/7.3.1/../../../../arm-none-eabi/lib/thumb/v7e-m/fpv4-sp/hard\libc.a(lib_a-mlock.o)
                0x0800c438                __malloc_lock
 .text.__malloc_unlock
                0x0800c444        0xc c:/ac6/systemworkbench/plugins/fr.ac6.mcu.externaltools.arm-none.win32_1.17.0.201812190825/tools/compiler/bin/../lib/gcc/arm-none-eabi/7.3.1/../../../../arm-none-eabi/lib/thumb/v7e-m/fpv4-sp/hard\libc.a(lib_a-mlock.o)
                0x0800c444                __malloc_unlock
 .text._Balloc  0x0800c450       0x4c c:/ac6/systemworkbench/plugins/fr.ac6.mcu.externaltools.arm-none.win32_1.17.0.201812190825/tools/compiler/bin/../lib/gcc/arm-none-eabi/7.3.1/../../../../arm-none-eabi/lib/thumb/v7e-m/fpv4-sp/hard\libc.a(lib_a-mprec.o)
                0x0800c450                _Balloc
 .text._Bfree   0x0800c49c       0x14 c:/ac6/systemworkbench/plugins/fr.ac6.mcu.externaltools.arm-none.win32_1.17.0.201812190825/tools/compiler/bin/../lib/gcc/arm-none-eabi/7.3.1/../../../../arm-none-eabi/lib/thumb/v7e-m/fpv4-sp/hard\libc.a(lib_a-mprec.o)
                0x0800c49c                _Bfree
 .text.__multadd
                0x0800c4b0       0x80 c:/ac6/systemworkbench/plugins/fr.ac6.mcu.externaltools.arm-none.win32_1.17.0.201812190825/tools/compiler/bin/../lib/gcc/arm-none-eabi/7.3.1/../../../../arm-none-eabi/lib/thumb/v7e-m/fpv4-sp/hard\libc.a(lib_a-mprec.o)
                0x0800c4b0                __multadd
 .text.__s2b    0x0800c530       0x98 c:/ac6/systemworkbench/plugins/fr.ac6.mcu.externaltools.arm-none.win32_1.17.0.201812190825/tools/compiler/bin/../lib/gcc/arm-none-eabi/7.3.1/../../../../arm-none-eabi/lib/thumb/v7e-m/fpv4-sp/hard\libc.a(lib_a-mprec.o)
                0x0800c530                __s2b
 .text.__hi0bits
                0x0800c5c8       0x40 c:/ac6/systemworkbench/plugins/fr.ac6.mcu.externaltools.arm-none.win32_1.17.0.201812190825/tools/compiler/bin/../lib/gcc/arm-none-eabi/7.3.1/../../../../arm-none-eabi/lib/thumb/v7e-m/fpv4-sp/hard\libc.a(lib_a-mprec.o)
                0x0800c5c8                __hi0bits
 .text.__lo0bits
                0x0800c608       0x60 c:/ac6/systemworkbench/plugins/fr.ac6.mcu.externaltools.arm-none.win32_1.17.0.201812190825/tools/compiler/bin/../lib/gcc/arm-none-eabi/7.3.1/../../../../arm-none-eabi/lib/thumb/v7e-m/fpv4-sp/hard\libc.a(lib_a-mprec.o)
                0x0800c608                __lo0bits
 .text.__i2b    0x0800c668       0x14 c:/ac6/systemworkbench/plugins/fr.ac6.mcu.externaltools.arm-none.win32_1.17.0.201812190825/tools/compiler/bin/../lib/gcc/arm-none-eabi/7.3.1/../../../../arm-none-eabi/lib/thumb/v7e-m/fpv4-sp/hard\libc.a(lib_a-mprec.o)
                0x0800c668                __i2b
 .text.__multiply
                0x0800c67c      0x14c c:/ac6/systemworkbench/plugins/fr.ac6.mcu.externaltools.arm-none.win32_1.17.0.201812190825/tools/compiler/bin/../lib/gcc/arm-none-eabi/7.3.1/../../../../arm-none-eabi/lib/thumb/v7e-m/fpv4-sp/hard\libc.a(lib_a-mprec.o)
                0x0800c67c                __multiply
 .text.__pow5mult
                0x0800c7c8       0xa0 c:/ac6/systemworkbench/plugins/fr.ac6.mcu.externaltools.arm-none.win32_1.17.0.201812190825/tools/compiler/bin/../lib/gcc/arm-none-eabi/7.3.1/../../../../arm-none-eabi/lib/thumb/v7e-m/fpv4-sp/hard\libc.a(lib_a-mprec.o)
                0x0800c7c8                __pow5mult
 .text.__lshift
                0x0800c868       0xac c:/ac6/systemworkbench/plugins/fr.ac6.mcu.externaltools.arm-none.win32_1.17.0.201812190825/tools/compiler/bin/../lib/gcc/arm-none-eabi/7.3.1/../../../../arm-none-eabi/lib/thumb/v7e-m/fpv4-sp/hard\libc.a(lib_a-mprec.o)
                0x0800c868                __lshift
 .text.__mcmp   0x0800c914       0x38 c:/ac6/systemworkbench/plugins/fr.ac6.mcu.externaltools.arm-none.win32_1.17.0.201812190825/tools/compiler/bin/../lib/gcc/arm-none-eabi/7.3.1/../../../../arm-none-eabi/lib/thumb/v7e-m/fpv4-sp/hard\libc.a(lib_a-mprec.o)
                0x0800c914                __mcmp
 .text.__mdiff  0x0800c94c       0xec c:/ac6/systemworkbench/plugins/fr.ac6.mcu.externaltools.arm-none.win32_1.17.0.201812190825/tools/compiler/bin/../lib/gcc/arm-none-eabi/7.3.1/../../../../arm-none-eabi/lib/thumb/v7e-m/fpv4-sp/hard\libc.a(lib_a-mprec.o)
                0x0800c94c                __mdiff
 .text.__ulp    0x0800ca38       0x54 c:/ac6/systemworkbench/plugins/fr.ac6.mcu.externaltools.arm-none.win32_1.17.0.201812190825/tools/compiler/bin/../lib/gcc/arm-none-eabi/7.3.1/../../../../arm-none-eabi/lib/thumb/v7e-m/fpv4-sp/hard\libc.a(lib_a-mprec.o)
                0x0800ca38                __ulp
 .text.__b2d    0x0800ca8c       0xbc c:/ac6/systemworkbench/plugins/fr.ac6.mcu.externaltools.arm-none.win32_1.17.0.201812190825/tools/compiler/bin/../lib/gcc/arm-none-eabi/7.3.1/../../../../arm-none-eabi/lib/thumb/v7e-m/fpv4-sp/hard\libc.a(lib_a-mprec.o)
                0x0800ca8c                __b2d
 .text.__d2b    0x0800cb48       0xc4 c:/ac6/systemworkbench/plugins/fr.ac6.mcu.externaltools.arm-none.win32_1.17.0.201812190825/tools/compiler/bin/../lib/gcc/arm-none-eabi/7.3.1/../../../../arm-none-eabi/lib/thumb/v7e-m/fpv4-sp/hard\libc.a(lib_a-mprec.o)
                0x0800cb48                __d2b
 .text.__ratio  0x0800cc0c       0x60 c:/ac6/systemworkbench/plugins/fr.ac6.mcu.externaltools.arm-none.win32_1.17.0.201812190825/tools/compiler/bin/../lib/gcc/arm-none-eabi/7.3.1/../../../../arm-none-eabi/lib/thumb/v7e-m/fpv4-sp/hard\libc.a(lib_a-mprec.o)
                0x0800cc0c                __ratio
 .text.__copybits
                0x0800cc6c       0x48 c:/ac6/systemworkbench/plugins/fr.ac6.mcu.externaltools.arm-none.win32_1.17.0.201812190825/tools/compiler/bin/../lib/gcc/arm-none-eabi/7.3.1/../../../../arm-none-eabi/lib/thumb/v7e-m/fpv4-sp/hard\libc.a(lib_a-mprec.o)
                0x0800cc6c                __copybits
 .text.__any_on
                0x0800ccb4       0x58 c:/ac6/systemworkbench/plugins/fr.ac6.mcu.externaltools.arm-none.win32_1.17.0.201812190825/tools/compiler/bin/../lib/gcc/arm-none-eabi/7.3.1/../../../../arm-none-eabi/lib/thumb/v7e-m/fpv4-sp/hard\libc.a(lib_a-mprec.o)
                0x0800ccb4                __any_on
 .text.frexp    0x0800cd0c       0x68 c:/ac6/systemworkbench/plugins/fr.ac6.mcu.externaltools.arm-none.win32_1.17.0.201812190825/tools/compiler/bin/../lib/gcc/arm-none-eabi/7.3.1/../../../../arm-none-eabi/lib/thumb/v7e-m/fpv4-sp/hard\libc.a(lib_a-s_frexp.o)
                0x0800cd0c                frexp
 .text._sbrk_r  0x0800cd74       0x24 c:/ac6/systemworkbench/plugins/fr.ac6.mcu.externaltools.arm-none.win32_1.17.0.201812190825/tools/compiler/bin/../lib/gcc/arm-none-eabi/7.3.1/../../../../arm-none-eabi/lib/thumb/v7e-m/fpv4-sp/hard\libc.a(lib_a-sbrkr.o)
                0x0800cd74                _sbrk_r
 .text.strncmp  0x0800cd98       0x98 c:/ac6/systemworkbench/plugins/fr.ac6.mcu.externaltools.arm-none.win32_1.17.0.201812190825/tools/compiler/bin/../lib/gcc/arm-none-eabi/7.3.1/../../../../arm-none-eabi/lib/thumb/v7e-m/fpv4-sp/hard\libc.a(lib_a-strncmp.o)
                0x0800cd98                strncmp
 .text.strncpy  0x0800ce30       0x64 c:/ac6/systemworkbench/plugins/fr.ac6.mcu.externaltools.arm-none.win32_1.17.0.201812190825/tools/compiler/bin/../lib/gcc/arm-none-eabi/7.3.1/../../../../arm-none-eabi/lib/thumb/v7e-m/fpv4-sp/hard\libc.a(lib_a-strncpy.o)
                0x0800ce30                strncpy
 .text.__ssprint_r
                0x0800ce94       0xf4 c:/ac6/systemworkbench/plugins/fr.ac6.mcu.externaltools.arm-none.win32_1.17.0.201812190825/tools/compiler/bin/../lib/gcc/arm-none-eabi/7.3.1/../../../../arm-none-eabi/lib/thumb/v7e-m/fpv4-sp/hard\libc.a(lib_a-svfiprintf.o)
                0x0800ce94                __ssprint_r
 .text.__ascii_wctomb
                0x0800cf88       0x1c c:/ac6/systemworkbench/plugins/fr.ac6.mcu.externaltools.arm-none.win32_1.17.0.201812190825/tools/compiler/bin/../lib/gcc/arm-none-eabi/7.3.1/../../../../arm-none-eabi/lib/thumb/v7e-m/fpv4-sp/hard\libc.a(lib_a-wctomb_r.o)
                0x0800cf88                __ascii_wctomb
 .text.__register_exitproc
                0x0800cfa4       0xc0 c:/ac6/systemworkbench/plugins/fr.ac6.mcu.externaltools.arm-none.win32_1.17.0.201812190825/tools/compiler/bin/../lib/gcc/arm-none-eabi/7.3.1/../../../../arm-none-eabi/lib/thumb/v7e-m/fpv4-sp/hard\libc.a(lib_a-__atexit.o)
                0x0800cfa4                __register_exitproc
 .text._calloc_r
                0x0800d064       0x68 c:/ac6/systemworkbench/plugins/fr.ac6.mcu.externaltools.arm-none.win32_1.17.0.201812190825/tools/compiler/bin/../lib/gcc/arm-none-eabi/7.3.1/../../../../arm-none-eabi/lib/thumb/v7e-m/fpv4-sp/hard\libc.a(lib_a-callocr.o)
                0x0800d064                _calloc_r
 .text.memmove  0x0800d0cc       0xc8 c:/ac6/systemworkbench/plugins/fr.ac6.mcu.externaltools.arm-none.win32_1.17.0.201812190825/tools/compiler/bin/../lib/gcc/arm-none-eabi/7.3.1/../../../../arm-none-eabi/lib/thumb/v7e-m/fpv4-sp/hard\libc.a(lib_a-memmove.o)
                0x0800d0cc                memmove
 .text._realloc_r
                0x0800d194      0x35c c:/ac6/systemworkbench/plugins/fr.ac6.mcu.externaltools.arm-none.win32_1.17.0.201812190825/tools/compiler/bin/../lib/gcc/arm-none-eabi/7.3.1/../../../../arm-none-eabi/lib/thumb/v7e-m/fpv4-sp/hard\libc.a(lib_a-reallocr.o)
                0x0800d194                _realloc_r
 .text._sbrk    0x0800d4f0       0x1c c:/ac6/systemworkbench/plugins/fr.ac6.mcu.externaltools.arm-none.win32_1.17.0.201812190825/tools/compiler/bin/../lib/gcc/arm-none-eabi/7.3.1/../../../../arm-none-eabi/lib/thumb/v7e-m/fpv4-sp/hard\libnosys.a(sbrk.o)
                0x0800d4f0                _sbrk
 *(.glue_7)
 .glue_7        0x0800d50c        0x0 linker stubs
 *(.glue_7t)
 .glue_7t       0x0800d50c        0x0 linker stubs
 *(.eh_frame)
 .eh_frame      0x0800d50c        0x0 c:/ac6/systemworkbench/plugins/fr.ac6.mcu.externaltools.arm-none.win32_1.17.0.201812190825/tools/compiler/bin/../lib/gcc/arm-none-eabi/7.3.1/thumb/v7e-m/fpv4-sp/hard/crtbegin.o
 *(.init)
 .init          0x0800d50c        0x4 c:/ac6/systemworkbench/plugins/fr.ac6.mcu.externaltools.arm-none.win32_1.17.0.201812190825/tools/compiler/bin/../lib/gcc/arm-none-eabi/7.3.1/thumb/v7e-m/fpv4-sp/hard/crti.o
                0x0800d50c                _init
 .init          0x0800d510        0x8 c:/ac6/systemworkbench/plugins/fr.ac6.mcu.externaltools.arm-none.win32_1.17.0.201812190825/tools/compiler/bin/../lib/gcc/arm-none-eabi/7.3.1/thumb/v7e-m/fpv4-sp/hard/crtn.o
 *(.fini)
 .fini          0x0800d518        0x4 c:/ac6/systemworkbench/plugins/fr.ac6.mcu.externaltools.arm-none.win32_1.17.0.201812190825/tools/compiler/bin/../lib/gcc/arm-none-eabi/7.3.1/thumb/v7e-m/fpv4-sp/hard/crti.o
                0x0800d518                _fini
 .fini          0x0800d51c        0x8 c:/ac6/systemworkbench/plugins/fr.ac6.mcu.externaltools.arm-none.win32_1.17.0.201812190825/tools/compiler/bin/../lib/gcc/arm-none-eabi/7.3.1/thumb/v7e-m/fpv4-sp/hard/crtn.o
                0x0800d528                . = ALIGN (0x8)
 *fill*         0x0800d524        0x4 
                0x0800d528                _etext = .

.vfp11_veneer   0x0800d528        0x0
 .vfp11_veneer  0x0800d528        0x0 linker stubs

.v4_bx          0x0800d528        0x0
 .v4_bx         0x0800d528        0x0 linker stubs

.iplt           0x0800d528        0x0
 .iplt          0x0800d528        0x0 c:/ac6/systemworkbench/plugins/fr.ac6.mcu.externaltools.arm-none.win32_1.17.0.201812190825/tools/compiler/bin/../lib/gcc/arm-none-eabi/7.3.1/thumb/v7e-m/fpv4-sp/hard/crtbegin.o

.rodata         0x0800d528     0x2be8
                0x0800d528                . = ALIGN (0x8)
 *(.rodata)
 .rodata        0x0800d528       0x10 Middlewares\Third_Party\ACSipLoRaWan\src\acsip-lorawan-lib.o
                0x0800d528                hexArray
 *(.rodata*)
 .rodata.str1.1
                0x0800d538        0x7 Application\AppTimeBase\src\app_tmbase_task.o
 .rodata.str1.1
                0x0800d53f       0x32 Application\Main\Src\debug_print.o
 .rodata.str1.1
                0x0800d571     0x1c61 Application\Main\Src\main.o
                               0x1c70 (size before relaxing)
 .rodata.str1.1
                0x0800f1d2      0xb3d Middlewares\Third_Party\ACSipLoRaWan\src\acsip-lorawan-lib.o
                                0xb57 (size before relaxing)
 .rodata.str1.1
                0x0800fd0f        0x5 Middlewares\Third_Party\FreeRTOS\tasks.o
 .rodata.str1.1
                0x0800fd14        0xd Middlewares\Third_Party\FreeRTOS\timers.o
 *fill*         0x0800fd21        0x3 
 .rodata._global_impure_ptr
                0x0800fd24        0x4 c:/ac6/systemworkbench/plugins/fr.ac6.mcu.externaltools.arm-none.win32_1.17.0.201812190825/tools/compiler/bin/../lib/gcc/arm-none-eabi/7.3.1/../../../../arm-none-eabi/lib/thumb/v7e-m/fpv4-sp/hard\libc.a(lib_a-impure.o)
                0x0800fd24                _global_impure_ptr
 .rodata._strtod_l.str1.4
                0x0800fd28        0xf c:/ac6/systemworkbench/plugins/fr.ac6.mcu.externaltools.arm-none.win32_1.17.0.201812190825/tools/compiler/bin/../lib/gcc/arm-none-eabi/7.3.1/../../../../arm-none-eabi/lib/thumb/v7e-m/fpv4-sp/hard\libc.a(lib_a-strtod.o)
 *fill*         0x0800fd37        0x1 
 .rodata.fpi.7447
                0x0800fd38       0x14 c:/ac6/systemworkbench/plugins/fr.ac6.mcu.externaltools.arm-none.win32_1.17.0.201812190825/tools/compiler/bin/../lib/gcc/arm-none-eabi/7.3.1/../../../../arm-none-eabi/lib/thumb/v7e-m/fpv4-sp/hard\libc.a(lib_a-strtod.o)
 .rodata.fpinan.7483
                0x0800fd4c       0x14 c:/ac6/systemworkbench/plugins/fr.ac6.mcu.externaltools.arm-none.win32_1.17.0.201812190825/tools/compiler/bin/../lib/gcc/arm-none-eabi/7.3.1/../../../../arm-none-eabi/lib/thumb/v7e-m/fpv4-sp/hard\libc.a(lib_a-strtod.o)
 .rodata.tinytens
                0x0800fd60       0x28 c:/ac6/systemworkbench/plugins/fr.ac6.mcu.externaltools.arm-none.win32_1.17.0.201812190825/tools/compiler/bin/../lib/gcc/arm-none-eabi/7.3.1/../../../../arm-none-eabi/lib/thumb/v7e-m/fpv4-sp/hard\libc.a(lib_a-strtod.o)
 .rodata._svfprintf_r.str1.4
                0x0800fd88       0x42 c:/ac6/systemworkbench/plugins/fr.ac6.mcu.externaltools.arm-none.win32_1.17.0.201812190825/tools/compiler/bin/../lib/gcc/arm-none-eabi/7.3.1/../../../../arm-none-eabi/lib/thumb/v7e-m/fpv4-sp/hard\libc.a(lib_a-svfprintf.o)
 *fill*         0x0800fdca        0x2 
 .rodata.blanks.8590
                0x0800fdcc       0x10 c:/ac6/systemworkbench/plugins/fr.ac6.mcu.externaltools.arm-none.win32_1.17.0.201812190825/tools/compiler/bin/../lib/gcc/arm-none-eabi/7.3.1/../../../../arm-none-eabi/lib/thumb/v7e-m/fpv4-sp/hard\libc.a(lib_a-svfprintf.o)
 .rodata.zeroes.8591
                0x0800fddc       0x10 c:/ac6/systemworkbench/plugins/fr.ac6.mcu.externaltools.arm-none.win32_1.17.0.201812190825/tools/compiler/bin/../lib/gcc/arm-none-eabi/7.3.1/../../../../arm-none-eabi/lib/thumb/v7e-m/fpv4-sp/hard\libc.a(lib_a-svfprintf.o)
 .rodata._dtoa_r.str1.4
                0x0800fdec       0x10 c:/ac6/systemworkbench/plugins/fr.ac6.mcu.externaltools.arm-none.win32_1.17.0.201812190825/tools/compiler/bin/../lib/gcc/arm-none-eabi/7.3.1/../../../../arm-none-eabi/lib/thumb/v7e-m/fpv4-sp/hard\libc.a(lib_a-dtoa.o)
                                 0x12 (size before relaxing)
 .rodata.__hexdig
                0x0800fdfc      0x100 c:/ac6/systemworkbench/plugins/fr.ac6.mcu.externaltools.arm-none.win32_1.17.0.201812190825/tools/compiler/bin/../lib/gcc/arm-none-eabi/7.3.1/../../../../arm-none-eabi/lib/thumb/v7e-m/fpv4-sp/hard\libc.a(lib_a-gdtoa-gethex.o)
                0x0800fdfc                __hexdig
 .rodata._setlocale_r.str1.4
                0x0800fefc        0xa c:/ac6/systemworkbench/plugins/fr.ac6.mcu.externaltools.arm-none.win32_1.17.0.201812190825/tools/compiler/bin/../lib/gcc/arm-none-eabi/7.3.1/../../../../arm-none-eabi/lib/thumb/v7e-m/fpv4-sp/hard\libc.a(lib_a-locale.o)
                                  0xd (size before relaxing)
 *fill*         0x0800ff06        0x2 
 .rodata.str1.4
                0x0800ff08        0x4 c:/ac6/systemworkbench/plugins/fr.ac6.mcu.externaltools.arm-none.win32_1.17.0.201812190825/tools/compiler/bin/../lib/gcc/arm-none-eabi/7.3.1/../../../../arm-none-eabi/lib/thumb/v7e-m/fpv4-sp/hard\libc.a(lib_a-locale.o)
                                  0x2 (size before relaxing)
 *fill*         0x0800ff0c        0x4 
 .rodata.__mprec_bigtens