Archive member included to satisfy reference by file (symbol)

d:/ac6/systemworkbench/plugins/fr.ac6.mcu.externaltools.arm-none.win32_1.13.3.201707031232/tools/compiler/bin/../lib/gcc/arm-none-eabi/5.4.1/armv7e-m/fpu\libgcc.a(_arm_addsubdf3.o)
                              Application\AppUMRR\src\app_umrr_task.o (__aeabi_dsub)
d:/ac6/systemworkbench/plugins/fr.ac6.mcu.externaltools.arm-none.win32_1.13.3.201707031232/tools/compiler/bin/../lib/gcc/arm-none-eabi/5.4.1/armv7e-m/fpu\libgcc.a(_arm_muldivdf3.o)
                              Application\AppUMRR\src\app_umrr_task.o (__aeabi_dmul)
d:/ac6/systemworkbench/plugins/fr.ac6.mcu.externaltools.arm-none.win32_1.13.3.201707031232/tools/compiler/bin/../lib/gcc/arm-none-eabi/5.4.1/armv7e-m/fpu\libgcc.a(_arm_fixdfsi.o)
                              Application\AppUMRR\src\app_umrr_task.o (__aeabi_d2iz)
d:/ac6/systemworkbench/plugins/fr.ac6.mcu.externaltools.arm-none.win32_1.13.3.201707031232/tools/compiler/bin/../lib/gcc/arm-none-eabi/5.4.1/armv7e-m/fpu\libgcc.a(_arm_fixunsdfsi.o)
                              Application\Main\Src\main.o (__aeabi_d2uiz)
d:/ac6/systemworkbench/plugins/fr.ac6.mcu.externaltools.arm-none.win32_1.13.3.201707031232/tools/compiler/bin/../lib/gcc/arm-none-eabi/5.4.1/armv7e-m/fpu\libgcc.a(_aeabi_uldivmod.o)
                              STM32L4-Lib\Drivers\STM32L4xx_HAL_Driver\Src\stm32l4xx_ll_lpuart.o (__aeabi_uldivmod)
d:/ac6/systemworkbench/plugins/fr.ac6.mcu.externaltools.arm-none.win32_1.13.3.201707031232/tools/compiler/bin/../lib/gcc/arm-none-eabi/5.4.1/armv7e-m/fpu\libgcc.a(_udivmoddi4.o)
                              d:/ac6/systemworkbench/plugins/fr.ac6.mcu.externaltools.arm-none.win32_1.13.3.201707031232/tools/compiler/bin/../lib/gcc/arm-none-eabi/5.4.1/armv7e-m/fpu\libgcc.a(_aeabi_uldivmod.o) (__udivmoddi4)
d:/ac6/systemworkbench/plugins/fr.ac6.mcu.externaltools.arm-none.win32_1.13.3.201707031232/tools/compiler/bin/../lib/gcc/arm-none-eabi/5.4.1/armv7e-m/fpu\libgcc.a(_dvmd_tls.o)
                              d:/ac6/systemworkbench/plugins/fr.ac6.mcu.externaltools.arm-none.win32_1.13.3.201707031232/tools/compiler/bin/../lib/gcc/arm-none-eabi/5.4.1/armv7e-m/fpu\libgcc.a(_aeabi_uldivmod.o) (__aeabi_ldiv0)
d:/ac6/systemworkbench/plugins/fr.ac6.mcu.externaltools.arm-none.win32_1.13.3.201707031232/tools/compiler/bin/../lib/gcc/arm-none-eabi/5.4.1/../../../../arm-none-eabi/lib/armv7e-m/fpu\libc.a(lib_a-atoi.o)
                              Middlewares\Third_Party\GPS\src\gps.o (atoi)
d:/ac6/systemworkbench/plugins/fr.ac6.mcu.externaltools.arm-none.win32_1.13.3.201707031232/tools/compiler/bin/../lib/gcc/arm-none-eabi/5.4.1/../../../../arm-none-eabi/lib/armv7e-m/fpu\libc.a(lib_a-exit.o)
                              d:/ac6/systemworkbench/plugins/fr.ac6.mcu.externaltools.arm-none.win32_1.13.3.201707031232/tools/compiler/bin/../lib/gcc/arm-none-eabi/5.4.1/../../../../arm-none-eabi/lib/armv7e-m/fpu/crt0.o (exit)
d:/ac6/systemworkbench/plugins/fr.ac6.mcu.externaltools.arm-none.win32_1.13.3.201707031232/tools/compiler/bin/../lib/gcc/arm-none-eabi/5.4.1/../../../../arm-none-eabi/lib/armv7e-m/fpu\libc.a(lib_a-impure.o)
                              d:/ac6/systemworkbench/plugins/fr.ac6.mcu.externaltools.arm-none.win32_1.13.3.201707031232/tools/compiler/bin/../lib/gcc/arm-none-eabi/5.4.1/../../../../arm-none-eabi/lib/armv7e-m/fpu\libc.a(lib_a-exit.o) (_global_impure_ptr)
d:/ac6/systemworkbench/plugins/fr.ac6.mcu.externaltools.arm-none.win32_1.13.3.201707031232/tools/compiler/bin/../lib/gcc/arm-none-eabi/5.4.1/../../../../arm-none-eabi/lib/armv7e-m/fpu\libc.a(lib_a-init.o)
                              d:/ac6/systemworkbench/plugins/fr.ac6.mcu.externaltools.arm-none.win32_1.13.3.201707031232/tools/compiler/bin/../lib/gcc/arm-none-eabi/5.4.1/../../../../arm-none-eabi/lib/armv7e-m/fpu/crt0.o (__libc_init_array)
d:/ac6/systemworkbench/plugins/fr.ac6.mcu.externaltools.arm-none.win32_1.13.3.201707031232/tools/compiler/bin/../lib/gcc/arm-none-eabi/5.4.1/../../../../arm-none-eabi/lib/armv7e-m/fpu\libc.a(lib_a-memcmp.o)
                              Middlewares\Third_Party\GPS\src\gps.o (memcmp)
d:/ac6/systemworkbench/plugins/fr.ac6.mcu.externaltools.arm-none.win32_1.13.3.201707031232/tools/compiler/bin/../lib/gcc/arm-none-eabi/5.4.1/../../../../arm-none-eabi/lib/armv7e-m/fpu\libc.a(lib_a-memcpy.o)
                              Application\AppOBD2\src\app_obd2_task.o (memcpy)
d:/ac6/systemworkbench/plugins/fr.ac6.mcu.externaltools.arm-none.win32_1.13.3.201707031232/tools/compiler/bin/../lib/gcc/arm-none-eabi/5.4.1/../../../../arm-none-eabi/lib/armv7e-m/fpu\libc.a(lib_a-memset.o)
                              d:/ac6/systemworkbench/plugins/fr.ac6.mcu.externaltools.arm-none.win32_1.13.3.201707031232/tools/compiler/bin/../lib/gcc/arm-none-eabi/5.4.1/../../../../arm-none-eabi/lib/armv7e-m/fpu/crt0.o (memset)
[...]
Memory Configuration

Name             Origin             Length             Attributes
FLASH            0x08000000         0x00100000         xr
RAM              0x20000000         0x00018000         xrw
SRAM2            0x10000000         0x00008000         xrw
*default*        0x00000000         0xffffffff

Linker script and memory map

LOAD d:/ac6/systemworkbench/plugins/fr.ac6.mcu.externaltools.arm-none.win32_1.13.3.201707031232/tools/compiler/bin/../lib/gcc/arm-none-eabi/5.4.1/armv7e-m/fpu/crti.o
LOAD d:/ac6/systemworkbench/plugins/fr.ac6.mcu.externaltools.arm-none.win32_1.13.3.201707031232/tools/compiler/bin/../lib/gcc/arm-none-eabi/5.4.1/armv7e-m/fpu/crtbegin.o
LOAD d:/ac6/systemworkbench/plugins/fr.ac6.mcu.externaltools.arm-none.win32_1.13.3.201707031232/tools/compiler/bin/../lib/gcc/arm-none-eabi/5.4.1/../../../../arm-none-eabi/lib/armv7e-m/fpu/crt0.o
LOAD d:/ac6/systemworkbench/plugins/fr.ac6.mcu.externaltools.arm-none.win32_1.13.3.201707031232/tools/compiler/bin/../lib/gcc/arm-none-eabi/5.4.1/../../../../arm-none-eabi/lib/armv7e-m/fpu\libm.a
LOAD Application\AppBuzzer\src\app_buzzer_task.o
LOAD Application\AppDIO\src\app_dio_task.o
LOAD Application\AppFuel\src\app_fuel_task.o
LOAD Application\AppOBD2\src\app_obd2_task.o
LOAD Application\AppPM\src\app_pm_task.o
LOAD Application\AppRFID\src\app_rfid_task.o
LOAD Application\AppSDCard\src\app_sdcard_task.o
LOAD Application\AppTimeBase\src\app_tmbase_task.o
LOAD Application\AppTranstack\src\app_trns-callback.o
LOAD Application\AppTranstack\src\app_trns-task.o
LOAD Application\AppTranstack\src\app_trns-transceiver.o
LOAD Application\AppUMRR\src\app_umrr_task.o
LOAD Application\BSP\src\transcode_bsp.o
LOAD Application\Main\Src\debug_print.o
LOAD Application\Main\Src\main.o
LOAD Application\Main\Src\stm32l4xx_it.o
LOAD Application\Main\Src\system_stm32l4xx.o
LOAD Driver\ADC\src\adc.o
LOAD Driver\Camera\LS-Y201\drv-ls-y201.o
LOAD Driver\Peripheral\src\drv-can1.o
LOAD Driver\Peripheral\src\drv-spi1.o
LOAD Driver\Peripheral\src\drv-uart1.o
LOAD Driver\Peripheral\src\drv-uart2.o
LOAD Driver\Peripheral\src\drv-uart3.o
LOAD Driver\Peripheral\src\drv-uart4.o
LOAD Driver\Peripheral\src\drv-uart5.o
LOAD Driver\Service\src\service_peripheral.o
LOAD Driver\tm_stm32f4_swo\tm_stm32f4_swo.o
LOAD Middlewares\Third_Party\ACSipLoRaWan\src\acsip-lorawan-lib.o
LOAD Middlewares\Third_Party\FatFs\ff12b\src\ff.o
LOAD Middlewares\Third_Party\FatFs\mmc_32L4.o
LOAD Middlewares\Third_Party\FreeRTOS\croutine.o
LOAD Middlewares\Third_Party\FreeRTOS\event_groups.o
LOAD Middlewares\Third_Party\FreeRTOS\list.o
LOAD Middlewares\Third_Party\FreeRTOS\portable\Common\mpu_wrappers.o
LOAD Middlewares\Third_Party\FreeRTOS\portable\GCC\ARM_CM4F\port.o
LOAD Middlewares\Third_Party\FreeRTOS\portable\MemMang\heap_1.o
LOAD Middlewares\Third_Party\FreeRTOS\queue.o
LOAD Middlewares\Third_Party\FreeRTOS\tasks.o
LOAD Middlewares\Third_Party\FreeRTOS\timers.o
LOAD Middlewares\Third_Party\GPS\src\gps.o
LOAD Middlewares\Third_Party\OBD2\src\obd2-lib.o
LOAD Middlewares\Third_Party\Transtack\lib\bstack\b-mac.o
LOAD Middlewares\Third_Party\Transtack\lib\crc\crc.o
LOAD Middlewares\Third_Party\Transtack\lib\moving_avg\moving-avg.o
LOAD Middlewares\Third_Party\Transtack\lib\transtack\trns-llc.o
LOAD Middlewares\Third_Party\Transtack\lib\transtack\trns-mac.o
LOAD STM32L4-Lib\Drivers\CMSIS\Device\ST\STM32L4xx\Source\Templates\gcc\startup_stm32l476xx.o
LOAD STM32L4-Lib\Drivers\STM32L4xx_HAL_Driver\Src\stm32l4xx_ll_adc.o
LOAD STM32L4-Lib\Drivers\STM32L4xx_HAL_Driver\Src\stm32l4xx_ll_comp.o
LOAD STM32L4-Lib\Drivers\STM32L4xx_HAL_Driver\Src\stm32l4xx_ll_crc.o
LOAD STM32L4-Lib\Drivers\STM32L4xx_HAL_Driver\Src\stm32l4xx_ll_crs.o
LOAD STM32L4-Lib\Drivers\STM32L4xx_HAL_Driver\Src\stm32l4xx_ll_dac.o
LOAD STM32L4-Lib\Drivers\STM32L4xx_HAL_Driver\Src\stm32l4xx_ll_dma.o
LOAD STM32L4-Lib\Drivers\STM32L4xx_HAL_Driver\Src\stm32l4xx_ll_exti.o
LOAD STM32L4-Lib\Drivers\STM32L4xx_HAL_Driver\Src\stm32l4xx_ll_gpio.o
LOAD STM32L4-Lib\Drivers\STM32L4xx_HAL_Driver\Src\stm32l4xx_ll_i2c.o
LOAD STM32L4-Lib\Drivers\STM32L4xx_HAL_Driver\Src\stm32l4xx_ll_lptim.o
LOAD STM32L4-Lib\Drivers\STM32L4xx_HAL_Driver\Src\stm32l4xx_ll_lpuart.o
LOAD STM32L4-Lib\Drivers\STM32L4xx_HAL_Driver\Src\stm32l4xx_ll_opamp.o
LOAD STM32L4-Lib\Drivers\STM32L4xx_HAL_Driver\Src\stm32l4xx_ll_pwr.o
LOAD STM32L4-Lib\Drivers\STM32L4xx_HAL_Driver\Src\stm32l4xx_ll_rcc.o
LOAD STM32L4-Lib\Drivers\STM32L4xx_HAL_Driver\Src\stm32l4xx_ll_rng.o
LOAD STM32L4-Lib\Drivers\STM32L4xx_HAL_Driver\Src\stm32l4xx_ll_rtc.o
LOAD STM32L4-Lib\Drivers\STM32L4xx_HAL_Driver\Src\stm32l4xx_ll_sdmmc.o
LOAD STM32L4-Lib\Drivers\STM32L4xx_HAL_Driver\Src\stm32l4xx_ll_spi.o
LOAD STM32L4-Lib\Drivers\STM32L4xx_HAL_Driver\Src\stm32l4xx_ll_swpmi.o
LOAD STM32L4-Lib\Drivers\STM32L4xx_HAL_Driver\Src\stm32l4xx_ll_tim.o
LOAD STM32L4-Lib\Drivers\STM32L4xx_HAL_Driver\Src\stm32l4xx_ll_usart.o
LOAD STM32L4-Lib\Drivers\STM32L4xx_HAL_Driver\Src\stm32l4xx_ll_usb.o
LOAD STM32L4-Lib\Drivers\STM32L4xx_HAL_Driver\Src\stm32l4xx_ll_utils.o
START GROUP
LOAD d:/ac6/systemworkbench/plugins/fr.ac6.mcu.externaltools.arm-none.win32_1.13.3.201707031232/tools/compiler/bin/../lib/gcc/arm-none-eabi/5.4.1/armv7e-m/fpu\libgcc.a
LOAD d:/ac6/systemworkbench/plugins/fr.ac6.mcu.externaltools.arm-none.win32_1.13.3.201707031232/tools/compiler/bin/../lib/gcc/arm-none-eabi/5.4.1/../../../../arm-none-eabi/lib/armv7e-m/fpu\libc.a
END GROUP
START GROUP
LOAD d:/ac6/systemworkbench/plugins/fr.ac6.mcu.externaltools.arm-none.win32_1.13.3.201707031232/tools/compiler/bin/../lib/gcc/arm-none-eabi/5.4.1/armv7e-m/fpu\libgcc.a
LOAD d:/ac6/systemworkbench/plugins/fr.ac6.mcu.externaltools.arm-none.win32_1.13.3.201707031232/tools/compiler/bin/../lib/gcc/arm-none-eabi/5.4.1/../../../../arm-none-eabi/lib/armv7e-m/fpu\libc.a
LOAD d:/ac6/systemworkbench/plugins/fr.ac6.mcu.externaltools.arm-none.win32_1.13.3.201707031232/tools/compiler/bin/../lib/gcc/arm-none-eabi/5.4.1/../../../../arm-none-eabi/lib/armv7e-m/fpu\libnosys.a
END GROUP
LOAD d:/ac6/systemworkbench/plugins/fr.ac6.mcu.externaltools.arm-none.win32_1.13.3.201707031232/tools/compiler/bin/../lib/gcc/arm-none-eabi/5.4.1/armv7e-m/fpu/crtend.o
LOAD d:/ac6/systemworkbench/plugins/fr.ac6.mcu.externaltools.arm-none.win32_1.13.3.201707031232/tools/compiler/bin/../lib/gcc/arm-none-eabi/5.4.1/armv7e-m/fpu/crtn.o
                0x20018000                _estack = 0x20018000
                0x00000200                _Min_Heap_Size = 0x200
                0x00000400                _Min_Stack_Size = 0x400

.isr_vector     0x08000000      0x188
                0x08000000                . = ALIGN (0x8)
 *(.isr_vector)
 .isr_vector    0x08000000      0x188 STM32L4-Lib\Drivers\CMSIS\Device\ST\STM32L4xx\Source\Templates\gcc\startup_stm32l476xx.o
                0x08000000                g_pfnVectors
                0x08000188                . = ALIGN (0x8)

.text           0x080001c0     0xa628
                0x080001c0                . = ALIGN (0x8)
 *(.text)
 .text          0x080001c0       0x5c d:/ac6/systemworkbench/plugins/fr.ac6.mcu.externaltools.arm-none.win32_1.13.3.201707031232/tools/compiler/bin/../lib/gcc/arm-none-eabi/5.4.1/armv7e-m/fpu/crtbegin.o
 .text          0x0800021c      0x370 d:/ac6/systemworkbench/plugins/fr.ac6.mcu.externaltools.arm-none.win32_1.13.3.201707031232/tools/compiler/bin/../lib/gcc/arm-none-eabi/5.4.1/armv7e-m/fpu\libgcc.a(_arm_addsubdf3.o)
                0x0800021c                __aeabi_drsub
                0x08000224                __aeabi_dsub
                0x08000224                __subdf3
                0x08000228                __aeabi_dadd
                0x08000228                __adddf3
                0x080004a0                __floatunsidf
                0x080004a0                __aeabi_ui2d
                0x080004c0                __floatsidf
                0x080004c0                __aeabi_i2d
                0x080004e4                __aeabi_f2d
                0x080004e4                __extendsfdf2
                0x08000520                __floatundidf
                0x08000520                __aeabi_ul2d
                0x08000530                __floatdidf
                0x08000530                __aeabi_l2d
 .text          0x0800058c      0x424 d:/ac6/systemworkbench/plugins/fr.ac6.mcu.externaltools.arm-none.win32_1.13.3.201707031232/tools/compiler/bin/../lib/gcc/arm-none-eabi/5.4.1/armv7e-m/fpu\libgcc.a(_arm_muldivdf3.o)
                0x0800058c                __aeabi_dmul
                0x0800058c                __muldf3
                0x080007e0                __divdf3
                0x080007e0                __aeabi_ddiv
 .text          0x080009b0       0x50 d:/ac6/systemworkbench/plugins/fr.ac6.mcu.externaltools.arm-none.win32_1.13.3.201707031232/tools/compiler/bin/../lib/gcc/arm-none-eabi/5.4.1/armv7e-m/fpu\libgcc.a(_arm_fixdfsi.o)
                0x080009b0                __aeabi_d2iz
                0x080009b0                __fixdfsi
 .text          0x08000a00       0x40 d:/ac6/systemworkbench/plugins/fr.ac6.mcu.externaltools.arm-none.win32_1.13.3.201707031232/tools/compiler/bin/../lib/gcc/arm-none-eabi/5.4.1/armv7e-m/fpu\libgcc.a(_arm_fixunsdfsi.o)
                0x08000a00                __aeabi_d2uiz
                0x08000a00                __fixunsdfsi
 .text          0x08000a40       0x30 d:/ac6/systemworkbench/plugins/fr.ac6.mcu.externaltools.arm-none.win32_1.13.3.201707031232/tools/compiler/bin/../lib/gcc/arm-none-eabi/5.4.1/armv7e-m/fpu\libgcc.a(_aeabi_uldivmod.o)
                0x08000a40                __aeabi_uldivmod
 .text          0x08000a70      0x2e4 d:/ac6/systemworkbench/plugins/fr.ac6.mcu.externaltools.arm-none.win32_1.13.3.201707031232/tools/compiler/bin/../lib/gcc/arm-none-eabi/5.4.1/armv7e-m/fpu\libgcc.a(_udivmoddi4.o)
                0x08000a70                __udivmoddi4
 .text          0x08000d54        0x4 d:/ac6/systemworkbench/plugins/fr.ac6.mcu.externaltools.arm-none.win32_1.13.3.201707031232/tools/compiler/bin/../lib/gcc/arm-none-eabi/5.4.1/armv7e-m/fpu\libgcc.a(_dvmd_tls.o)
                0x08000d54                __aeabi_idiv0
                0x08000d54                __aeabi_ldiv0
 .text          0x08000d58      0x134 d:/ac6/systemworkbench/plugins/fr.ac6.mcu.externaltools.arm-none.win32_1.13.3.201707031232/tools/compiler/bin/../lib/gcc/arm-none-eabi/5.4.1/../../../../arm-none-eabi/lib/armv7e-m/fpu\libc.a(lib_a-memcpy.o)
                0x08000d58                memcpy
 *fill*         0x08000e8c       0x34 
 .text          0x08000ec0       0xdc d:/ac6/systemworkbench/plugins/fr.ac6.mcu.externaltools.arm-none.win32_1.13.3.201707031232/tools/compiler/bin/../lib/gcc/arm-none-eabi/5.4.1/../../../../arm-none-eabi/lib/armv7e-m/fpu\libc.a(lib_a-strlen.o)
                0x08000ec0                strlen
 *fill*         0x08000f9c        0x4 
 .text          0x08000fa0       0xa0 d:/ac6/systemworkbench/plugins/fr.ac6.mcu.externaltools.arm-none.win32_1.13.3.201707031232/tools/compiler/bin/../lib/gcc/arm-none-eabi/5.4.1/../../../../arm-none-eabi/lib/armv7e-m/fpu\libc.a(lib_a-memchr.o)
                0x08000fa0                memchr
 .text          0x08001040      0x110 d:/ac6/systemworkbench/plugins/fr.ac6.mcu.externaltools.arm-none.win32_1.13.3.201707031232/tools/compiler/bin/../lib/gcc/arm-none-eabi/5.4.1/armv7e-m/fpu\libgcc.a(_arm_cmpdf2.o)
                0x08001040                __gtdf2
                0x08001040                __gedf2
                0x08001048                __ltdf2
                0x08001048                __ledf2
                0x08001050                __nedf2
                0x08001050                __eqdf2
                0x08001050                __cmpdf2
                0x080010cc                __aeabi_cdrcmple
                0x080010dc                __aeabi_cdcmpeq
                0x080010dc                __aeabi_cdcmple
                0x080010ec                __aeabi_dcmpeq
                0x08001100                __aeabi_dcmplt
                0x08001114                __aeabi_dcmple
                0x08001128                __aeabi_dcmpge
                0x0800113c                __aeabi_dcmpgt
 .text          0x08001150       0x2c d:/ac6/systemworkbench/plugins/fr.ac6.mcu.externaltools.arm-none.win32_1.13.3.201707031232/tools/compiler/bin/../lib/gcc/arm-none-eabi/5.4.1/armv7e-m/fpu\libgcc.a(_arm_unorddf2.o)
                0x08001150                __unorddf2
                0x08001150                __aeabi_dcmpun
 *(.text*)
 .text.fuel_trigger_cbk
                0x0800117c       0x10 Application\AppFuel\src\app_fuel_task.o
                0x0800117c                fuel_trigger_cbk
 .text.os_tmbase_task
                0x0800118c       0x1c Application\AppTimeBase\src\app_tmbase_task.o
 .text.os_tmbase_task_create
                0x080011a8       0x28 Application\AppTimeBase\src\app_tmbase_task.o
                0x080011a8                os_tmbase_task_create
 .text.LL_AHB2_GRP1_EnableClock
                0x080011d0       0x1c Application\BSP\src\transcode_bsp.o
 .text.SystemClock_Config
                0x080011ec       0xec Application\BSP\src\transcode_bsp.o
                0x080011ec                SystemClock_Config
 .text.blink_led
                0x080012d8       0x18 Application\BSP\src\transcode_bsp.o
                0x080012d8                blink_led
 .text.init_led
                0x080012f0       0x72 Application\BSP\src\transcode_bsp.o
                0x080012f0                init_led
 *fill*         0x08001362        0x2 
 .text.log_format
                0x08001364       0x78 Application\Main\Src\debug_print.o
                0x08001364                log_format
 *fill*         0x080013dc        0x4 
 .text.osTestTask
                0x080013e0      0x188 Application\Main\Src\main.o
 .text.startup.main
                0x08001568      0x190 Application\Main\Src\main.o
                0x08001568                main
 .text.vApplicationTickHook
                0x080016f8        0x2 Application\Main\Src\main.o
                0x080016f8                vApplicationTickHook
 .text.vApplicationMallocFailedHook
                0x080016fa       0x1c Application\Main\Src\main.o
                0x080016fa                vApplicationMallocFailedHook
 .text.vApplicationStackOverflowHook
                0x08001716       0x1c Application\Main\Src\main.o
                0x08001716                vApplicationStackOverflowHook
 .text.NMI_Handler
                0x08001732        0x2 Application\Main\Src\stm32l4xx_it.o
                0x08001732                NMI_Handler
 .text.BusFault_Handler
                0x08001734        0xa Application\Main\Src\stm32l4xx_it.o
                0x08001734                BusFault_Handler
 .text.MemManage_Handler
                0x0800173e        0x6 Application\Main\Src\stm32l4xx_it.o
                0x0800173e                MemManage_Handler
 .text.HardFault_Handler
                0x08001744        0x6 Application\Main\Src\stm32l4xx_it.o
                0x08001744                HardFault_Handler
 .text.UsageFault_Handler
                0x0800174a        0x2 Application\Main\Src\stm32l4xx_it.o
                0x0800174a                UsageFault_Handler
 .text.DebugMon_Handler
                0x0800174c        0x2 Application\Main\Src\stm32l4xx_it.o
                0x0800174c                DebugMon_Handler
 .text.DMA1_Channel7_IRQHandler
                0x0800174e        0x2 Application\Main\Src\stm32l4xx_it.o
                0x0800174e                DMA1_Channel7_IRQHandler
 .text.DMA1_Channel6_IRQHandler
                0x08001750        0x2 Application\Main\Src\stm32l4xx_it.o
                0x08001750                DMA1_Channel6_IRQHandler
 .text.USART1_IRQHandler
                0x08001752        0x4 Application\Main\Src\stm32l4xx_it.o
                0x08001752                USART1_IRQHandler
 .text.USART2_IRQHandler
                0x08001756        0x4 Application\Main\Src\stm32l4xx_it.o
                0x08001756                USART2_IRQHandler
 .text.USART3_IRQHandler
                0x0800175a        0x4 Application\Main\Src\stm32l4xx_it.o
                0x0800175a                USART3_IRQHandler
 .text.UART4_IRQHandler
                0x0800175e        0x4 Application\Main\Src\stm32l4xx_it.o
                0x0800175e                UART4_IRQHandler
 .text.UART5_IRQHandler
                0x08001762        0x4 Application\Main\Src\stm32l4xx_it.o
                0x08001762                UART5_IRQHandler
 .text.SPI1_IRQHandler
                0x08001766        0x4 Application\Main\Src\stm32l4xx_it.o
                0x08001766                SPI1_IRQHandler
 .text.CAN1_TX_IRQHandler
                0x0800176a        0x4 Application\Main\Src\stm32l4xx_it.o
                0x0800176a                CAN1_TX_IRQHandler
 .text.CAN1_RX0_IRQHandler
                0x0800176e        0x4 Application\Main\Src\stm32l4xx_it.o
                0x0800176e                CAN1_RX0_IRQHandler
 *fill*         0x08001772        0x2 
 .text.ADC3_IRQHandler
                0x08001774       0x1c Application\Main\Src\stm32l4xx_it.o
                0x08001774                ADC3_IRQHandler
 .text.ADC1_2_IRQHandler
                0x08001790       0x14 Application\Main\Src\stm32l4xx_it.o
                0x08001790                ADC1_2_IRQHandler
 .text.EXTI15_10_IRQHandler
                0x080017a4       0x18 Application\Main\Src\stm32l4xx_it.o
                0x080017a4                EXTI15_10_IRQHandler
 .text.TIM1_UP_TIM16_IRQHandler
                0x080017bc       0x50 Application\Main\Src\stm32l4xx_it.o
                0x080017bc                TIM1_UP_TIM16_IRQHandler
 .text.SystemInit
                0x0800180c       0x48 Application\Main\Src\system_stm32l4xx.o
                0x0800180c                SystemInit
 .text.LL_GPIO_SetPinMode.constprop.7
                0x08001854       0x34 Driver\ADC\src\adc.o
 .text.Configure_ADC
                0x08001888      0x12c Driver\ADC\src\adc.o
                0x08001888                Configure_ADC
 .text.Activate_ADC
                0x080019b4       0x98 Driver\ADC\src\adc.o
                0x080019b4                Activate_ADC
 .text.xInit_adc
                0x08001a4c       0x2c Driver\ADC\src\adc.o
                0x08001a4c                xInit_adc
 .text.write_ff0_can1
                0x08001a78       0x84 Driver\Peripheral\src\drv-can1.o
                0x08001a78                write_ff0_can1
 .text.OS_CAN1_TX_ISR_HANDLER
                0x08001afc       0x5c Driver\Peripheral\src\drv-can1.o
                0x08001afc                OS_CAN1_TX_ISR_HANDLER
 .text.read_ff0_can1
                0x08001b58       0x88 Driver\Peripheral\src\drv-can1.o
                0x08001b58                read_ff0_can1
 .text.OS_CAN1_RX0_ISR_HANDLER
                0x08001be0       0x48 Driver\Peripheral\src\drv-can1.o
                0x08001be0                OS_CAN1_RX0_ISR_HANDLER
 .text.vSPI1_ISR_HANDLER
                0x08001c28       0x84 Driver\Peripheral\src\drv-spi1.o
                0x08001c28                vSPI1_ISR_HANDLER
 .text.os_init_uart1
                0x08001cac      0x260 Driver\Peripheral\src\drv-uart1.o
                0x08001cac                os_init_uart1
 .text.OS_UART1_ISR_HANDLER
                0x08001f0c       0x90 Driver\Peripheral\src\drv-uart1.o
                0x08001f0c                OS_UART1_ISR_HANDLER
 .text.os_init_uart2
                0x08001f9c      0x258 Driver\Peripheral\src\drv-uart2.o
                0x08001f9c                os_init_uart2
 .text.os_getc_uart2
                0x080021f4       0x1c Driver\Peripheral\src\drv-uart2.o
                0x080021f4                os_getc_uart2
 .text.os_putc_uart2
                0x08002210       0x34 Driver\Peripheral\src\drv-uart2.o
                0x08002210                os_putc_uart2
 .text.os_puts_uart2
                0x08002244       0x14 Driver\Peripheral\src\drv-uart2.o
                0x08002244                os_puts_uart2
 .text.os_write_uart2
                0x08002258       0x20 Driver\Peripheral\src\drv-uart2.o
                0x08002258                os_write_uart2
 .text.os_read_uart2
                0x08002278       0x22 Driver\Peripheral\src\drv-uart2.o
                0x08002278                os_read_uart2
 *fill*         0x0800229a        0x2 
 .text.OS_UART2_ISR_HANDLER
                0x0800229c       0x90 Driver\Peripheral\src\drv-uart2.o
                0x0800229c                OS_UART2_ISR_HANDLER
 .text.os_init_uart3
                0x0800232c      0x260 Driver\Peripheral\src\drv-uart3.o
                0x0800232c                os_init_uart3
 .text.os_getc_uart3
                0x0800258c       0x1c Driver\Peripheral\src\drv-uart3.o
                0x0800258c                os_getc_uart3
 .text.os_putc_uart3
                0x080025a8       0x34 Driver\Peripheral\src\drv-uart3.o
                0x080025a8                os_putc_uart3
 .text.os_puts_uart3
                0x080025dc       0x14 Driver\Peripheral\src\drv-uart3.o
                0x080025dc                os_puts_uart3
 .text.os_write_uart3
                0x080025f0       0x20 Driver\Peripheral\src\drv-uart3.o
                0x080025f0                os_write_uart3
 .text.os_read_uart3
                0x08002610       0x22 Driver\Peripheral\src\drv-uart3.o
                0x08002610                os_read_uart3
 *fill*         0x08002632        0x2 
 .text.OS_UART3_ISR_HANDLER
                0x08002634       0x94 Driver\Peripheral\src\drv-uart3.o
                0x08002634                OS_UART3_ISR_HANDLER
 .text.LL_GPIO_SetAFPin_8_15.constprop.4
                0x080026c8       0x30 Driver\Peripheral\src\drv-uart4.o
 .text.LL_GPIO_SetPinSpeed.constprop.6
                0x080026f8       0x2c Driver\Peripheral\src\drv-uart4.o
 .text.LL_GPIO_SetPinMode.constprop.7
                0x08002724       0x2e Driver\Peripheral\src\drv-uart4.o
 *fill*         0x08002752        0x2 
 .text.os_init_uart4
                0x08002754      0x20c Driver\Peripheral\src\drv-uart4.o
                0x08002754                os_init_uart4
 .text.OS_UART4_ISR_HANDLER
                0x08002960       0x90 Driver\Peripheral\src\drv-uart4.o
                0x08002960                OS_UART4_ISR_HANDLER
 .text.os_init_uart5
                0x080029f0      0x280 Driver\Peripheral\src\drv-uart5.o
                0x080029f0                os_init_uart5
 .text.OS_UART5_ISR_HANDLER
                0x08002c70       0x90 Driver\Peripheral\src\drv-uart5.o
                0x08002c70                OS_UART5_ISR_HANDLER
 .text.read_ack_uart2_blocked
                0x08002d00       0xbc Middlewares\Third_Party\ACSipLoRaWan\src\acsip-lorawan-lib.o
                0x08002d00                read_ack_uart2_blocked
 .text.transfer_acsip
                0x08002dbc      0x10c Middlewares\Third_Party\ACSipLoRaWan\src\acsip-lorawan-lib.o
                0x08002dbc                transfer_acsip
 .text.get_acsip
                0x08002ec8       0x38 Middlewares\Third_Party\ACSipLoRaWan\src\acsip-lorawan-lib.o
                0x08002ec8                get_acsip
 .text.sip_reset_acsip
                0x08002f00       0x20 Middlewares\Third_Party\ACSipLoRaWan\src\acsip-lorawan-lib.o
                0x08002f00                sip_reset_acsip
 .text.sip_set_echo_acsip
                0x08002f20       0x44 Middlewares\Third_Party\ACSipLoRaWan\src\acsip-lorawan-lib.o
                0x08002f20                sip_set_echo_acsip
 .text.mac_join_acsip
                0x08002f64       0x5c Middlewares\Third_Party\ACSipLoRaWan\src\acsip-lorawan-lib.o
                0x08002f64                mac_join_acsip
 .text.gps_set_level_shift_acsip
                0x08002fc0       0x44 Middlewares\Third_Party\ACSipLoRaWan\src\acsip-lorawan-lib.o
                0x08002fc0                gps_set_level_shift_acsip
 .text.gps_set_positioning_cycle_acsip
                0x08003004       0x34 Middlewares\Third_Party\ACSipLoRaWan\src\acsip-lorawan-lib.o
                0x08003004                gps_set_positioning_cycle_acsip
 .text.gps_set_mode_acsip
                0x08003038       0x34 Middlewares\Third_Party\ACSipLoRaWan\src\acsip-lorawan-lib.o
                0x08003038                gps_set_mode_acsip
 .text.gps_get_data_acsip
                0x0800306c       0x2c Middlewares\Third_Party\ACSipLoRaWan\src\acsip-lorawan-lib.o
                0x0800306c                gps_get_data_acsip
 .text.bytesToHexStr
                0x08003098       0x44 Middlewares\Third_Party\ACSipLoRaWan\src\acsip-lorawan-lib.o
                0x08003098                bytesToHexStr
 .text.mac_tx_acsip
                0x080030dc       0x80 Middlewares\Third_Party\ACSipLoRaWan\src\acsip-lorawan-lib.o
                0x080030dc                mac_tx_acsip
 .text.disk_timerproc
                0x0800315c       0x38 Middlewares\Third_Party\FatFs\mmc_32L4.o
                0x0800315c                disk_timerproc
 .text.vListInitialise
                0x08003194       0x16 Middlewares\Third_Party\FreeRTOS\list.o
                0x08003194                vListInitialise
 .text.vListInitialiseItem
                0x080031aa        0x6 Middlewares\Third_Party\FreeRTOS\list.o
                0x080031aa                vListInitialiseItem
 .text.vListInsertEnd
                0x080031b0       0x18 Middlewares\Third_Party\FreeRTOS\list.o
                0x080031b0                vListInsertEnd
 .text.vListInsert
                0x080031c8       0x30 Middlewares\Third_Party\FreeRTOS\list.o
                0x080031c8                vListInsert
 .text.uxListRemove
                0x080031f8       0x20 Middlewares\Third_Party\FreeRTOS\list.o
                0x080031f8                uxListRemove
 .text.prvTaskExitError
                0x08003218       0x30 Middlewares\Third_Party\FreeRTOS\portable\GCC\ARM_CM4F\port.o
 .text.prvPortStartFirstTask
                0x08003248       0x20 Middlewares\Third_Party\FreeRTOS\portable\GCC\ARM_CM4F\port.o
 .text.vPortEnableVFP
                0x08003268       0x14 Middlewares\Third_Party\FreeRTOS\portable\GCC\ARM_CM4F\port.o
 .text.pxPortInitialiseStack
                0x0800327c       0x2c Middlewares\Third_Party\FreeRTOS\portable\GCC\ARM_CM4F\port.o
                0x0800327c                pxPortInitialiseStack
 *fill*         0x080032a8        0x8 
 .text.SVC_Handler
                0x080032b0       0x24 Middlewares\Third_Party\FreeRTOS\portable\GCC\ARM_CM4F\port.o
                0x080032b0                SVC_Handler
 .text.vPortEnterCritical
                0x080032d4       0x44 Middlewares\Third_Party\FreeRTOS\portable\GCC\ARM_CM4F\port.o
                0x080032d4                vPortEnterCritical
 .text.vPortExitCritical
                0x08003318       0x28 Middlewares\Third_Party\FreeRTOS\portable\GCC\ARM_CM4F\port.o
                0x08003318                vPortExitCritical
 .text.PendSV_Handler
                0x08003340       0x64 Middlewares\Third_Party\FreeRTOS\portable\GCC\ARM_CM4F\port.o
                0x08003340                PendSV_Handler
 .text.SysTick_Handler
                0x080033a4       0x2c Middlewares\Third_Party\FreeRTOS\portable\GCC\ARM_CM4F\port.o
                0x080033a4                SysTick_Handler
 .text.vPortSetupTimerInterrupt
                0x080033d0       0x18 Middlewares\Third_Party\FreeRTOS\portable\GCC\ARM_CM4F\port.o
                0x080033d0                vPortSetupTimerInterrupt
 .text.xPortStartScheduler
                0x080033e8       0xe4 Middlewares\Third_Party\FreeRTOS\portable\GCC\ARM_CM4F\port.o
                0x080033e8                xPortStartScheduler
 .text.vPortValidateInterruptPriority
                0x080034cc       0x54 Middlewares\Third_Party\FreeRTOS\portable\GCC\ARM_CM4F\port.o
                0x080034cc                vPortValidateInterruptPriority
 .text.pvPortMalloc
                0x08003520       0x5c Middlewares\Third_Party\FreeRTOS\portable\MemMang\heap_1.o
                0x08003520                pvPortMalloc
 .text.vPortFree
                0x0800357c       0x16 Middlewares\Third_Party\FreeRTOS\portable\MemMang\heap_1.o
                0x0800357c                vPortFree
 .text.unlikely.prvCopyDataToQueue
                0x08003592       0x70 Middlewares\Third_Party\FreeRTOS\queue.o
 .text.unlikely.prvCopyDataFromQueue
                0x08003602       0x2a Middlewares\Third_Party\FreeRTOS\queue.o
 .text.prvUnlockQueue
                0x0800362c       0x6c Middlewares\Third_Party\FreeRTOS\queue.o
 .text.xQueueGenericReset
                0x08003698       0x80 Middlewares\Third_Party\FreeRTOS\queue.o
                0x08003698                xQueueGenericReset
 .text.xQueueGenericCreate
                0x08003718       0x48 Middlewares\Third_Party\FreeRTOS\queue.o
                0x08003718                xQueueGenericCreate
 .text.xQueueGenericSend
                0x08003760      0x164 Middlewares\Third_Party\FreeRTOS\queue.o
                0x08003760                xQueueGenericSend
 .text.xQueueGenericSendFromISR
                0x080038c4       0xbe Middlewares\Third_Party\FreeRTOS\queue.o
                0x080038c4                xQueueGenericSendFromISR
 .text.xQueueGiveFromISR
                0x08003982       0xa4 Middlewares\Third_Party\FreeRTOS\queue.o
                0x08003982                xQueueGiveFromISR
 *fill*         0x08003a26        0x2 
 .text.xQueueGenericReceive
                0x08003a28      0x178 Middlewares\Third_Party\FreeRTOS\queue.o
                0x08003a28                xQueueGenericReceive
 .text.xQueueReceiveFromISR
                0x08003ba0       0x9a Middlewares\Third_Party\FreeRTOS\queue.o
                0x08003ba0                xQueueReceiveFromISR
 *fill*         0x08003c3a        0x2 
 .text.vQueueAddToRegistry
                0x08003c3c       0x28 Middlewares\Third_Party\FreeRTOS\queue.o
                0x08003c3c                vQueueAddToRegistry
 .text.vQueueWaitForMessageRestricted
                0x08003c64       0x46 Middlewares\Third_Party\FreeRTOS\queue.o
                0x08003c64                vQueueWaitForMessageRestricted
 *fill*         0x08003caa        0x2 
 .text.prvResetNextTaskUnblockTime
                0x08003cac       0x20 Middlewares\Third_Party\FreeRTOS\tasks.o
 .text.prvAddCurrentTaskToDelayedList
                0x08003ccc       0x70 Middlewares\Third_Party\FreeRTOS\tasks.o
 .text.vTaskSetTimeOutState.part.5
                0x08003d3c       0x12 Middlewares\Third_Party\FreeRTOS\tasks.o
 *fill*         0x08003d4e        0x2 
 .text.xTaskCreate
                0x08003d50      0x188 Middlewares\Third_Party\FreeRTOS\tasks.o
                0x08003d50                xTaskCreate
 .text.vTaskStartScheduler
                0x08003ed8       0x74 Middlewares\Third_Party\FreeRTOS\tasks.o
                0x08003ed8                vTaskStartScheduler
 .text.vTaskSuspendAll
                0x08003f4c       0x14 Middlewares\Third_Party\FreeRTOS\tasks.o
                0x08003f4c                vTaskSuspendAll
 .text.xTaskGetTickCount
                0x08003f60        0xc Middlewares\Third_Party\FreeRTOS\tasks.o
                0x08003f60                xTaskGetTickCount
 .text.xTaskIncrementTick
                0x08003f6c       0xfc Middlewares\Third_Party\FreeRTOS\tasks.o
                0x08003f6c                xTaskIncrementTick
 .text.xTaskResumeAll
                0x08004068       0xd8 Middlewares\Third_Party\FreeRTOS\tasks.o
                0x08004068                xTaskResumeAll
 .text.vTaskDelay
                0x08004140       0x4c Middlewares\Third_Party\FreeRTOS\tasks.o
                0x08004140                vTaskDelay
 .text.prvIdleTask
                0x0800418c       0x70 Middlewares\Third_Party\FreeRTOS\tasks.o
 .text.vTaskSwitchContext
                0x080041fc       0x98 Middlewares\Third_Party\FreeRTOS\tasks.o
                0x080041fc                vTaskSwitchContext
 .text.vTaskPlaceOnEventList
                0x08004294       0x34 Middlewares\Third_Party\FreeRTOS\tasks.o
                0x08004294                vTaskPlaceOnEventList
 .text.vTaskPlaceOnEventListRestricted
                0x080042c8       0x3c Middlewares\Third_Party\FreeRTOS\tasks.o
                0x080042c8                vTaskPlaceOnEventListRestricted
 .text.xTaskRemoveFromEventList
                0x08004304       0x74 Middlewares\Third_Party\FreeRTOS\tasks.o
                0x08004304                xTaskRemoveFromEventList
 .text.vTaskSetTimeOutState
                0x08004378       0x1c Middlewares\Third_Party\FreeRTOS\tasks.o
                0x08004378                vTaskSetTimeOutState
 .text.xTaskCheckForTimeOut
                0x08004394       0x70 Middlewares\Third_Party\FreeRTOS\tasks.o
                0x08004394                xTaskCheckForTimeOut
 .text.vTaskMissedYield
                0x08004404       0x10 Middlewares\Third_Party\FreeRTOS\tasks.o
                0x08004404                vTaskMissedYield
 .text.xTaskGetSchedulerState
                0x08004414       0x20 Middlewares\Third_Party\FreeRTOS\tasks.o
                0x08004414                xTaskGetSchedulerState
 .text.vTaskPriorityInherit
                0x08004434       0x8c Middlewares\Third_Party\FreeRTOS\tasks.o
                0x08004434                vTaskPriorityInherit
 .text.xTaskPriorityDisinherit
                0x080044c0       0x9c Middlewares\Third_Party\FreeRTOS\tasks.o
                0x080044c0                xTaskPriorityDisinherit
 .text.pvTaskIncrementMutexHeldCount
                0x0800455c       0x18 Middlewares\Third_Party\FreeRTOS\tasks.o
                0x0800455c                pvTaskIncrementMutexHeldCount
 .text.prvCheckForValidListAndQueue
                0x08004574       0x48 Middlewares\Third_Party\FreeRTOS\timers.o
 .text.prvInsertTimerInActiveList
                0x080045bc       0x38 Middlewares\Third_Party\FreeRTOS\timers.o
 .text.xTimerCreateTimerTask
                0x080045f4       0x48 Middlewares\Third_Party\FreeRTOS\timers.o
                0x080045f4                xTimerCreateTimerTask
 .text.xTimerGenericCommand
                0x0800463c       0x58 Middlewares\Third_Party\FreeRTOS\timers.o
                0x0800463c                xTimerGenericCommand
 .text.prvSwitchTimerLists
                0x08004694       0x7c Middlewares\Third_Party\FreeRTOS\timers.o
 .text.prvTimerTask
                0x08004710      0x19c Middlewares\Third_Party\FreeRTOS\timers.o
 .text.Reset_Handler
                0x080048ac       0x50 STM32L4-Lib\Drivers\CMSIS\Device\ST\STM32L4xx\Source\Templates\gcc\startup_stm32l476xx.o
                0x080048ac                Reset_Handler
 .text.Default_Handler
                0x080048fc        0x2 STM32L4-Lib\Drivers\CMSIS\Device\ST\STM32L4xx\Source\Templates\gcc\startup_stm32l476xx.o
                0x080048fc                RTC_Alarm_IRQHandler
                0x080048fc                EXTI2_IRQHandler
                0x080048fc                TIM8_TRG_COM_IRQHandler
                0x080048fc                TIM8_CC_IRQHandler
                0x080048fc                TIM1_CC_IRQHandler
                0x080048fc                TSC_IRQHandler
                0x080048fc                TAMP_STAMP_IRQHandler
                0x080048fc                EXTI3_IRQHandler
                0x080048fc                LPTIM2_IRQHandler
                0x080048fc                DFSDM1_FLT1_IRQHandler
                0x080048fc                I2C3_ER_IRQHandler
                0x080048fc                DFSDM1_FLT2_IRQHandler
                0x080048fc                EXTI0_IRQHandler
                0x080048fc                I2C2_EV_IRQHandler
                0x080048fc                FPU_IRQHandler
                0x080048fc                TIM6_DAC_IRQHandler
                0x080048fc                TIM8_UP_IRQHandler
                0x080048fc                DMA2_Channel2_IRQHandler
                0x080048fc                DMA1_Channel4_IRQHandler
                0x080048fc                SAI2_IRQHandler
                0x080048fc                DFSDM1_FLT3_IRQHandler
                0x080048fc                CAN1_RX1_IRQHandler
                0x080048fc                LCD_IRQHandler
                0x080048fc                TIM4_IRQHandler
                0x080048fc                DMA2_Channel1_IRQHandler
                0x080048fc                QUADSPI_IRQHandler
                0x080048fc                I2C1_EV_IRQHandler
                0x080048fc                DMA2_Channel4_IRQHandler
                0x080048fc                TIM3_IRQHandler
                0x080048fc                RCC_IRQHandler
                0x080048fc                DMA1_Channel1_IRQHandler
                0x080048fc                Default_Handler
                0x080048fc                DMA2_Channel7_IRQHandler
                0x080048fc                TIM7_IRQHandler
                0x080048fc                SDMMC1_IRQHandler
                0x080048fc                TIM5_IRQHandler
                0x080048fc                I2C3_EV_IRQHandler
                0x080048fc                EXTI9_5_IRQHandler
                0x080048fc                RTC_WKUP_IRQHandler
                0x080048fc                PVD_PVM_IRQHandler
                0x080048fc                SPI2_IRQHandler
                0x080048fc                DMA2_Channel5_IRQHandler
                0x080048fc                DMA1_Channel5_IRQHandler
                0x080048fc                EXTI4_IRQHandler
                0x080048fc                RNG_IRQHandler
                0x080048fc                TIM1_TRG_COM_TIM17_IRQHandler
                0x080048fc                DMA1_Channel3_IRQHandler
                0x080048fc                COMP_IRQHandler
                0x080048fc                WWDG_IRQHandler
                0x080048fc                LPUART1_IRQHandler
                0x080048fc                DMA2_Channel6_IRQHandler
                0x080048fc                TIM2_IRQHandler
                0x080048fc                EXTI1_IRQHandler
                0x080048fc                DFSDM1_FLT0_IRQHandler
                0x080048fc                I2C2_ER_IRQHandler
                0x080048fc                DMA1_Channel2_IRQHandler
                0x080048fc                TIM8_BRK_IRQHandler
                0x080048fc                CAN1_SCE_IRQHandler
                0x080048fc                FLASH_IRQHandler
                0x080048fc                OTG_FS_IRQHandler
                0x080048fc                SPI3_IRQHandler
                0x080048fc                I2C1_ER_IRQHandler
                0x080048fc                FMC_IRQHandler
                0x080048fc                SWPMI1_IRQHandler
                0x080048fc                LPTIM1_IRQHandler
                0x080048fc                SAI1_IRQHandler
                0x080048fc                DMA2_Channel3_IRQHandler
                0x080048fc                TIM1_BRK_TIM15_IRQHandler
 *fill*         0x080048fe        0x2 
 .text.LL_Init1msTick
                0x08004900       0x1c STM32L4-Lib\Drivers\STM32L4xx_HAL_Driver\Src\stm32l4xx_ll_utils.o
                0x08004900                LL_Init1msTick
 .text.LL_mDelay
                0x0800491c       0x28 STM32L4-Lib\Drivers\STM32L4xx_HAL_Driver\Src\stm32l4xx_ll_utils.o
                0x0800491c                LL_mDelay
 .text.LL_SetSystemCoreClock
                0x08004944        0xc STM32L4-Lib\Drivers\STM32L4xx_HAL_Driver\Src\stm32l4xx_ll_utils.o
                0x08004944                LL_SetSystemCoreClock
 .text.__libc_init_array
                0x08004950       0x50 d:/ac6/systemworkbench/plugins/fr.ac6.mcu.externaltools.arm-none.win32_1.13.3.201707031232/tools/compiler/bin/../lib/gcc/arm-none-eabi/5.4.1/../../../../arm-none-eabi/lib/armv7e-m/fpu\libc.a(lib_a-init.o)
                0x08004950                __libc_init_array
 .text.memcmp   0x080049a0       0x64 d:/ac6/systemworkbench/plugins/fr.ac6.mcu.externaltools.arm-none.win32_1.13.3.201707031232/tools/compiler/bin/../lib/gcc/arm-none-eabi/5.4.1/../../../../arm-none-eabi/lib/armv7e-m/fpu\libc.a(lib_a-memcmp.o)
                0x080049a0                memcmp
 .text.memset   0x08004a04       0x9c d:/ac6/systemworkbench/plugins/fr.ac6.mcu.externaltools.arm-none.win32_1.13.3.201707031232/tools/compiler/bin/../lib/gcc/arm-none-eabi/5.4.1/../../../../arm-none-eabi/lib/armv7e-m/fpu\libc.a(lib_a-memset.o)
                0x08004a04                memset
 .text.sprintf  0x08004aa0       0x4c d:/ac6/systemworkbench/plugins/fr.ac6.mcu.externaltools.arm-none.win32_1.13.3.201707031232/tools/compiler/bin/../lib/gcc/arm-none-eabi/5.4.1/../../../../arm-none-eabi/lib/armv7e-m/fpu\libc.a(lib_a-sprintf.o)
                0x08004aa0                sprintf
 .text.strchr   0x08004aec       0xd0 d:/ac6/systemworkbench/plugins/fr.ac6.mcu.externaltools.arm-none.win32_1.13.3.201707031232/tools/compiler/bin/../lib/gcc/arm-none-eabi/5.4.1/../../../../arm-none-eabi/lib/armv7e-m/fpu\libc.a(lib_a-strchr.o)
                0x08004aec                strchr
 .text.strcpy   0x08004bbc       0xbc d:/ac6/systemworkbench/plugins/fr.ac6.mcu.externaltools.arm-none.win32_1.13.3.201707031232/tools/compiler/bin/../lib/gcc/arm-none-eabi/5.4.1/../../../../arm-none-eabi/lib/armv7e-m/fpu\libc.a(lib_a-strcpy.o)
                0x08004bbc                strcpy
 .text.critical_factorization
                0x08004c78       0xb8 d:/ac6/systemworkbench/plugins/fr.ac6.mcu.externaltools.arm-none.win32_1.13.3.201707031232/tools/compiler/bin/../lib/gcc/arm-none-eabi/5.4.1/../../../../arm-none-eabi/lib/armv7e-m/fpu\libc.a(lib_a-strstr.o)
 .text.two_way_long_needle
                0x08004d30      0x200 d:/ac6/systemworkbench/plugins/fr.ac6.mcu.externaltools.arm-none.win32_1.13.3.201707031232/tools/compiler/bin/../lib/gcc/arm-none-eabi/5.4.1/../../../../arm-none-eabi/lib/armv7e-m/fpu\libc.a(lib_a-strstr.o)
 .text.strstr   0x08004f30      0x220 d:/ac6/systemworkbench/plugins/fr.ac6.mcu.externaltools.arm-none.win32_1.13.3.201707031232/tools/compiler/bin/../lib/gcc/arm-none-eabi/5.4.1/../../../../arm-none-eabi/lib/armv7e-m/fpu\libc.a(lib_a-strstr.o)
                0x08004f30                strstr
 .text.unlikely.sulp
                0x08005150       0x38 d:/ac6/systemworkbench/plugins/fr.ac6.mcu.externaltools.arm-none.win32_1.13.3.201707031232/tools/compiler/bin/../lib/gcc/arm-none-eabi/5.4.1/../../../../arm-none-eabi/lib/armv7e-m/fpu\libc.a(lib_a-strtod.o)
 .text._strtod_l
                0x08005188      0xed8 d:/ac6/systemworkbench/plugins/fr.ac6.mcu.externaltools.arm-none.win32_1.13.3.201707031232/tools/compiler/bin/../lib/gcc/arm-none-eabi/5.4.1/../../../../arm-none-eabi/lib/armv7e-m/fpu\libc.a(lib_a-strtod.o)
                0x08005188                _strtod_l
 .text.strtod   0x08006060       0x24 d:/ac6/systemworkbench/plugins/fr.ac6.mcu.externaltools.arm-none.win32_1.13.3.201707031232/tools/compiler/bin/../lib/gcc/arm-none-eabi/5.4.1/../../../../arm-none-eabi/lib/armv7e-m/fpu\libc.a(lib_a-strtod.o)
                0x08006060                strtod
 *fill*         0x08006084        0x4 
 .text._svfprintf_r
                0x08006088     0x16e4 d:/ac6/systemworkbench/plugins/fr.ac6.mcu.externaltools.arm-none.win32_1.13.3.201707031232/tools/compiler/bin/../lib/gcc/arm-none-eabi/5.4.1/../../../../arm-none-eabi/lib/armv7e-m/fpu\libc.a(lib_a-svfprintf.o)
                0x08006088                _svfprintf_r
 .text._vsnprintf_r
                0x0800776c       0x74 d:/ac6/systemworkbench/plugins/fr.ac6.mcu.externaltools.arm-none.win32_1.13.3.201707031232/tools/compiler/bin/../lib/gcc/arm-none-eabi/5.4.1/../../../../arm-none-eabi/lib/armv7e-m/fpu\libc.a(lib_a-vsnprintf.o)
                0x0800776c                _vsnprintf_r
 .text.vsnprintf
                0x080077e0       0x20 d:/ac6/systemworkbench/plugins/fr.ac6.mcu.externaltools.arm-none.win32_1.13.3.201707031232/tools/compiler/bin/../lib/gcc/arm-none-eabi/5.4.1/../../../../arm-none-eabi/lib/armv7e-m/fpu\libc.a(lib_a-vsnprintf.o)
                0x080077e0                vsnprintf
 .text.startup.register_fini
                0x08007800       0x14 d:/ac6/systemworkbench/plugins/fr.ac6.mcu.externaltools.arm-none.win32_1.13.3.201707031232/tools/compiler/bin/../lib/gcc/arm-none-eabi/5.4.1/../../../../arm-none-eabi/lib/armv7e-m/fpu\libc.a(lib_a-__call_atexit.o)
 .text.atexit   0x08007814        0xc d:/ac6/systemworkbench/plugins/fr.ac6.mcu.externaltools.arm-none.win32_1.13.3.201707031232/tools/compiler/bin/../lib/gcc/arm-none-eabi/5.4.1/../../../../arm-none-eabi/lib/armv7e-m/fpu\libc.a(lib_a-atexit.o)
                0x08007814                atexit
 .text.quorem   0x08007820      0x128 d:/ac6/systemworkbench/plugins/fr.ac6.mcu.externaltools.arm-none.win32_1.13.3.201707031232/tools/compiler/bin/../lib/gcc/arm-none-eabi/5.4.1/../../../../arm-none-eabi/lib/armv7e-m/fpu\libc.a(lib_a-dtoa.o)
 .text._dtoa_r  0x08007948      0xe34 d:/ac6/systemworkbench/plugins/fr.ac6.mcu.externaltools.arm-none.win32_1.13.3.201707031232/tools/compiler/bin/../lib/gcc/arm-none-eabi/5.4.1/../../../../arm-none-eabi/lib/armv7e-m/fpu\libc.a(lib_a-dtoa.o)
                0x08007948                _dtoa_r
 .text.__libc_fini_array
                0x0800877c       0x28 d:/ac6/systemworkbench/plugins/fr.ac6.mcu.externaltools.arm-none.win32_1.13.3.201707031232/tools/compiler/bin/../lib/gcc/arm-none-eabi/5.4.1/../../../../arm-none-eabi/lib/armv7e-m/fpu\libc.a(lib_a-fini.o)
                0x0800877c                __libc_fini_array
 .text.rshift   0x080087a4       0xa8 d:/ac6/systemworkbench/plugins/fr.ac6.mcu.externaltools.arm-none.win32_1.13.3.201707031232/tools/compiler/bin/../lib/gcc/arm-none-eabi/5.4.1/../../../../arm-none-eabi/lib/armv7e-m/fpu\libc.a(lib_a-gdtoa-gethex.o)
 .text.__gethex
                0x0800884c      0x510 d:/ac6/systemworkbench/plugins/fr.ac6.mcu.externaltools.arm-none.win32_1.13.3.201707031232/tools/compiler/bin/../lib/gcc/arm-none-eabi/5.4.1/../../../../arm-none-eabi/lib/armv7e-m/fpu\libc.a(lib_a-gdtoa-gethex.o)
                0x0800884c                __gethex
 .text.__match  0x08008d5c       0x30 d:/ac6/systemworkbench/plugins/fr.ac6.mcu.externaltools.arm-none.win32_1.13.3.201707031232/tools/compiler/bin/../lib/gcc/arm-none-eabi/5.4.1/../../../../arm-none-eabi/lib/armv7e-m/fpu\libc.a(lib_a-gdtoa-hexnan.o)
                0x08008d5c                __match
 .text.__hexnan
                0x08008d8c      0x180 d:/ac6/systemworkbench/plugins/fr.ac6.mcu.externaltools.arm-none.win32_1.13.3.201707031232/tools/compiler/bin/../lib/gcc/arm-none-eabi/5.4.1/../../../../arm-none-eabi/lib/armv7e-m/fpu\libc.a(lib_a-gdtoa-hexnan.o)
                0x08008d8c                __hexnan
 .text.__localeconv_l
                0x08008f0c        0x4 d:/ac6/systemworkbench/plugins/fr.ac6.mcu.externaltools.arm-none.win32_1.13.3.201707031232/tools/compiler/bin/../lib/gcc/arm-none-eabi/5.4.1/../../../../arm-none-eabi/lib/armv7e-m/fpu\libc.a(lib_a-localeconv.o)
                0x08008f0c                __localeconv_l
 .text._localeconv_r
                0x08008f10       0x1c d:/ac6/systemworkbench/plugins/fr.ac6.mcu.externaltools.arm-none.win32_1.13.3.201707031232/tools/compiler/bin/../lib/gcc/arm-none-eabi/5.4.1/../../../../arm-none-eabi/lib/armv7e-m/fpu\libc.a(lib_a-localeconv.o)
                0x08008f10                _localeconv_r
 .text._malloc_r
                0x08008f2c      0x570 d:/ac6/systemworkbench/plugins/fr.ac6.mcu.externaltools.arm-none.win32_1.13.3.201707031232/tools/compiler/bin/../lib/gcc/arm-none-eabi/5.4.1/../../../../arm-none-eabi/lib/armv7e-m/fpu\libc.a(lib_a-mallocr.o)
                0x08008f2c                _malloc_r
 .text.__ascii_mbtowc
                0x0800949c       0x2c d:/ac6/systemworkbench/plugins/fr.ac6.mcu.externaltools.arm-none.win32_1.13.3.201707031232/tools/compiler/bin/../lib/gcc/arm-none-eabi/5.4.1/../../../../arm-none-eabi/lib/armv7e-m/fpu\libc.a(lib_a-mbtowc_r.o)
                0x0800949c                __ascii_mbtowc
 .text.__malloc_lock
                0x080094c8        0x4 d:/ac6/systemworkbench/plugins/fr.ac6.mcu.externaltools.arm-none.win32_1.13.3.201707031232/tools/compiler/bin/../lib/gcc/arm-none-eabi/5.4.1/../../../../arm-none-eabi/lib/armv7e-m/fpu\libc.a(lib_a-mlock.o)
                0x080094c8                __malloc_lock
 .text.__malloc_unlock
                0x080094cc        0x4 d:/ac6/systemworkbench/plugins/fr.ac6.mcu.externaltools.arm-none.win32_1.13.3.201707031232/tools/compiler/bin/../lib/gcc/arm-none-eabi/5.4.1/../../../../arm-none-eabi/lib/armv7e-m/fpu\libc.a(lib_a-mlock.o)
                0x080094cc                __malloc_unlock
 .text._Balloc  0x080094d0       0x4c d:/ac6/systemworkbench/plugins/fr.ac6.mcu.externaltools.arm-none.win32_1.13.3.201707031232/tools/compiler/bin/../lib/gcc/arm-none-eabi/5.4.1/../../../../arm-none-eabi/lib/armv7e-m/fpu\libc.a(lib_a-mprec.o)
                0x080094d0                _Balloc
 .text._Bfree   0x0800951c       0x14 d:/ac6/systemworkbench/plugins/fr.ac6.mcu.externaltools.arm-none.win32_1.13.3.201707031232/tools/compiler/bin/../lib/gcc/arm-none-eabi/5.4.1/../../../../arm-none-eabi/lib/armv7e-m/fpu\libc.a(lib_a-mprec.o)
                0x0800951c                _Bfree
 .text.__multadd
                0x08009530       0x80 d:/ac6/systemworkbench/plugins/fr.ac6.mcu.externaltools.arm-none.win32_1.13.3.201707031232/tools/compiler/bin/../lib/gcc/arm-none-eabi/5.4.1/../../../../arm-none-eabi/lib/armv7e-m/fpu\libc.a(lib_a-mprec.o)
                0x08009530                __multadd
 .text.__s2b    0x080095b0       0x98 d:/ac6/systemworkbench/plugins/fr.ac6.mcu.externaltools.arm-none.win32_1.13.3.201707031232/tools/compiler/bin/../lib/gcc/arm-none-eabi/5.4.1/../../../../arm-none-eabi/lib/armv7e-m/fpu\libc.a(lib_a-mprec.o)
                0x080095b0                __s2b
 .text.__hi0bits
                0x08009648       0x40 d:/ac6/systemworkbench/plugins/fr.ac6.mcu.externaltools.arm-none.win32_1.13.3.201707031232/tools/compiler/bin/../lib/gcc/arm-none-eabi/5.4.1/../../../../arm-none-eabi/lib/armv7e-m/fpu\libc.a(lib_a-mprec.o)
                0x08009648                __hi0bits
 .text.__lo0bits
                0x08009688       0x5c d:/ac6/systemworkbench/plugins/fr.ac6.mcu.externaltools.arm-none.win32_1.13.3.201707031232/tools/compiler/bin/../lib/gcc/arm-none-eabi/5.4.1/../../../../arm-none-eabi/lib/armv7e-m/fpu\libc.a(lib_a-mprec.o)
                0x08009688                __lo0bits
 .text.__i2b    0x080096e4       0x14 d:/ac6/systemworkbench/plugins/fr.ac6.mcu.externaltools.arm-none.win32_1.13.3.201707031232/tools/compiler/bin/../lib/gcc/arm-none-eabi/5.4.1/../../../../arm-none-eabi/lib/armv7e-m/fpu\libc.a(lib_a-mprec.o)
                0x080096e4                __i2b
 .text.__multiply
                0x080096f8      0x130 d:/ac6/systemworkbench/plugins/fr.ac6.mcu.externaltools.arm-none.win32_1.13.3.201707031232/tools/compiler/bin/../lib/gcc/arm-none-eabi/5.4.1/../../../../arm-none-eabi/lib/armv7e-m/fpu\libc.a(lib_a-mprec.o)
                0x080096f8                __multiply
 .text.__pow5mult
                0x08009828       0xa0 d:/ac6/systemworkbench/plugins/fr.ac6.mcu.externaltools.arm-none.win32_1.13.3.201707031232/tools/compiler/bin/../lib/gcc/arm-none-eabi/5.4.1/../../../../arm-none-eabi/lib/armv7e-m/fpu\libc.a(lib_a-mprec.o)
                0x08009828                __pow5mult
 .text.__lshift
                0x080098c8       0xb0 d:/ac6/systemworkbench/plugins/fr.ac6.mcu.externaltools.arm-none.win32_1.13.3.201707031232/tools/compiler/bin/../lib/gcc/arm-none-eabi/5.4.1/../../../../arm-none-eabi/lib/armv7e-m/fpu\libc.a(lib_a-mprec.o)
                0x080098c8                __lshift
 .text.__mcmp   0x08009978       0x44 d:/ac6/systemworkbench/plugins/fr.ac6.mcu.externaltools.arm-none.win32_1.13.3.201707031232/tools/compiler/bin/../lib/gcc/arm-none-eabi/5.4.1/../../../../arm-none-eabi/lib/armv7e-m/fpu\libc.a(lib_a-mprec.o)
                0x08009978                __mcmp
 .text.__mdiff  0x080099bc      0x114 d:/ac6/systemworkbench/plugins/fr.ac6.mcu.externaltools.arm-none.win32_1.13.3.201707031232/tools/compiler/bin/../lib/gcc/arm-none-eabi/5.4.1/../../../../arm-none-eabi/lib/armv7e-m/fpu\libc.a(lib_a-mprec.o)
                0x080099bc                __mdiff
 .text.__ulp    0x08009ad0       0x54 d:/ac6/systemworkbench/plugins/fr.ac6.mcu.externaltools.arm-none.win32_1.13.3.201707031232/tools/compiler/bin/../lib/gcc/arm-none-eabi/5.4.1/../../../../arm-none-eabi/lib/armv7e-m/fpu\libc.a(lib_a-mprec.o)
                0x08009ad0                __ulp
 .text.__b2d    0x08009b24       0xd0 d:/ac6/systemworkbench/plugins/fr.ac6.mcu.externaltools.arm-none.win32_1.13.3.201707031232/tools/compiler/bin/../lib/gcc/arm-none-eabi/5.4.1/../../../../arm-none-eabi/lib/armv7e-m/fpu\libc.a(lib_a-mprec.o)
                0x08009b24                __b2d
 .text.__d2b    0x08009bf4       0xbc d:/ac6/systemworkbench/plugins/fr.ac6.mcu.externaltools.arm-none.win32_1.13.3.201707031232/tools/compiler/bin/../lib/gcc/arm-none-eabi/5.4.1/../../../../arm-none-eabi/lib/armv7e-m/fpu\libc.a(lib_a-mprec.o)
                0x08009bf4                __d2b
 .text.__ratio  0x08009cb0       0x60 d:/ac6/systemworkbench/plugins/fr.ac6.mcu.externaltools.arm-none.win32_1.13.3.201707031232/tools/compiler/bin/../lib/gcc/arm-none-eabi/5.4.1/../../../../arm-none-eabi/lib/armv7e-m/fpu\libc.a(lib_a-mprec.o)
                0x08009cb0                __ratio
 .text.__copybits
                0x08009d10       0x48 d:/ac6/systemworkbench/plugins/fr.ac6.mcu.externaltools.arm-none.win32_1.13.3.201707031232/tools/compiler/bin/../lib/gcc/arm-none-eabi/5.4.1/../../../../arm-none-eabi/lib/armv7e-m/fpu\libc.a(lib_a-mprec.o)
                0x08009d10                __copybits
 .text.__any_on
                0x08009d58       0x60 d:/ac6/systemworkbench/plugins/fr.ac6.mcu.externaltools.arm-none.win32_1.13.3.201707031232/tools/compiler/bin/../lib/gcc/arm-none-eabi/5.4.1/../../../../arm-none-eabi/lib/armv7e-m/fpu\libc.a(lib_a-mprec.o)
                0x08009d58                __any_on
 .text._sbrk_r  0x08009db8       0x24 d:/ac6/systemworkbench/plugins/fr.ac6.mcu.externaltools.arm-none.win32_1.13.3.201707031232/tools/compiler/bin/../lib/gcc/arm-none-eabi/5.4.1/../../../../arm-none-eabi/lib/armv7e-m/fpu\libc.a(lib_a-sbrkr.o)
                0x08009db8                _sbrk_r
 .text.strncmp  0x08009ddc       0xa0 d:/ac6/systemworkbench/plugins/fr.ac6.mcu.externaltools.arm-none.win32_1.13.3.201707031232/tools/compiler/bin/../lib/gcc/arm-none-eabi/5.4.1/../../../../arm-none-eabi/lib/armv7e-m/fpu\libc.a(lib_a-strncmp.o)
                0x08009ddc                strncmp
 .text.__ssprint_r
                0x08009e7c      0x100 d:/ac6/systemworkbench/plugins/fr.ac6.mcu.externaltools.arm-none.win32_1.13.3.201707031232/tools/compiler/bin/../lib/gcc/arm-none-eabi/5.4.1/../../../../arm-none-eabi/lib/armv7e-m/fpu\libc.a(lib_a-svfiprintf.o)
                0x08009e7c                __ssprint_r
 .text.__ascii_wctomb
                0x08009f7c       0x1c d:/ac6/systemworkbench/plugins/fr.ac6.mcu.externaltools.arm-none.win32_1.13.3.201707031232/tools/compiler/bin/../lib/gcc/arm-none-eabi/5.4.1/../../../../arm-none-eabi/lib/armv7e-m/fpu\libc.a(lib_a-wctomb_r.o)
                0x08009f7c                __ascii_wctomb
 .text.__register_exitproc
                0x08009f98       0xa4 d:/ac6/systemworkbench/plugins/fr.ac6.mcu.externaltools.arm-none.win32_1.13.3.201707031232/tools/compiler/bin/../lib/gcc/arm-none-eabi/5.4.1/../../../../arm-none-eabi/lib/armv7e-m/fpu\libc.a(lib_a-__atexit.o)
                0x08009f98                __register_exitproc
 .text._calloc_r
                0x0800a03c       0x60 d:/ac6/systemworkbench/plugins/fr.ac6.mcu.externaltools.arm-none.win32_1.13.3.201707031232/tools/compiler/bin/../lib/gcc/arm-none-eabi/5.4.1/../../../../arm-none-eabi/lib/armv7e-m/fpu\libc.a(lib_a-callocr.o)
                0x0800a03c                _calloc_r
 .text._malloc_trim_r
                0x0800a09c       0x9c d:/ac6/systemworkbench/plugins/fr.ac6.mcu.externaltools.arm-none.win32_1.13.3.201707031232/tools/compiler/bin/../lib/gcc/arm-none-eabi/5.4.1/../../../../arm-none-eabi/lib/armv7e-m/fpu\libc.a(lib_a-freer.o)
                0x0800a09c                _malloc_trim_r
 .text._free_r  0x0800a138      0x1d0 d:/ac6/systemworkbench/plugins/fr.ac6.mcu.externaltools.arm-none.win32_1.13.3.201707031232/tools/compiler/bin/../lib/gcc/arm-none-eabi/5.4.1/../../../../arm-none-eabi/lib/armv7e-m/fpu\libc.a(lib_a-freer.o)
                0x0800a138                _free_r
 .text.memmove  0x0800a308       0xc8 d:/ac6/systemworkbench/plugins/fr.ac6.mcu.externaltools.arm-none.win32_1.13.3.201707031232/tools/compiler/bin/../lib/gcc/arm-none-eabi/5.4.1/../../../../arm-none-eabi/lib/armv7e-m/fpu\libc.a(lib_a-memmove.o)
                0x0800a308                memmove
 .text._realloc_r
                0x0800a3d0      0x3e0 d:/ac6/systemworkbench/plugins/fr.ac6.mcu.externaltools.arm-none.win32_1.13.3.201707031232/tools/compiler/bin/../lib/gcc/arm-none-eabi/5.4.1/../../../../arm-none-eabi/lib/armv7e-m/fpu\libc.a(lib_a-reallocr.o)
                0x0800a3d0                _realloc_r
 .text._sbrk    0x0800a7b0       0x1c d:/ac6/systemworkbench/plugins/fr.ac6.mcu.externaltools.arm-none.win32_1.13.3.201707031232/tools/compiler/bin/../lib/gcc/arm-none-eabi/5.4.1/../../../../arm-none-eabi/lib/armv7e-m/fpu\libnosys.a(sbrk.o)
                0x0800a7b0                _sbrk
 *(.glue_7)
 .glue_7        0x0800a7cc        0x0 linker stubs
 *(.glue_7t)
 .glue_7t       0x0800a7cc        0x0 linker stubs
 *(.eh_frame)
 .eh_frame      0x0800a7cc        0x0 d:/ac6/systemworkbench/plugins/fr.ac6.mcu.externaltools.arm-none.win32_1.13.3.201707031232/tools/compiler/bin/../lib/gcc/arm-none-eabi/5.4.1/armv7e-m/fpu/crtbegin.o
 *(.init)
 .init          0x0800a7cc        0x4 d:/ac6/systemworkbench/plugins/fr.ac6.mcu.externaltools.arm-none.win32_1.13.3.201707031232/tools/compiler/bin/../lib/gcc/arm-none-eabi/5.4.1/armv7e-m/fpu/crti.o
                0x0800a7cc                _init
 .init          0x0800a7d0        0x8 d:/ac6/systemworkbench/plugins/fr.ac6.mcu.externaltools.arm-none.win32_1.13.3.201707031232/tools/compiler/bin/../lib/gcc/arm-none-eabi/5.4.1/armv7e-m/fpu/crtn.o
 *(.fini)
 .fini          0x0800a7d8        0x4 d:/ac6/systemworkbench/plugins/fr.ac6.mcu.externaltools.arm-none.win32_1.13.3.201707031232/tools/compiler/bin/../lib/gcc/arm-none-eabi/5.4.1/armv7e-m/fpu/crti.o
                0x0800a7d8                _fini
 .fini          0x0800a7dc        0x8 d:/ac6/systemworkbench/plugins/fr.ac6.mcu.externaltools.arm-none.win32_1.13.3.201707031232/tools/compiler/bin/../lib/gcc/arm-none-eabi/5.4.1/armv7e-m/fpu/crtn.o
                0x0800a7e8                . = ALIGN (0x8)
 *fill*         0x0800a7e4        0x4 
                0x0800a7e8                _etext = .

.vfp11_veneer   0x0800a7e8        0x0
 .vfp11_veneer  0x0800a7e8        0x0 linker stubs

.v4_bx          0x0800a7e8        0x0
 .v4_bx         0x0800a7e8        0x0 linker stubs

.iplt           0x0800a7e8        0x0
 .iplt          0x0800a7e8        0x0 d:/ac6/systemworkbench/plugins/fr.ac6.mcu.externaltools.arm-none.win32_1.13.3.201707031232/tools/compiler/bin/../lib/gcc/arm-none-eabi/5.4.1/armv7e-m/fpu/crtbegin.o

.rodata         0x0800a7e8      0x800
                0x0800a7e8                . = ALIGN (0x8)
 *(.rodata)
 .rodata        0x0800a7e8       0x10 Middlewares\Third_Party\ACSipLoRaWan\src\acsip-lorawan-lib.o
                0x0800a7e8                hexArray
 *(.rodata*)
 .rodata.str1.1
                0x0800a7f8        0x7 Application\AppTimeBase\src\app_tmbase_task.o
 .rodata.str1.1
                0x0800a7ff       0x32 Application\Main\Src\debug_print.o
 .rodata.str1.1
                0x0800a831      0x17c Application\Main\Src\main.o
 .rodata.str1.1
                0x0800a9ad      0x23d Middlewares\Third_Party\ACSipLoRaWan\src\acsip-lorawan-lib.o
                                0x240 (size before relaxing)
 .rodata.str1.1
                0x0800abea        0x5 Middlewares\Third_Party\FreeRTOS\tasks.o
 .rodata.str1.1
                0x0800abef        0xd Middlewares\Third_Party\FreeRTOS\timers.o
 .rodata._global_impure_ptr
                0x0800abfc        0x4 d:/ac6/systemworkbench/plugins/fr.ac6.mcu.externaltools.arm-none.win32_1.13.3.201707031232/tools/compiler/bin/../lib/gcc/arm-none-eabi/5.4.1/../../../../arm-none-eabi/lib/armv7e-m/fpu\libc.a(lib_a-impure.o)
                0x0800abfc                _global_impure_ptr
 .rodata.fpi.6173
                0x0800ac00       0x14 d:/ac6/systemworkbench/plugins/fr.ac6.mcu.externaltools.arm-none.win32_1.13.3.201707031232/tools/compiler/bin/../lib/gcc/arm-none-eabi/5.4.1/../../../../arm-none-eabi/lib/armv7e-m/fpu\libc.a(lib_a-strtod.o)
 .rodata.str1.4
                0x0800ac14        0xf d:/ac6/systemworkbench/plugins/fr.ac6.mcu.externaltools.arm-none.win32_1.13.3.201707031232/tools/compiler/bin/../lib/gcc/arm-none-eabi/5.4.1/../../../../arm-none-eabi/lib/armv7e-m/fpu\libc.a(lib_a-strtod.o)
 *fill*         0x0800ac23        0x1 
 .rodata.fpinan.6209
                0x0800ac24       0x14 d:/ac6/systemworkbench/plugins/fr.ac6.mcu.externaltools.arm-none.win32_1.13.3.201707031232/tools/compiler/bin/../lib/gcc/arm-none-eabi/5.4.1/../../../../arm-none-eabi/lib/armv7e-m/fpu\libc.a(lib_a-strtod.o)
 .rodata.tinytens
                0x0800ac38       0x28 d:/ac6/systemworkbench/plugins/fr.ac6.mcu.externaltools.arm-none.win32_1.13.3.201707031232/tools/compiler/bin/../lib/gcc/arm-none-eabi/5.4.1/../../../../arm-none-eabi/lib/armv7e-m/fpu\libc.a(lib_a-strtod.o)
 .rodata.zeroes.7258
                0x0800ac60       0x10 d:/ac6/systemworkbench/plugins/fr.ac6.mcu.externaltools.arm-none.win32_1.13.3.201707031232/tools/compiler/bin/../lib/gcc/arm-none-eabi/5.4.1/../../../../arm-none-eabi/lib/armv7e-m/fpu\libc.a(lib_a-svfprintf.o)
 .rodata.str1.4
                0x0800ac70       0x42 d:/ac6/systemworkbench/plugins/fr.ac6.mcu.externaltools.arm-none.win32_1.13.3.201707031232/tools/compiler/bin/../lib/gcc/arm-none-eabi/5.4.1/../../../../arm-none-eabi/lib/armv7e-m/fpu\libc.a(lib_a-svfprintf.o)
 *fill*         0x0800acb2        0x2 
 .rodata.blanks.7257
                0x0800acb4       0x10 d:/ac6/systemworkbench/plugins/fr.ac6.mcu.externaltools.arm-none.win32_1.13.3.201707031232/tools/compiler/bin/../lib/gcc/arm-none-eabi/5.4.1/../../../../arm-none-eabi/lib/armv7e-m/fpu\libc.a(lib_a-svfprintf.o)
 .rodata.str1.4
                0x0800acc4       0x10 d:/ac6/systemworkbench/plugins/fr.ac6.mcu.externaltools.arm-none.win32_1.13.3.201707031232/tools/compiler/bin/../lib/gcc/arm-none-eabi/5.4.1/../../../../arm-none-eabi/lib/armv7e-m/fpu\libc.a(lib_a-dtoa.o)
                                 0x12 (size before relaxing)
 .rodata.__hexdig
                0x0800acd4      0x100 d:/ac6/systemworkbench/plugins/fr.ac6.mcu.externaltools.arm-none.win32_1.13.3.201707031232/tools/compiler/bin/../lib/gcc/arm-none-eabi/5.4.1/../../../../arm-none-eabi/lib/armv7e-m/fpu\libc.a(lib_a-gdtoa-gethex.o)
                0x0800acd4                __hexdig
 .rodata.str1.4
                0x0800add4       0x10 d:/ac6/systemworkbench/plugins/fr.ac6.mcu.externaltools.arm-none.win32_1.13.3.201707031232/tools/compiler/bin/../lib/gcc/arm-none-eabi/5.4.1/../../../../arm-none-eabi/lib/armv7e-m/fpu\libc.a(lib_a-locale.o)
                                 0x12 (size before relaxing)
 *fill*         0x0800ade4        0x4 
 .rodata.__mprec_tens
                0x0800ade8       0xc8 d:/ac6/systemworkbench/plugins/fr.ac6.mcu.externaltools.arm-none.win32_1.13.3.201707031232/tools/compiler/bin/../lib/gcc/arm-none-eabi/5.4.1/../../../../arm-none-eabi/lib/armv7e-m/fpu\libc.a(lib_a-mprec.o)
                0x0800ade8                __mprec_tens
 .rodata.__mprec_bigtens
                0x0800aeb0       0x28 d:/ac6/systemworkbench/plugins/fr.ac6.mcu.externaltools.arm-none.win32_1.13.3.201707031232/tools/compiler/bin/../lib/gcc/arm-none-eabi/5.4.1/../../../../arm-none-eabi/lib/armv7e-m/fpu\libc.a(lib_a-mprec.o)
                0x0800aeb0                __mprec_bigtens
 .rodata.p05.6087
                0x0800aed8        0xc d:/ac6/systemworkbench/plugins/fr.ac6.mcu.externaltools.arm-none.win32_1.13.3.201707031232/tools/compiler/bin/../lib/gcc/arm-none-eabi/5.4.1/../../../../arm-none-eabi/lib/armv7e-m/fpu\libc.a(lib_a-mprec.o)
 .rodata._ctype_
                0x0800aee4      0x101 d:/ac6/systemworkbench/plugins/fr.ac6.mcu.externaltools.arm-none.win32_1.13.3.201707031232/tools/compiler/bin/../lib/gcc/arm-none-eabi/5.4.1/../../../../arm-none-eabi/lib/armv7e-m/fpu\libc.a(lib_a-ctype_.o)
                0x0800aee4                _ctype_
                0x0800afe8                . = ALIGN (0x8)
 *fill*         0x0800afe5        0x3 

.ARM.extab      0x0800afe8        0x0
                0x0800afe8                . = ALIGN (0x8)
 *(.ARM.extab* .gnu.linkonce.armextab.*)
                0x0800afe8                . = ALIGN (0x8)

.ARM            0x0800afe8        0x8
                0x0800afe8                . = ALIGN (0x8)
                0x0800afe8                __exidx_start = .
 *(.ARM.exidx*)
 .ARM.exidx     0x0800afe8        0x8 d:/ac6/systemworkbench/plugins/fr.ac6.mcu.externaltools.arm-none.win32_1.13.3.201707031232/tools/compiler/bin/../lib/gcc/arm-none-eabi/5.4.1/armv7e-m/fpu\libgcc.a(_udivmoddi4.o)
                0x0800aff0                __exidx_end = .
                0x0800aff0                . = ALIGN (0x8)

.rel.dyn        0x0800aff0        0x0
 .rel.iplt      0x0800aff0        0x0 d:/ac6/systemworkbench/plugins/fr.ac6.mcu.externaltools.arm-none.win32_1.13.3.201707031232/tools/compiler/bin/../lib/gcc/arm-none-eabi/5.4.1/armv7e-m/fpu/crtbegin.o

.preinit_array  0x0800aff0        0x0
                0x0800aff0                . = ALIGN (0x8)
                0x0800aff0                PROVIDE (__preinit_array_start, .)
 *(.preinit_array*)
                0x0800aff0                PROVIDE (__preinit_array_end, .)
                0x0800aff0                . = ALIGN (0x8)

.init_array     0x0800aff0        0x8
                0x0800aff0                . = ALIGN (0x8)
                0x0800aff0                PROVIDE (__init_array_start, .)
 *(SORT(.init_array.*))
 .init_array.00000
                0x0800aff0        0x4 d:/ac6/systemworkbench/plugins/fr.ac6.mcu.externaltools.arm-none.win32_1.13.3.201707031232/tools/compiler/bin/../lib/gcc/arm-none-eabi/5.4.1/../../../../arm-none-eabi/lib/armv7e-m/fpu\libc.a(lib_a-__call_atexit.o)
 *(.init_array*)
 .init_array    0x0800aff4        0x4 d:/ac6/systemworkbench/plugins/fr.ac6.mcu.externaltools.arm-none.win32_1.13.3.201707031232/tools/compiler/bin/../lib/gcc/arm-none-eabi/5.4.1/armv7e-m/fpu/crtbegin.o
                0x0800aff8                PROVIDE (__init_array_end, .)
                0x0800aff8                . = ALIGN (0x8)

.fini_array     0x0800aff8        0x8
                0x0800aff8                . = ALIGN (0x8)
                0x0800aff8                PROVIDE (__fini_array_start, .)
 *(SORT(.fini_array.*))
 *(.fini_array*)
 .fini_array    0x0800aff8        0x4 d:/ac6/systemworkbench/plugins/fr.ac6.mcu.externaltools.arm-none.win32_1.13.3.201707031232/tools/compiler/bin/../lib/gcc/arm-none-eabi/5.4.1/armv7e-m/fpu/crtbegin.o
                0x0800affc                PROVIDE (__fini_array_end, .)
                0x0800b000                . = ALIGN (0x8)
 *fill*         0x0800affc        0x4 
                0x0800b000                _sidata = LOADADDR (.data)

.data           0x20000000      0x9b8 load address 0x0800b000
                0x20000000                . = ALIGN (0x8)
                0x20000000                _sdata = .
 *(.data)
 .data          0x20000000        0x4 Application\Main\Src\system_stm32l4xx.o
                0x20000000                SystemCoreClock
 .data          0x20000004        0x1 Middlewares\Third_Party\ACSipLoRaWan\src\acsip-lorawan-lib.o
                0x20000004                debug
 .data          0x20000005        0x1 Middlewares\Third_Party\FatFs\mmc_32L4.o
 *fill*         0x20000006        0x2 
 .data          0x20000008        0x4 Middlewares\Third_Party\FreeRTOS\portable\GCC\ARM_CM4F\port.o
 *(.data*)
 *fill*         0x2000000c        0x4 
 .data.impure_data
                0x20000010      0x428 d:/ac6/systemworkbench/plugins/fr.ac6.mcu.externaltools.arm-none.win32_1.13.3.201707031232/tools/compiler/bin/../lib/gcc/arm-none-eabi/5.4.1/../../../../arm-none-eabi/lib/armv7e-m/fpu\libc.a(lib_a-impure.o)
 .data._impure_ptr
                0x20000438        0x4 d:/ac6/systemworkbench/plugins/fr.ac6.mcu.externaltools.arm-none.win32_1.13.3.201707031232/tools/compiler/bin/../lib/gcc/arm-none-eabi/5.4.1/../../../../arm-none-eabi/lib/armv7e-m/fpu\libc.a(lib_a-impure.o)
                0x20000438                _impure_ptr
 .data.__global_locale
                0x2000043c      0x16c d:/ac6/systemworkbench/plugins/fr.ac6.mcu.externaltools.arm-none.win32_1.13.3.201707031232/tools/compiler/bin/../lib/gcc/arm-none-eabi/5.4.1/../../../../arm-none-eabi/lib/armv7e-m/fpu\libc.a(lib_a-locale.o)
                0x2000043c                __global_locale
 .data.__malloc_av_
                0x200005a8      0x408 d:/ac6/systemworkbench/plugins/fr.ac6.mcu.externaltools.arm-none.win32_1.13.3.201707031232/tools/compiler/bin/../lib/gcc/arm-none-eabi/5.4.1/../../../../arm-none-eabi/lib/armv7e-m/fpu\libc.a(lib_a-mallocr.o)
                0x200005a8                __malloc_av_
 .data.__malloc_trim_threshold
                0x200009b0        0x4 d:/ac6/systemworkbench/plugins/fr.ac6.mcu.externaltools.arm-none.win32_1.13.3.201707031232/tools/compiler/bin/../lib/gcc/arm-none-eabi/5.4.1/../../../../arm-none-eabi/lib/armv7e-m/fpu\libc.a(lib_a-mallocr.o)
                0x200009b0                __malloc_trim_threshold
 .data.__malloc_sbrk_base
                0x200009b4        0x4 d:/ac6/systemworkbench/plugins/fr.ac6.mcu.externaltools.arm-none.win32_1.13.3.201707031232/tools/compiler/bin/../lib/gcc/arm-none-eabi/5.4.1/../../../../arm-none-eabi/lib/armv7e-m/fpu\libc.a(lib_a-mallocr.o)
                0x200009b4                __malloc_sbrk_base
                0x200009b8                . = ALIGN (0x8)
                0x200009b8                _edata = .
                0x0800b9b8                _sisram2 = LOADADDR (.sram2)

.jcr            0x200009b8        0x0 load address 0x0800b9b8
 .jcr           0x200009b8        0x0 d:/ac6/systemworkbench/plugins/fr.ac6.mcu.externaltools.arm-none.win32_1.13.3.201707031232/tools/compiler/bin/../lib/gcc/arm-none-eabi/5.4.1/armv7e-m/fpu/crtbegin.o

.igot.plt       0x200009b8        0x0 load address 0x0800b9b8
 .igot.plt      0x200009b8        0x0 d:/ac6/systemworkbench/plugins/fr.ac6.mcu.externaltools.arm-none.win32_1.13.3.201707031232/tools/compiler/bin/../lib/gcc/arm-none-eabi/5.4.1/armv7e-m/fpu/crtbegin.o

.sram2          0x10000000      0x600 load address 0x0800b9b8
                0x10000000                . = ALIGN (0x8)
                0x10000000                _ssram2 = .
 *(.sram2)
 .sram2         0x10000000      0x200 Application\AppRFID\src\app_rfid_task.o
                0x10000000                rfid_buf
                0x10000100                uart3_buf
 .sram2         0x10000200      0x400 Application\Main\Src\debug_print.o
                0x10000200                buf
 *(.sram2*)
                0x10000600                . = ALIGN (0x8)
                0x10000600                _esram2 = .
                0x10000600                . = ALIGN (0x4)

.bss            0x200009b8    0x16b54
                0x200009b8                _sbss = .
                0x200009b8                __bss_start__ = _sbss
 *(.bss)
 .bss           0x200009b8       0x1c d:/ac6/systemworkbench/plugins/fr.ac6.mcu.externaltools.arm-none.win32_1.13.3.201707031232/tools/compiler/bin/../lib/gcc/arm-none-eabi/5.4.1/armv7e-m/fpu/crtbegin.o
 .bss           0x200009d4        0x4 Application\AppTimeBase\src\app_tmbase_task.o
                0x200009d4                xTmBaseH
 .bss           0x200009d8        0x1 Application\Main\Src\debug_print.o
                0x200009d8                GLOBAL_LOG_LEVEL
 *fill*         0x200009d9        0x3 
 .bss           0x200009dc        0x4 Application\Main\Src\stm32l4xx_it.o
 .bss           0x200009e0        0x4 Driver\ADC\src\adc.o
                0x200009e0                xADCSem
 .bss           0x200009e4        0x8 Driver\Peripheral\src\drv-spi1.o
 .bss           0x200009ec        0x8 Driver\Peripheral\src\drv-uart1.o
 .bss           0x200009f4        0x8 Driver\Peripheral\src\drv-uart2.o
 .bss           0x200009fc        0x8 Driver\Peripheral\src\drv-uart4.o
 .bss           0x20000a04        0x8 Driver\Peripheral\src\drv-uart5.o
 .bss           0x20000a0c      0x201 Middlewares\Third_Party\ACSipLoRaWan\src\acsip-lorawan-lib.o
                0x20000a0c                return_code
 *fill*         0x20000c0d        0x3 
 .bss           0x20000c10        0x9 Middlewares\Third_Party\FatFs\mmc_32L4.o
 *fill*         0x20000c19        0x3 
 .bss           0x20000c1c        0x8 Middlewares\Third_Party\FreeRTOS\portable\GCC\ARM_CM4F\port.o
 .bss           0x20000c24    0x15408 Middlewares\Third_Party\FreeRTOS\portable\MemMang\heap_1.o
 .bss           0x2001602c      0x104 Middlewares\Third_Party\FreeRTOS\tasks.o
                0x20016038                pxCurrentTCB
 .bss           0x20016130       0x3c Middlewares\Third_Party\FreeRTOS\timers.o
 *(.bss*)
 .bss.__malloc_max_total_mem
                0x2001616c        0x4 d:/ac6/systemworkbench/plugins/fr.ac6.mcu.externaltools.arm-none.win32_1.13.3.201707031232/tools/compiler/bin/../lib/gcc/arm-none-eabi/5.4.1/../../../../arm-none-eabi/lib/armv7e-m/fpu\libc.a(lib_a-mallocr.o)
                0x2001616c                __malloc_max_total_mem
 .bss.__malloc_max_sbrked_mem
                0x20016170        0x4 d:/ac6/systemworkbench/plugins/fr.ac6.mcu.externaltools.arm-none.win32_1.13.3.201707031232/tools/compiler/bin/../lib/gcc/arm-none-eabi/5.4.1/../../../../arm-none-eabi/lib/armv7e-m/fpu\libc.a(lib_a-mallocr.o)
                0x20016170                __malloc_max_sbrked_mem
 .bss.__malloc_top_pad
                0x20016174        0x4 d:/ac6/systemworkbench/plugins/fr.ac6.mcu.externaltools.arm-none.win32_1.13.3.201707031232/tools/compiler/bin/../lib/gcc/arm-none-eabi/5.4.1/../../../../arm-none-eabi/lib/armv7e-m/fpu\libc.a(lib_a-mallocr.o)
                0x20016174                __malloc_top_pad
 .bss.__malloc_current_mallinfo
                0x20016178       0x28 d:/ac6/systemworkbench/plugins/fr.ac6.mcu.externaltools.arm-none.win32_1.13.3.201707031232/tools/compiler/bin/../lib/gcc/arm-none-eabi/5.4.1/../../../../arm-none-eabi/lib/armv7e-m/fpu\libc.a(lib_a-mallocr.o)
                0x20016178                __malloc_current_mallinfo
 .bss.heap_end.4169
                0x200161a0        0x4 d:/ac6/systemworkbench/plugins/fr.ac6.mcu.externaltools.arm-none.win32_1.13.3.201707031232/tools/compiler/bin/../lib/gcc/arm-none-eabi/5.4.1/../../../../arm-none-eabi/lib/armv7e-m/fpu\libnosys.a(sbrk.o)
 *(COMMON)
 COMMON         0x200161a4       0xb0 Application\AppBuzzer\src\app_buzzer_task.o
                0x200161a4                buzzer_proc_state
                0x200161a8                xOilSem
                0x200161ac                t_delay
                0x200161d4                temp_buf
 COMMON         0x20016254      0xa51 Application\AppUMRR\src\app_umrr_task.o
                0x20016254                umrr_pvr_hdr
                0x20016260                uart5_len
                0x20016264                umrr_statistic_feature_msg1
                0x2001626c                os_task_umrr_handle
                0x20016270                uart4_buf
                0x20016670                uart3_len
                0x20016674                umrr_pvr_msg
                0x20016678                umrr_sensor_ctrl_msg
                0x20016680                umrr_obj
                0x2001668c                uart5_buf
                0x2001688c                uart4_len
                0x20016890                umrr_pl_len
                0x20016892                umrr_statistic_time_msg
                0x2001689a                umrr_pdu_sen_resp_sta
                0x2001689b                umrr_pdu_s2c_sta
                0x2001689c                umrr_pl_sta
                0x2001689d                umrr_pl_buf
                0x20016c9d                umrr_statistic_feature_msg2
 *fill*         0x20016ca5        0x3 
 COMMON         0x20016ca8      0x80c Application\Main\Src\main.o
                0x20016ca8                uart2_len
                0x20016cac                uart2_buf
                0x200174ac                gps_loc
 COMMON         0x200174b4        0x8 Driver\Peripheral\src\drv-can1.o
                0x200174b4                xRxCan1QueueH
                0x200174b8                xTxCan1QueueH
 COMMON         0x200174bc        0x8 Driver\Peripheral\src\drv-uart3.o
                0x200174bc                xRxUart3QueueH
                0x200174c0                xTxUart3QueueH
 COMMON         0x200174c4       0x40 Middlewares\Third_Party\FreeRTOS\queue.o
                0x200174c4                xQueueRegistry
 COMMON         0x20017504        0x4 Middlewares\Third_Party\Transtack\lib\transtack\trns-mac.o
                0x20017504                tick_sys
 COMMON         0x20017508        0x4 d:/ac6/systemworkbench/plugins/fr.ac6.mcu.externaltools.arm-none.win32_1.13.3.201707031232/tools/compiler/bin/../lib/gcc/arm-none-eabi/5.4.1/../../../../arm-none-eabi/lib/armv7e-m/fpu\libc.a(lib_a-reent.o)
                0x20017508                errno
                0x2001750c                . = ALIGN (0x4)
                0x2001750c                _ebss = .
                0x2001750c                __bss_end__ = _ebss

._user_heap_stack
                0x2001750c      0x604
                0x20017510                . = ALIGN (0x8)
 *fill*         0x2001750c        0x4 
                0x20017510                PROVIDE (end, .)
                [!provide]                PROVIDE (_end, .)
                0x20017710                . = (. + _Min_Heap_Size)
 *fill*         0x20017510      0x200 
                0x20017b10                . = (. + _Min_Stack_Size)
 *fill*         0x20017710      0x400 
                0x20017b10                . = ALIGN (0x8)

/DISCARD/
 libc.a(*)
 libm.a(*)
 libgcc.a(*)

.ARM.attributes
                0x00000000       0x30
 *(.ARM.attributes)
 .ARM.attributes
                0x00000000       0x22 d:/ac6/systemworkbench/plugins/fr.ac6.mcu.externaltools.arm-none.win32_1.13.3.201707031232/tools/compiler/bin/../lib/gcc/arm-none-eabi/5.4.1/armv7e-m/fpu/crti.o
 .ARM.attributes
                0x00000022       0x34 d:/ac6/systemworkbench/plugins/fr.ac6.mcu.externaltools.arm-none.win32_1.13.3.201707031232/tools/compiler/bin/../lib/gcc/arm-none-eabi/5.4.1/armv7e-m/fpu/crtbegin.o
 .ARM.attributes
                0x00000056       0x39 Application\AppBuzzer\src\app_buzzer_task.o
 .ARM.attributes
                0x0000008f       0x39 Application\AppFuel\src\app_fuel_task.o
 .ARM.attributes
                0x000000c8       0x39 Application\AppRFID\src\app_rfid_task.o
 .ARM.attributes
                0x00000101       0x39 Application\AppTimeBase\src\app_tmbase_task.o
 .ARM.attributes
                0x0000013a       0x39 Application\AppUMRR\src\app_umrr_task.o
 .ARM.attributes
                0x00000173       0x39 Application\BSP\src\transcode_bsp.o
 .ARM.attributes
                0x000001ac       0x39 Application\Main\Src\debug_print.o
 .ARM.attributes
                0x000001e5       0x39 Application\Main\Src\main.o
 .ARM.attributes
                0x0000021e       0x39 Application\Main\Src\stm32l4xx_it.o
 .ARM.attributes
                0x00000257       0x39 Application\Main\Src\system_stm32l4xx.o
 .ARM.attributes
                0x00000290       0x39 Driver\ADC\src\adc.o
 .ARM.attributes
                0x000002c9       0x39 Driver\Peripheral\src\drv-can1.o
 .ARM.attributes
                0x00000302       0x39 Driver\Peripheral\src\drv-spi1.o
 .ARM.attributes
                0x0000033b       0x39 Driver\Peripheral\src\drv-uart1.o
 .ARM.attributes
                0x00000374       0x39 Driver\Peripheral\src\drv-uart2.o
 .ARM.attributes
                0x000003ad       0x39 Driver\Peripheral\src\drv-uart3.o
 .ARM.attributes
                0x000003e6       0x39 Driver\Peripheral\src\drv-uart4.o
 .ARM.attributes
                0x0000041f       0x39 Driver\Peripheral\src\drv-uart5.o
 .ARM.attributes
                0x00000458       0x39 Middlewares\Third_Party\ACSipLoRaWan\src\acsip-lorawan-lib.o
 .ARM.attributes
                0x00000491       0x39 Middlewares\Third_Party\FatFs\mmc_32L4.o
 .ARM.attributes
                0x000004ca       0x39 Middlewares\Third_Party\FreeRTOS\list.o
 .ARM.attributes
                0x00000503       0x39 Middlewares\Third_Party\FreeRTOS\portable\GCC\ARM_CM4F\port.o
 .ARM.attributes
                0x0000053c       0x39 Middlewares\Third_Party\FreeRTOS\portable\MemMang\heap_1.o
 .ARM.attributes
                0x00000575       0x39 Middlewares\Third_Party\FreeRTOS\queue.o
 .ARM.attributes
                0x000005ae       0x39 Middlewares\Third_Party\FreeRTOS\tasks.o
 .ARM.attributes
                0x000005e7       0x39 Middlewares\Third_Party\FreeRTOS\timers.o
 .ARM.attributes
                0x00000620       0x39 Middlewares\Third_Party\Transtack\lib\transtack\trns-mac.o
 .ARM.attributes
                0x00000659       0x21 STM32L4-Lib\Drivers\CMSIS\Device\ST\STM32L4xx\Source\Templates\gcc\startup_stm32l476xx.o
 .ARM.attributes
                0x0000067a       0x39 STM32L4-Lib\Drivers\STM32L4xx_HAL_Driver\Src\stm32l4xx_ll_utils.o
 .ARM.attributes
                0x000006b3       0x22 d:/ac6/systemworkbench/plugins/fr.ac6.mcu.externaltools.arm-none.win32_1.13.3.201707031232/tools/compiler/bin/../lib/gcc/arm-none-eabi/5.4.1/armv7e-m/fpu\libgcc.a(_arm_addsubdf3.o)
 .ARM.attributes
                0x000006d5       0x22 d:/ac6/systemworkbench/plugins/fr.ac6.mcu.externaltools.arm-none.win32_1.13.3.201707031232/tools/compiler/bin/../lib/gcc/arm-none-eabi/5.4.1/armv7e-m/fpu\libgcc.a(_arm_muldivdf3.o)
 .ARM.attributes
                0x000006f7       0x22 d:/ac6/systemworkbench/plugins/fr.ac6.mcu.externaltools.arm-none.win32_1.13.3.201707031232/tools/compiler/bin/../lib/gcc/arm-none-eabi/5.4.1/armv7e-m/fpu\libgcc.a(_arm_fixdfsi.o)
 .ARM.attributes
                0x00000719       0x22 d:/ac6/systemworkbench/plugins/fr.ac6.mcu.externaltools.arm-none.win32_1.13.3.201707031232/tools/compiler/bin/../lib/gcc/arm-none-eabi/5.4.1/armv7e-m/fpu\libgcc.a(_arm_fixunsdfsi.o)
 .ARM.attributes
                0x0000073b       0x22 d:/ac6/systemworkbench/plugins/fr.ac6.mcu.externaltools.arm-none.win32_1.13.3.201707031232/tools/compiler/bin/../lib/gcc/arm-none-eabi/5.4.1/armv7e-m/fpu\libgcc.a(_aeabi_uldivmod.o)
 .ARM.attributes
                0x0000075d       0x34 d:/ac6/systemworkbench/plugins/fr.ac6.mcu.externaltools.arm-none.win32_1.13.3.201707031232/tools/compiler/bin/../lib/gcc/arm-none-eabi/5.4.1/armv7e-m/fpu\libgcc.a(_udivmoddi4.o)
 .ARM.attributes
                0x00000791       0x22 d:/ac6/systemworkbench/plugins/fr.ac6.mcu.externaltools.arm-none.win32_1.13.3.201707031232/tools/compiler/bin/../lib/gcc/arm-none-eabi/5.4.1/armv7e-m/fpu\libgcc.a(_dvmd_tls.o)
 .ARM.attributes
                0x000007b3       0x34 d:/ac6/systemworkbench/plugins/fr.ac6.mcu.externaltools.arm-none.win32_1.13.3.201707031232/tools/compiler/bin/../lib/gcc/arm-none-eabi/5.4.1/../../../../arm-none-eabi/lib/armv7e-m/fpu\libc.a(lib_a-impure.o)
 .ARM.attributes
                0x000007e7       0x34 d:/ac6/systemworkbench/plugins/fr.ac6.mcu.externaltools.arm-none.win32_1.13.3.201707031232/tools/compiler/bin/../lib/gcc/arm-none-eabi/5.4.1/../../../../arm-none-eabi/lib/armv7e-m/fpu\libc.a(lib_a-init.o)
 .ARM.attributes
                0x0000081b       0x34 d:/ac6/systemworkbench/plugins/fr.ac6.mcu.externaltools.arm-none.win32_1.13.3.201707031232/tools/compiler/bin/../lib/gcc/arm-none-eabi/5.4.1/../../../../arm-none-eabi/lib/armv7e-m/fpu\libc.a(lib_a-memcmp.o)
 .ARM.attributes
                0x0000084f       0x20 d:/ac6/systemworkbench/plugins/fr.ac6.mcu.externaltools.arm-none.win32_1.13.3.201707031232/tools/compiler/bin/../lib/gcc/arm-none-eabi/5.4.1/../../../../arm-none-eabi/lib/armv7e-m/fpu\libc.a(lib_a-memcpy.o)
 .ARM.attributes
                0x0000086f       0x34 d:/ac6/systemworkbench/plugins/fr.ac6.mcu.externaltools.arm-none.win32_1.13.3.201707031232/tools/compiler/bin/../lib/gcc/arm-none-eabi/5.4.1/../../../../arm-none-eabi/lib/armv7e-m/fpu\libc.a(lib_a-memset.o)
 .ARM.attributes
                0x000008a3       0x34 d:/ac6/systemworkbench/plugins/fr.ac6.mcu.externaltools.arm-none.win32_1.13.3.201707031232/tools/compiler/bin/../lib/gcc/arm-none-eabi/5.4.1/../../../../arm-none-eabi/lib/armv7e-m/fpu\libc.a(lib_a-sprintf.o)
 .ARM.attributes
                0x000008d7       0x34 d:/ac6/systemworkbench/plugins/fr.ac6.mcu.externaltools.arm-none.win32_1.13.3.201707031232/tools/compiler/bin/../lib/gcc/arm-none-eabi/5.4.1/../../../../arm-none-eabi/lib/armv7e-m/fpu\libc.a(lib_a-strchr.o)
 .ARM.attributes
                0x0000090b       0x34 d:/ac6/systemworkbench/plugins/fr.ac6.mcu.externaltools.arm-none.win32_1.13.3.201707031232/tools/compiler/bin/../lib/gcc/arm-none-eabi/5.4.1/../../../../arm-none-eabi/lib/armv7e-m/fpu\libc.a(lib_a-strcpy.o)
 .ARM.attributes
                0x0000093f       0x20 d:/ac6/systemworkbench/plugins/fr.ac6.mcu.externaltools.arm-none.win32_1.13.3.201707031232/tools/compiler/bin/../lib/gcc/arm-none-eabi/5.4.1/../../../../arm-none-eabi/lib/armv7e-m/fpu\libc.a(lib_a-strlen.o)
 .ARM.attributes
                0x0000095f       0x34 d:/ac6/systemworkbench/plugins/fr.ac6.mcu.externaltools.arm-none.win32_1.13.3.201707031232/tools/compiler/bin/../lib/gcc/arm-none-eabi/5.4.1/../../../../arm-none-eabi/lib/armv7e-m/fpu\libc.a(lib_a-strstr.o)
 .ARM.attributes
                0x00000993       0x34 d:/ac6/systemworkbench/plugins/fr.ac6.mcu.externaltools.arm-none.win32_1.13.3.201707031232/tools/compiler/bin/../lib/gcc/arm-none-eabi/5.4.1/../../../../arm-none-eabi/lib/armv7e-m/fpu\libc.a(lib_a-strtod.o)
 .ARM.attributes
                0x000009c7       0x34 d:/ac6/systemworkbench/plugins/fr.ac6.mcu.externaltools.arm-none.win32_1.13.3.201707031232/tools/compiler/bin/../lib/gcc/arm-none-eabi/5.4.1/../../../../arm-none-eabi/lib/armv7e-m/fpu\libc.a(lib_a-svfprintf.o)
 .ARM.attributes
                0x000009fb       0x34 d:/ac6/systemworkbench/plugins/fr.ac6.mcu.externaltools.arm-none.win32_1.13.3.201707031232/tools/compiler/bin/../lib/gcc/arm-none-eabi/5.4.1/../../../../arm-none-eabi/lib/armv7e-m/fpu\libc.a(lib_a-vsnprintf.o)
 .ARM.attributes
                0x00000a2f       0x34 d:/ac6/systemworkbench/plugins/fr.ac6.mcu.externaltools.arm-none.win32_1.13.3.201707031232/tools/compiler/bin/../lib/gcc/arm-none-eabi/5.4.1/../../../../arm-none-eabi/lib/armv7e-m/fpu\libc.a(lib_a-__call_atexit.o)
 .ARM.attributes
                0x00000a63       0x34 d:/ac6/systemworkbench/plugins/fr.ac6.mcu.externaltools.arm-none.win32_1.13.3.201707031232/tools/compiler/bin/../lib/gcc/arm-none-eabi/5.4.1/../../../../arm-none-eabi/lib/armv7e-m/fpu\libc.a(lib_a-atexit.o)
 .ARM.attributes
                0x00000a97       0x34 d:/ac6/systemworkbench/plugins/fr.ac6.mcu.externaltools.arm-none.win32_1.13.3.201707031232/tools/compiler/bin/../lib/gcc/arm-none-eabi/5.4.1/../../../../arm-none-eabi/lib/armv7e-m/fpu\libc.a(lib_a-dtoa.o)
 .ARM.attributes
                0x00000acb       0x34 d:/ac6/systemworkbench/plugins/fr.ac6.mcu.externaltools.arm-none.win32_1.13.3.201707031232/tools/compiler/bin/../lib/gcc/arm-none-eabi/5.4.1/../../../../arm-none-eabi/lib/armv7e-m/fpu\libc.a(lib_a-fini.o)
 .ARM.attributes
                0x00000aff       0x34 d:/ac6/systemworkbench/plugins/fr.ac6.mcu.externaltools.arm-none.win32_1.13.3.201707031232/tools/compiler/bin/../lib/gcc/arm-none-eabi/5.4.1/../../../../arm-none-eabi/lib/armv7e-m/fpu\libc.a(lib_a-gdtoa-gethex.o)
 .ARM.attributes
                0x00000b33       0x34 d:/ac6/systemworkbench/plugins/fr.ac6.mcu.externaltools.arm-none.win32_1.13.3.201707031232/tools/compiler/bin/../lib/gcc/arm-none-eabi/5.4.1/../../../../arm-none-eabi/lib/armv7e-m/fpu\libc.a(lib_a-gdtoa-hexnan.o)
 .ARM.attributes
                0x00000b67       0x34 d:/ac6/systemworkbench/plugins/fr.ac6.mcu.externaltools.arm-none.win32_1.13.3.201707031232/tools/compiler/bin/../lib/gcc/arm-none-eabi/5.4.1/../../../../arm-none-eabi/lib/armv7e-m/fpu\libc.a(lib_a-locale.o)
 .ARM.attributes
                0x00000b9b       0x34 d:/ac6/systemworkbench/plugins/fr.ac6.mcu.externaltools.arm-none.win32_1.13.3.201707031232/tools/compiler/bin/../lib/gcc/arm-none-eabi/5.4.1/../../../../arm-none-eabi/lib/armv7e-m/fpu\libc.a(lib_a-localeconv.o)
 .ARM.attributes
                0x00000bcf       0x34 d:/ac6/systemworkbench/plugins/fr.ac6.mcu.externaltools.arm-none.win32_1.13.3.201707031232/tools/compiler/bin/../lib/gcc/arm-none-eabi/5.4.1/../../../../arm-none-eabi/lib/armv7e-m/fpu\libc.a(lib_a-mallocr.o)
 .ARM.attributes
                0x00000c03       0x34 d:/ac6/systemworkbench/plugins/fr.ac6.mcu.externaltools.arm-none.win32_1.13.3.201707031232/tools/compiler/bin/../lib/gcc/arm-none-eabi/5.4.1/../../../../arm-none-eabi/lib/armv7e-m/fpu\libc.a(lib_a-mbtowc_r.o)
 .ARM.attributes
                0x00000c37       0x20 d:/ac6/systemworkbench/plugins/fr.ac6.mcu.externaltools.arm-none.win32_1.13.3.201707031232/tools/compiler/bin/../lib/gcc/arm-none-eabi/5.4.1/../../../../arm-none-eabi/lib/armv7e-m/fpu\libc.a(lib_a-memchr.o)
 .ARM.attributes
                0x00000c57       0x34 d:/ac6/systemworkbench/plugins/fr.ac6.mcu.externaltools.arm-none.win32_1.13.3.201707031232/tools/compiler/bin/../lib/gcc/arm-none-eabi/5.4.1/../../../../arm-none-eabi/lib/armv7e-m/fpu\libc.a(lib_a-mlock.o)
 .ARM.attributes
                0x00000c8b       0x34 d:/ac6/systemworkbench/plugins/fr.ac6.mcu.externaltools.arm-none.win32_1.13.3.201707031232/tools/compiler/bin/../lib/gcc/arm-none-eabi/5.4.1/../../../../arm-none-eabi/lib/armv7e-m/fpu\libc.a(lib_a-mprec.o)
 .ARM.attributes
                0x00000cbf       0x34 d:/ac6/systemworkbench/plugins/fr.ac6.mcu.externaltools.arm-none.win32_1.13.3.201707031232/tools/compiler/bin/../lib/gcc/arm-none-eabi/5.4.1/../../../../arm-none-eabi/lib/armv7e-m/fpu\libc.a(lib_a-sbrkr.o)
 .ARM.attributes
                0x00000cf3       0x34 d:/ac6/systemworkbench/plugins/fr.ac6.mcu.externaltools.arm-none.win32_1.13.3.201707031232/tools/compiler/bin/../lib/gcc/arm-none-eabi/5.4.1/../../../../arm-none-eabi/lib/armv7e-m/fpu\libc.a(lib_a-strncmp.o)
 .ARM.attributes
                0x00000d27       0x34 d:/ac6/systemworkbench/plugins/fr.ac6.mcu.externaltools.arm-none.win32_1.13.3.201707031232/tools/compiler/bin/../lib/gcc/arm-none-eabi/5.4.1/../../../../arm-none-eabi/lib/armv7e-m/fpu\libc.a(lib_a-svfiprintf.o)
 .ARM.attributes
                0x00000d5b       0x34 d:/ac6/systemworkbench/plugins/fr.ac6.mcu.externaltools.arm-none.win32_1.13.3.201707031232/tools/compiler/bin/../lib/gcc/arm-none-eabi/5.4.1/../../../../arm-none-eabi/lib/armv7e-m/fpu\libc.a(lib_a-wctomb_r.o)
 .ARM.attributes
                0x00000d8f       0x34 d:/ac6/systemworkbench/plugins/fr.ac6.mcu.externaltools.arm-none.win32_1.13.3.201707031232/tools/compiler/bin/../lib/gcc/arm-none-eabi/5.4.1/../../../../arm-none-eabi/lib/armv7e-m/fpu\libc.a(lib_a-__atexit.o)
 .ARM.attributes
                0x00000dc3       0x34 d:/ac6/systemworkbench/plugins/fr.ac6.mcu.externaltools.arm-none.win32_1.13.3.201707031232/tools/compiler/bin/../lib/gcc/arm-none-eabi/5.4.1/../../../../arm-none-eabi/lib/armv7e-m/fpu\libc.a(lib_a-callocr.o)
 .ARM.attributes
                0x00000df7       0x34 d:/ac6/systemworkbench/plugins/fr.ac6.mcu.externaltools.arm-none.win32_1.13.3.201707031232/tools/compiler/bin/../lib/gcc/arm-none-eabi/5.4.1/../../../../arm-none-eabi/lib/armv7e-m/fpu\libc.a(lib_a-ctype_.o)
 .ARM.attributes
                0x00000e2b       0x34 d:/ac6/systemworkbench/plugins/fr.ac6.mcu.externaltools.arm-none.win32_1.13.3.201707031232/tools/compiler/bin/../lib/gcc/arm-none-eabi/5.4.1/../../../../arm-none-eabi/lib/armv7e-m/fpu\libc.a(lib_a-freer.o)
 .ARM.attributes
                0x00000e5f       0x34 d:/ac6/systemworkbench/plugins/fr.ac6.mcu.externaltools.arm-none.win32_1.13.3.201707031232/tools/compiler/bin/../lib/gcc/arm-none-eabi/5.4.1/../../../../arm-none-eabi/lib/armv7e-m/fpu\libc.a(lib_a-memmove.o)
 .ARM.attributes
                0x00000e93       0x34 d:/ac6/systemworkbench/plugins/fr.ac6.mcu.externaltools.arm-none.win32_1.13.3.201707031232/tools/compiler/bin/../lib/gcc/arm-none-eabi/5.4.1/../../../../arm-none-eabi/lib/armv7e-m/fpu\libc.a(lib_a-reallocr.o)
 .ARM.attributes
                0x00000ec7       0x34 d:/ac6/systemworkbench/plugins/fr.ac6.mcu.externaltools.arm-none.win32_1.13.3.201707031232/tools/compiler/bin/../lib/gcc/arm-none-eabi/5.4.1/../../../../arm-none-eabi/lib/armv7e-m/fpu\libc.a(lib_a-reent.o)
 .ARM.attributes
                0x00000efb       0x22 d:/ac6/systemworkbench/plugins/fr.ac6.mcu.externaltools.arm-none.win32_1.13.3.201707031232/tools/compiler/bin/../lib/gcc/arm-none-eabi/5.4.1/armv7e-m/fpu\libgcc.a(_arm_cmpdf2.o)
 .ARM.attributes
                0x00000f1d       0x22 d:/ac6/systemworkbench/plugins/fr.ac6.mcu.externaltools.arm-none.win32_1.13.3.201707031232/tools/compiler/bin/../lib/gcc/arm-none-eabi/5.4.1/armv7e-m/fpu\libgcc.a(_arm_unorddf2.o)
 .ARM.attributes
                0x00000f3f       0x34 d:/ac6/systemworkbench/plugins/fr.ac6.mcu.externaltools.arm-none.win32_1.13.3.201707031232/tools/compiler/bin/../lib/gcc/arm-none-eabi/5.4.1/../../../../arm-none-eabi/lib/armv7e-m/fpu\libnosys.a(sbrk.o)
 .ARM.attributes
                0x00000f73       0x22 d:/ac6/systemworkbench/plugins/fr.ac6.mcu.externaltools.arm-none.win32_1.13.3.201707031232/tools/compiler/bin/../lib/gcc/arm-none-eabi/5.4.1/armv7e-m/fpu/crtn.o
OUTPUT(AcSipLoRaWan.elf elf32-littlearm)

.debug_info     0x00000000    0x2033e
 .debug_info    0x00000000      0xf9b Application\AppBuzzer\src\app_buzzer_task.o
 .debug_info    0x00000f9b     0x1f13 Application\AppFuel\src\app_fuel_task.o
 .debug_info    0x00002eae      0x989 Application\AppRFID\src\app_rfid_task.o
 .debug_info    0x00003837      0x32e Application\AppTimeBase\src\app_tmbase_task.o
 .debug_info    0x00003b65     0x1ec1 Application\AppUMRR\src\app_umrr_task.o
 .debug_info    0x00005a26     0x108c Application\BSP\src\transcode_bsp.o
 .debug_info    0x00006ab2      0x437 Application\Main\Src\debug_print.o
 .debug_info    0x00006ee9     0x1750 Application\Main\Src\main.o